12-10 17:10:08.397  1778  1778 I SurfaceFlinger: destroyed com.sabaphru.Saunje/com.sabaphru.Saunje.MainActivity$_8823#9462 form LifecycleManager
12-10 17:10:08.397  1778  1778 I SurfaceFlinger: destroyed d7053ba com.sabaphru.Saunje/com.sabaphru.Saunje.MainActivity#9461 form LifecycleManager
12-10 17:10:08.397  1778  1778 I SurfaceFlinger: [LayerHierarchy{RequestedLayerState{Task=1#53 parentId=10} 2 children}] reparent to LayerHierarchy{RequestedLayerState{DefaultTaskDisplayArea_d0#10 parentId=9} 14 children}
12-10 17:10:08.397  1778  1778 I SurfaceFlinger: [LayerHierarchy{RequestedLayerState{WallpaperWindowToken{fdfca4 showWhenLocked=false}#76 parentId=8} 1 children}] reparent to LayerHierarchy{RequestedLayerState{Leaf:1:1#8 parentId=7} 1 children}
12-10 17:10:08.397  1778  1778 I SurfaceFlinger: [LayerHierarchy{RequestedLayerState{Transition Root: Task=1#9467} no children}] reparent to OffscreenRoot
12-10 17:10:08.397  1778  1778 I SurfaceFlinger: [LayerHierarchy{RequestedLayerState{Transition Root: Task=1#9467} no children}] RelativeParent to null
12-10 17:10:08.397  1778  1778 I SurfaceFlinger: [LayerHierarchy{RequestedLayerState{Task=5514#9450 parentId=10 z=10} 1 children}] reparent to LayerHierarchy{RequestedLayerState{DefaultTaskDisplayArea_d0#10 parentId=9} 14 children}
12-10 17:10:08.397  1778  1778 I SurfaceFlinger: [Task=5514#9468] attach to parent Root
12-10 17:10:08.397  1778  1778 I SurfaceFlinger: [LayerHierarchy{RequestedLayerState{Transition Root: Task=5514#9454 z=10} 2 children}] reparent to OffscreenRoot
12-10 17:10:08.397  1778  1778 I SurfaceFlinger: [LayerHierarchy{RequestedLayerState{Transition Root: Task=5514#9454 z=10} 2 children}] RelativeParent to null
12-10 17:10:08.397  1778  1778 I SurfaceFlinger: id=9453 onLayerDestroyed from LayerHierarchyBuilder(RequestedLayerState{Splash Screen com.sabaphru.Saunje$_3970#9453 !handle})
12-10 17:10:08.397  1778  1778 I SurfaceFlinger: id=9462 onLayerDestroyed from LayerHierarchyBuilder(RequestedLayerState{com.sabaphru.Saunje/com.sabaphru.Saunje.MainActivity$_8823#9462 !handle})
12-10 17:10:08.397  1778  1778 I SurfaceFlinger: id=9461 onLayerDestroyed from LayerHierarchyBuilder(RequestedLayerState{d7053ba com.sabaphru.Saunje/com.sabaphru.Saunje.MainActivity#9461 !handle})
12-10 17:10:08.397  3970  3970 D SystemUIService: SYSUI_RAM_OPTIMIZATION onTrimMemory=20
12-10 17:10:08.397  3970  3970 D CentralSurfaces: SYSUI_RAM_OPTIMIZATION onTrimMemory=20
12-10 17:10:08.397  3970  4201 D HWUI    : CacheManager::trimMemory(20)
12-10 17:10:08.398  1778  1778 I Layer   : id=9453 Destroyed Splash Screen com.sabaphru.Saunje$_3970#9453
12-10 17:10:08.398  1778  1778 I Layer   : id=9462 Destroyed com.sabaphru.Saunje/com.sabaphru.Saunje.MainActivity$_8823#9462
12-10 17:10:08.398  1778  1778 I Layer   : id=9461 Destroyed d7053ba com.sabaphru.Saunje/com.sabaphru.Saunje.MainActivity#9461
12-10 17:10:08.399  1778  1778 I SurfaceFlinger: id=9467 Removed Transition Root: Task=1#9467 (158)
12-10 17:10:08.399  1778  1778 I SurfaceFlinger: id=9454 Removed Transition Root: Task=5514#9454 (158)
12-10 17:10:08.399  1778  1778 I SurfaceFlinger: id=9452 Removed f06f62c Splash Screen com.sabaphru.Saunje#9452 (158)
12-10 17:10:08.399  2617  2961 I DisplayDeviceRepository: Display device changed render timings: "Built-in Screen", renderFrameRate=60.000004, presentationDeadlineNanos=17666666, appVsyncOffsetNanos=16666666, frameRateOverrides=[]
12-10 17:10:08.400  2617  2962 D SurfaceComposerClient: setCornerRadius ## a5dbeb9 com.sec.android.app.launcher/com.sec.android.app.launcher.activities.LauncherActivity#144 cornerRadius=0.000000
12-10 17:10:08.401  3970  4129 D StackScroller: onDisplayChanged for predraw skip to 2
12-10 17:10:08.401  2617  4704 D WifiDisplayAdapter: isFitToActiveDisplayLocked : false
12-10 17:10:08.402  4564  8917 I HoneySpace.Memory-Monitor: current state = 2, didTrim = false
12-10 17:10:08.401  3970  3970 D DisplayLifecycle: updateDisplay id = 0
12-10 17:10:08.403  1778  4438 I SurfaceFlinger: id=9456 Removed Surface(name=Task=1)/@0x7252224_transition-leash#9456 (158)
12-10 17:10:08.403  1778  4438 I SurfaceFlinger: id=9455 Removed Surface(name=Task=5514)/@0xeba7db6_transition-leash#9455 (158)
12-10 17:10:08.411  2617 16939 I AdrenoVK-0: QUALCOMM build          : c81b28e1a5, I5a61fcf667
12-10 17:10:08.411  2617 16939 I AdrenoVK-0: Build Date              : 06/20/25
12-10 17:10:08.411  2617 16939 I AdrenoVK-0: Shader Compiler Version : E031.45.02.26
12-10 17:10:08.411  2617 16939 I AdrenoVK-0: Local Branch            : 
12-10 17:10:08.411  2617 16939 I AdrenoVK-0: Remote Branch           : refs/tags/AU_LINUX_ANDROID_LA.VENDOR.14.3.0.11.00.00.973.948
12-10 17:10:08.411  2617 16939 I AdrenoVK-0: Remote Branch           : NONE
12-10 17:10:08.411  2617 16939 I AdrenoVK-0: Reconstruct Branch      : NOTHING
12-10 17:10:08.411  2617 16939 I AdrenoVK-0: Build Config            : S P 16.1.2 AArch64
12-10 17:10:08.411  2617 16939 I AdrenoVK-0: Driver Path             : /vendor/lib64/hw/vulkan.adreno.so
12-10 17:10:08.411  2617 16939 I AdrenoVK-0: Driver Version          : 0762.39
12-10 17:10:08.411  2617 16939 I AdrenoVK-0: PFP                     : 0x01520181
12-10 17:10:08.411  2617 16939 I AdrenoVK-0: ME                      : 0x01520023
12-10 17:10:08.411  2617 16939 I AdrenoVK-0: Application Name    : android framework
12-10 17:10:08.411  2617 16939 I AdrenoVK-0: Application Version : 0x00000000
12-10 17:10:08.411  2617 16939 I AdrenoVK-0: Engine Name         : android framework
12-10 17:10:08.411  2617 16939 I AdrenoVK-0: Engine Version      : 0x00000000
12-10 17:10:08.411  2617 16939 I AdrenoVK-0: Api Version         : 0x00401000
12-10 17:10:08.413  1778  1778 I SurfaceFlinger: destroyed Transition Root: Task=1#9467 form LifecycleManager
12-10 17:10:08.413  1778  1778 I SurfaceFlinger: destroyed f06f62c Splash Screen com.sabaphru.Saunje#9452 form LifecycleManager
12-10 17:10:08.413  1778  1778 I SurfaceFlinger: destroyed Transition Root: Task=5514#9454 form LifecycleManager
12-10 17:10:08.413  1778  1778 I SurfaceFlinger: destroyed Surface(name=Task=5514)/@0xeba7db6_transition-leash#9455 form LifecycleManager
12-10 17:10:08.413  1778  1778 I SurfaceFlinger: destroyed Surface(name=Task=1)/@0x7252224_transition-leash#9456 form LifecycleManager
12-10 17:10:08.413  1778  1778 I SurfaceFlinger: [LayerHierarchy{RequestedLayerState{RemoteWallpaperAnim:1:1#7 parentId=4 z=1} 1 children}] reparent to LayerHierarchy{RequestedLayerState{OneHanded:0:14#4 parentId=3} 4 children}
12-10 17:10:08.413  1778  1778 I SurfaceFlinger: [LayerHierarchy{RequestedLayerState{Task=5514#9450 z=10} 1 children}] reparent to OffscreenRoot
12-10 17:10:08.413  1778  1778 I SurfaceFlinger: [LayerHierarchy{RequestedLayerState{Task=5514#9450 z=10} 1 children}] RelativeParent to null
12-10 17:10:08.413  1778  1778 I SurfaceFlinger: [LayerHierarchy{RequestedLayerState{ActivityRecord{250135307 u0 com.sabaphru.Saunje/.MainActivity t5514}#9451} 1 children}] reparent to OffscreenRoot
12-10 17:10:08.413  1778  1778 I SurfaceFlinger: [LayerHierarchy{RequestedLayerState{ActivityRecord{250135307 u0 com.sabaphru.Saunje/.MainActivity t5514}#9451} 1 children}] RelativeParent to null
12-10 17:10:08.413  1778  1778 I SurfaceFlinger: [LayerHierarchy{RequestedLayerState{Surface(name=RemoteWallpaperAnim:1:1)/@0x4c6092f - animation-leash of remote_wallpaper#9458 z=1} no children}] reparent to OffscreenRoot
12-10 17:10:08.413  1778  1778 I SurfaceFlinger: [LayerHierarchy{RequestedLayerState{Surface(name=RemoteWallpaperAnim:1:1)/@0x4c6092f - animation-leash of remote_wallpaper#9458 z=1} no children}] RelativeParent to null
12-10 17:10:08.413  1778  1778 I SurfaceFlinger: [LayerHierarchy{RequestedLayerState{Task=5514#9468 z=10} no children}] reparent to OffscreenRoot
12-10 17:10:08.413  1778  1778 I SurfaceFlinger: [LayerHierarchy{RequestedLayerState{Task=5514#9468 z=10} no children}] RelativeParent to null
12-10 17:10:08.413  1778  1778 I SurfaceFlinger: id=9467 onLayerDestroyed from LayerHierarchyBuilder(RequestedLayerState{Transition Root: Task=1#9467 !handle})
12-10 17:10:08.413  1778  1778 I SurfaceFlinger: id=9452 onLayerDestroyed from LayerHierarchyBuilder(RequestedLayerState{f06f62c Splash Screen com.sabaphru.Saunje#9452 !handle z=2147483647})
12-10 17:10:08.413  1778  1778 I SurfaceFlinger: id=9454 onLayerDestroyed from LayerHierarchyBuilder(RequestedLayerState{Transition Root: Task=5514#9454 !handle z=10})
12-10 17:10:08.413  1778  1778 I SurfaceFlinger: id=9455 onLayerDestroyed from LayerHierarchyBuilder(RequestedLayerState{Surface(name=Task=5514)/@0xeba7db6_transition-leash#9455 !handle z=4})
12-10 17:10:08.413  1778  1778 I SurfaceFlinger: id=9456 onLayerDestroyed from LayerHierarchyBuilder(RequestedLayerState{Surface(name=Task=1)/@0x7252224_transition-leash#9456 !handle z=1})
12-10 17:10:08.414  1778  1778 I Layer   : id=9467 Destroyed Transition Root: Task=1#9467
12-10 17:10:08.414  1778  1778 I Layer   : id=9452 Destroyed f06f62c Splash Screen com.sabaphru.Saunje#9452
12-10 17:10:08.414  1778  1778 I Layer   : id=9454 Destroyed Transition Root: Task=5514#9454
12-10 17:10:08.414  1778  1778 I Layer   : id=9455 Destroyed Surface(name=Task=5514)/@0xeba7db6_transition-leash#9455
12-10 17:10:08.414  1778  1778 I Layer   : id=9456 Destroyed Surface(name=Task=1)/@0x7252224_transition-leash#9456
12-10 17:10:08.414  1778  1778 I SurfaceFlinger: id=9468 Removed Task=5514#9468 (153)
12-10 17:10:08.414  1778  1778 I SurfaceFlinger: id=9451 Removed ActivityRecord{250135307 u0 com.sabaphru.Saunje/.MainActivity t5514}#9451 (153)
12-10 17:10:08.414  1778  1778 I SurfaceFlinger: id=9458 Removed Surface(name=RemoteWallpaperAnim:1:1)/@0x4c6092f - animation-leash of remote_wallpaper#9458 (153)
12-10 17:10:08.421  2617 16939 W qdgralloc: getInterlacedFlag: getMetaData returned 3, defaulting to interlaced_flag = 0
12-10 17:10:08.430  1778  1778 I SurfaceFlinger: destroyed ActivityRecord{250135307 u0 com.sabaphru.Saunje/.MainActivity t5514}#9451 form LifecycleManager
12-10 17:10:08.430  1778  1778 I SurfaceFlinger: destroyed 5a85485 ActivityRecordInputSink com.sabaphru.Saunje/.MainActivity#9457 form LifecycleManager
12-10 17:10:08.430  1778  1778 I SurfaceFlinger: destroyed Task=5514#9468 form LifecycleManager
12-10 17:10:08.430  1778  1778 I SurfaceFlinger: destroyed Surface(name=RemoteWallpaperAnim:1:1)/@0x4c6092f - animation-leash of remote_wallpaper#9458 form LifecycleManager
12-10 17:10:08.430  1778  1778 I SurfaceFlinger: id=9451 onLayerDestroyed from LayerHierarchyBuilder(RequestedLayerState{ActivityRecord{250135307 u0 com.sabaphru.Saunje/.MainActivity t5514}#9451 !handle})
12-10 17:10:08.430  1778  1778 I SurfaceFlinger: id=9457 onLayerDestroyed from LayerHierarchyBuilder(RequestedLayerState{5a85485 ActivityRecordInputSink com.sabaphru.Saunje/.MainActivity#9457 !handle z=-2147483648})
12-10 17:10:08.430  1778  1778 I SurfaceFlinger: id=9468 onLayerDestroyed from LayerHierarchyBuilder(RequestedLayerState{Task=5514#9468 !handle z=10})
12-10 17:10:08.430  1778  1778 I SurfaceFlinger: id=9458 onLayerDestroyed from LayerHierarchyBuilder(RequestedLayerState{Surface(name=RemoteWallpaperAnim:1:1)/@0x4c6092f - animation-leash of remote_wallpaper#9458 !handle z=1})
12-10 17:10:08.430  1778  1778 I Layer   : id=9451 Destroyed ActivityRecord{250135307 u0 com.sabaphru.Saunje/.MainActivity t5514}#9451
12-10 17:10:08.430  1778  1778 I Layer   : id=9457 Destroyed 5a85485 ActivityRecordInputSink com.sabaphru.Saunje/.MainActivity#9457
12-10 17:10:08.430  1778  1778 I Layer   : id=9468 Destroyed Task=5514#9468
12-10 17:10:08.430  1778  1778 I Layer   : id=9458 Destroyed Surface(name=RemoteWallpaperAnim:1:1)/@0x4c6092f - animation-leash of remote_wallpaper#9458
12-10 17:10:08.454  1672  8829 I HYPER-HAL: [RequestManager.cpp]releaseLocked(): Released ID : 10426463
12-10 17:10:08.475  2617  2961 W ActivityTaskManager: Activity top resumed state loss timeout for ActivityRecord{250135307 u0 com.sabaphru.Saunje/.MainActivity t-1 f}}
12-10 17:10:08.475  2617  2961 D ActivityTaskManager: scheduleTopResumedActivityChanged, onTop=true, r=ActivityRecord{111613257 u0 com.sec.android.app.launcher/.activities.LauncherActivity t5386}, caller=com.android.server.wm.ActivityTaskSupervisor.scheduleTopResumedActivityStateIfNeeded:18 com.android.server.wm.ActivityTaskSupervisor.handleTopResumedStateReleased:44 com.android.server.wm.ActivityTaskSupervisor$ActivityTaskSupervisorHandler.handleMessageInner:42 com.android.server.wm.ActivityTaskSupervisor$ActivityTaskSupervisorHandler.handleMessage:11 android.os.Handler.dispatchMessage:110 android.os.Looper.loopOnce:273 
12-10 17:10:08.713  1767  1784 E HeatmapThread: ECT Thread time in milliseconds: 1765372208
12-10 17:10:08.717  1767  1784 D HeatmapThread: !@ batteryplugType : 2
12-10 17:10:08.717  1767  1784 D HeatmapThread: !@ batteryLevel : 73  batteryTemperature : 256 
12-10 17:10:08.717  1767  1784 D HeatmapThread: !@ Heatmap currtime: 29422870
12-10 17:10:08.717  1767  1784 D HeatmapThread: !@ Heatmap prevtime: 29422859
12-10 17:10:08.717  1767  1784 D HeatmapThread: !@ Heatmap plugstarttime: 29422851
12-10 17:10:08.717  1767  1784 D HeatmapThread: !@ Heatmap prevv_dsoh_update_time: 29422433
12-10 17:10:08.717  1767  1784 E HeatmapThread: !@ CAM New BSOH: 100
12-10 17:10:08.764  1672  8838 I HYPER-HAL: [RequestManager.cpp]releaseLocked(): Released ID : 3475585
12-10 17:10:08.811  1672  8915 I HYPER-HAL: [RequestManager.cpp]releaseLocked(): Released ID : 3496717
12-10 17:10:09.027  6829  7199 I M0      : limitCPUFreq:: freq = -1
12-10 17:10:09.028  6829  7199 I SemDvfsHyPerManager: acquire hyper - TABaseBoost/6829@29, type = -999
12-10 17:10:09.029  1672  1706 I HYPER-HAL: [RequestManager.cpp]acquire(): Acquired ID : 23519540  [6829 / 29]    HINT :      list : [TABoost / 1] 
12-10 17:10:09.198  1672  8820 I HYPER-HAL: [RequestManager.cpp]releaseLocked(): Released ID : 23526400
12-10 17:10:09.201  1672  8822 I HYPER-HAL: [RequestManager.cpp]releaseLocked(): Released ID : 23533261
12-10 17:10:09.258  1672  8834 I HYPER-HAL: [RequestManager.cpp]releaseLocked(): Released ID : 23471548
12-10 17:10:09.509  6829  7014 I M0      : limitCPUFreq:: freq = 2745600
12-10 17:10:09.509  6829  7014 I SemDvfsHyPerManager: acquire hyper - SIOP_ARM_MAX/6829@3, type = 301993986
12-10 17:10:09.510  1672  8916 I HYPER-HAL: [RequestManager.cpp]releaseLocked(): Released ID : 23478401
12-10 17:10:09.510  1672  1706 I HYPER-HAL: [RequestManager.cpp]acquire(): Acquired ID : 23341531  [6829 / 3]    HINT :      list : [CPUMaxFreq / 2745600] 
12-10 17:10:09.677  1672  8815 I HYPER-HAL: [RequestManager.cpp]releaseLocked(): Released ID : 3861031
12-10 17:10:09.713  1767  1784 E HeatmapThread: ECT Thread time in milliseconds: 1765372209
12-10 17:10:09.716  1767  1784 D HeatmapThread: !@ batteryplugType : 2
12-10 17:10:09.716  1767  1784 D HeatmapThread: !@ batteryLevel : 73  batteryTemperature : 256 
12-10 17:10:09.716  1767  1784 D HeatmapThread: !@ Heatmap currtime: 29422870
12-10 17:10:09.717  1767  1784 D HeatmapThread: !@ Heatmap prevtime: 29422859
12-10 17:10:09.717  1767  1784 D HeatmapThread: !@ Heatmap plugstarttime: 29422851
12-10 17:10:09.717  1767  1784 D HeatmapThread: !@ Heatmap prevv_dsoh_update_time: 29422433
12-10 17:10:09.717  1767  1784 E HeatmapThread: !@ CAM New BSOH: 100
12-10 17:10:09.765  1709  1747 E ANDR-PERF-UTIL: ANDR-PERF-UTIL: change_node_val() 319: Failed to update node /proc/sys/walt/sched_per_task_boost with value 8823 0
12-10 17:10:09.765  1709  1747 E ANDR-PERF-OPTSHANDLER: ANDR-PERF-OPTSHANDLER: sched_reset_task_boost() 3579: can't reset task 8823
12-10 17:10:09.765  1709  1747 E ANDR-PERF-RESOURCEQS: ANDR-PERF-RESOURCEQS: RemoveAndApply() 380: Failed to reset optimization [3, 32]
12-10 17:10:09.871  3950  4562 D SatelliteController: isInCarrierRoamingNbIotNtn: satellite is disabled
12-10 17:10:10.035  1672  1706 I HYPER-HAL: [RequestManager.cpp]acquire(): Acquired ID : 14705500  [1675 / 3747]    HINT :      list : [TID_LOW_LATENCY / 0] [TID / 4195] [TID / 4196] [TID / 4104] [TID / 4201] 
12-10 17:10:10.035  1672  1706 I HYPER-HAL: [RequestManager.cpp]acquire(): Acquired ID : 14710924  [1675 / 3748]    HINT :      list : [UCLAMP_MIN_BOOST / 0] [TID / 4195] [TID / 4196] [TID / 4104] [TID / 4201] 
12-10 17:10:10.035  1672  1706 I HYPER-HAL: [RequestManager.cpp]releaseLocked(): Released ID : 14705500
12-10 17:10:10.036  1672  1706 I HYPER-HAL: [RequestManager.cpp]releaseLocked(): Released ID : 14710924
12-10 17:10:10.236  1204  1204 D io_stats: !@   8,0 r 2169697 59116860 w 1119504 17476816 d 363649 150653808 f 34376 91527 iot 594184 0 th 0 0 0 pt 0 inp 0 0 16690.983
12-10 17:10:10.690  2617  3039 D PowerManagerService: UserActivityStateListenerState: 0
12-10 17:10:10.713  1767  1784 E HeatmapThread: ECT Thread time in milliseconds: 1765372210
12-10 17:10:10.716  1767  1784 D HeatmapThread: !@ batteryplugType : 2
12-10 17:10:10.717  1767  1784 D HeatmapThread: !@ batteryLevel : 73  batteryTemperature : 256 
12-10 17:10:10.717  1767  1784 D HeatmapThread: !@ Heatmap currtime: 29422870
12-10 17:10:10.717  1767  1784 D HeatmapThread: !@ Heatmap prevtime: 29422859
12-10 17:10:10.717  1767  1784 D HeatmapThread: !@ Heatmap plugstarttime: 29422851
12-10 17:10:10.717  1767  1784 D HeatmapThread: !@ Heatmap prevv_dsoh_update_time: 29422433
12-10 17:10:10.717  1767  1784 E HeatmapThread: !@ CAM New BSOH: 100
12-10 17:10:10.749  4564  4564 I VRI[LauncherActivity]@9a4359: call setFrameRateCategory for touch hint category=no preference, reason=boost timeout, vri=VRI[LauncherActivity]@9a4359
12-10 17:10:10.756  2617  4447 I SemDvfsHyPerManager: acquire hyper - AMS_RESUME_TAIL/2617@20, type = -999
12-10 17:10:10.756  2617  4447 I SemDvfsHyPerManager: acquire hyper - AMS_ACT_LAZY/2617@21, type = -999
12-10 17:10:10.757  2617  4447 D ActivityManagerPerformance: AMP_acquire() TAIL
12-10 17:10:10.757  2617  4447 D ActivityManagerPerformance: AMP_release() APP_SWITCH
12-10 17:10:10.757  1672  1706 I HYPER-HAL: [RequestManager.cpp]acquire(): Acquired ID : 3478223  [2617 / 20]    HINT : AMS_RESUME_TAIL    list : 
12-10 17:10:10.757  2617  5044 D FreecessController: BG freezed, skip OLAF unfreeze for (com.samsung.android.aremoji, 10044)
12-10 17:10:10.760  1672  1706 I HYPER-HAL: [RequestManager.cpp]acquire(): Acquired ID : 3480862  [2617 / 21]    HINT : AMS_ACT_LAZY    list : 
12-10 17:10:10.762  1778  1778 I SurfaceFlinger: [com.sec.android.app.launcher/com.sec.android.app.launcher.activities.LauncherActivity$_4564#9394] setFrameRateCategory: NoPreference
12-10 17:10:10.765  1672  1706 I HYPER-HAL: [RequestManager.cpp]releaseLocked(): Released ID : 3488785
12-10 17:10:10.783  2617  5044 D FreecessController: BG freezed, skip OLAF unfreeze for (com.sec.android.gallery3d, 10128)
12-10 17:10:10.786  2617  5044 D FreecessController: BG freezed, skip OLAF unfreeze for (com.samsung.android.rampart, 10208)
12-10 17:10:10.792  2617  5044 D FreecessController: BG freezed, skip OLAF unfreeze for (com.google.android.gm, 10277)
12-10 17:10:10.795  2617  5044 D FreecessController: BG freezed, skip OLAF unfreeze for (com.facebook.orca, 10312)
12-10 17:10:10.795  2617  5044 D FreecessController: BG freezed, skip OLAF unfreeze for (com.sec.android.app.voicenote, 10318)
12-10 17:10:10.795  2617  5044 D FreecessController: BG freezed, skip OLAF unfreeze for (com.linkedin.android, 10319)
12-10 17:10:10.796 27834 27834 I Choreographer: Skipped 179 frames!  The application may be doing too much work on its main thread.
12-10 17:10:10.796  2617  5044 D FreecessController: BG freezed, skip OLAF unfreeze for (org.telegram.messenger, 10335)
12-10 17:10:10.797  2617  5044 D FreecessController: BG freezed, skip OLAF unfreeze for (com.viber.voip, 10349)
12-10 17:10:10.798  2617  5044 D FreecessController: BG freezed, skip OLAF unfreeze for (com.sec.android.app.music, 10461)
12-10 17:10:10.798  2617  5044 D FreecessController: BG freezed, skip OLAF unfreeze for (com.google.android.apps.photos, 10484)
12-10 17:10:10.798  2617  5044 D FreecessController: BG freezed, skip OLAF unfreeze for (com.samsung.android.app.reminder, 10560)
12-10 17:10:10.798  2617  5044 D FreecessController: BG freezed, skip OLAF unfreeze for (com.brave.browser, 10601)
12-10 17:10:10.799  4564  7245 I HoneySpace.PredictionDataSourceImpl: TYPE_SUGGESTED_APPS updated: 9
12-10 17:10:10.800  4564  7246 I HoneySpace.PredictionDataSourceImpl: TYPE_RECOMMENDED_WIDGETS updated: 49
12-10 17:10:10.802  2617  5044 D FreecessController: restrictJobsByOlaf: restrict=false, uid=-1
12-10 17:10:10.802  2617  5044 I NSLocationMonitor: getGPSUsingApps() called
12-10 17:10:10.802  5030  5070 I NSLocationManager_FLP: getGPSUsingApps, No change
12-10 17:10:10.802  2617  2617 D OlafRestriction:  olaf state update: state=false
12-10 17:10:10.802  2617  2617 D OlafRestriction:  sending trigger onRestrictionStateChanged msg.
12-10 17:10:10.803  2617  5044 W Binder  : Outgoing transactions from this process must be FLAG_ONEWAY
12-10 17:10:10.803  2617  5044 W Binder  : java.lang.Throwable
12-10 17:10:10.803  2617  5044 W Binder  : 	at android.os.BinderProxy.transact(BinderProxy.java:566)
12-10 17:10:10.803  2617  5044 W Binder  : 	at android.bluetooth.IBluetoothGatt$Stub$Proxy.getAdvertisingSetUids(IBluetoothGatt.java:1678)
12-10 17:10:10.803  2617  5044 W Binder  : 	at android.bluetooth.BluetoothAdapter.getAdvertisingSetUids(BluetoothAdapter.java:8476)
12-10 17:10:10.803  2617  5044 W Binder  : 	at android.bluetooth.BluetoothAdapter.getHWUsingApps(BluetoothAdapter.java:1342)
12-10 17:10:10.803  2617  5044 W Binder  : 	at com.android.server.am.mars.filter.filter.BlueToothConnectedFilter.updateBTUsingPackages(qb/103240942 00e3ca06d21aea8d456edbaaecc12bf32b0808ed7b1ba7319c8d2e9fd5bce7a8:22)
12-10 17:10:10.803  2617  5044 W Binder  : 	at com.android.server.am.FreecessController.freeze(qb/103240942 00e3ca06d21aea8d456edbaaecc12bf32b0808ed7b1ba7319c8d2e9fd5bce7a8:117)
12-10 17:10:10.803  2617  5044 W Binder  : 	at com.android.server.am.FreecessHandler$MainHandler.handleLcdOnFreeze(qb/103240942 00e3ca06d21aea8d456edbaaecc12bf32b0808ed7b1ba7319c8d2e9fd5bce7a8:55)
12-10 17:10:10.803  2617  5044 W Binder  : 	at com.android.server.am.FreecessHandler$MainHandler.handleMessage(qb/103240942 00e3ca06d21aea8d456edbaaecc12bf32b0808ed7b1ba7319c8d2e9fd5bce7a8:793)
12-10 17:10:10.803  2617  5044 W Binder  : 	at android.os.Handler.dispatchMessage(Handler.java:110)
12-10 17:10:10.803  2617  5044 W Binder  : 	at android.os.Looper.loopOnce(Looper.java:273)
12-10 17:10:10.803  2617  5044 W Binder  : 	at android.os.Looper.loop(Looper.java:363)
12-10 17:10:10.803  2617  5044 W Binder  : 	at android.os.HandlerThread.run(HandlerThread.java:85)
12-10 17:10:10.809  2617  5044 D FreecessHandler: freeze com.ichi2.anki(10344) result : 51
12-10 17:10:10.809  2617  5044 D FreecessHandler: stop trying to freeze com.ichi2.anki
12-10 17:10:10.809  2617  5044 I NSLocationMonitor: getGPSUsingApps() called
12-10 17:10:10.809  5030  5070 I NSLocationManager_FLP: getGPSUsingApps, No change
12-10 17:10:10.812  1778  4438 I VSyncReactor: Current= 60, Period= 60, Distance= 0
12-10 17:10:10.814  2617  5044 D ActivityManager: FCA:FCA recordedFileRss = 73820, and changeinRss = 29492
12-10 17:10:10.814  2617  5044 D FreecessController: FZ : com.whatsapp(10348) [28505] reason: Bg [cached:O
12-10 17:10:10.814  2617  5044 D FreecessHandler: freeze com.whatsapp(10348) result : 0
12-10 17:10:10.815  2617  5044 I NSLocationMonitor: getGPSUsingApps() called
12-10 17:10:10.815  5030  5070 I NSLocationManager_FLP: getGPSUsingApps, No change
12-10 17:10:10.817  2617  5044 D FreecessHandler: freeze com.google.android.apps.walletnfcrel(10357) result : 51
12-10 17:10:10.817  2617  5044 D FreecessHandler: stop trying to freeze com.google.android.apps.walletnfcrel
12-10 17:10:10.817  2617  5044 I NSLocationMonitor: getGPSUsingApps() called
12-10 17:10:10.818  5030  5070 I NSLocationManager_FLP: getGPSUsingApps, No change
12-10 17:10:10.820  2617  5044 D FreecessHandler: freeze com.samsung.android.app.reminder(15010560) result : 51
12-10 17:10:10.820  2617  5044 D FreecessHandler: stop trying to freeze com.samsung.android.app.reminder
12-10 17:10:10.820  2617  5044 W LocationManagerService: onFreezeStateChanged, uid[10348]=true
12-10 17:10:10.820  2617  5044 I PowerManagerService: [PWL] SetWakeLockEnableDisable uid = 10348 , disable= true
12-10 17:10:10.820  2617  5044 I PowerManagerService: [PWL] can not change uid =  10348
12-10 17:10:10.828  1778  4438 I VSyncReactor: Current= 60, Period= 60, Distance= 60
12-10 17:10:10.947  1660  6421 I sensors-hal: handle_sns_std_sensor_event:131, [SSC_LIGHT] A: 142(142),c:2,b:102,m:13,cl:0,l:142,s:65,l0:23232,l1:160,s0:10500,s1:0,acl:3,opr:0.23,f(r):84,u(bl):100,if:0,wi:2,si:0,po:142(N:0)
12-10 17:10:11.009  2617  3889 D NetdEventListenerService: DNS Requested by 110, 10401(com.google.android.apps.docs.editors.sheets), 4(FAIL), isBlocked=true, 0ms
12-10 17:10:11.013  2617  6933 D ConnectivityService: Returning BLOCKED NetworkInfo to uid=10401
12-10 17:10:11.017  7238  7477 W HttpCallTransport: Fail read Http response and forward to Cello
12-10 17:10:11.018  7238  7382 E Cello   : [7382:NonCelloThread] drive_v2_cloud_store.cc:7046:DumpToLog Request 0xb400006f72a83170: 0 transport: drive::ds::Status::UNAVAILABLE_WHILE_OFFLINE reader: drive::ds::Status::SUCCESS url: https://play.googleapis.com/log
12-10 17:10:11.018  7238  7382 E Cello   : [7382:NonCelloThread] drive_v2_cloud_store.cc:7046:DumpToLog req.hdr 0xb400006f72a83170: Content-Type=
12-10 17:10:11.018  7238  7382 E Cello   : [7382:NonCelloThread] drive_v2_cloud_store.cc:7046:DumpToLog Response body 0xb400006f72a83170: (no response body)
12-10 17:10:11.018  7238  7401 E Cello   : [7401:MetricsTransportThread-CELLO] metrics_transport.cc:242:SendRequest Request failed: drive::ds::Status::UNAVAILABLE_WHILE_OFFLINE
12-10 17:10:11.018  7238  7401 I Cello   : [7401:MetricsTransportThread-CELLO] metrics_transport.cc:463:ProcessRequestsOnBackgroundThread Metrics failed to send, drive::ds::Status::UNAVAILABLE_WHILE_OFFLINE
12-10 17:10:11.061  1672  8931 I HYPER-HAL: [RequestManager.cpp]releaseLocked(): Released ID : 3478223
12-10 17:10:11.268  2617  6757 E TaskPersister: File error accessing recents directory (directory doesn't exist?).
12-10 17:10:11.269  2617  6757 E TaskPersister: File error accessing recents directory (directory doesn't exist?).
12-10 17:10:11.291  3950  4562 D SatelliteController: isInCarrierRoamingNbIotNtn: satellite is disabled
12-10 17:10:11.299  3950  4562 D SatelliteController: isInCarrierRoamingNbIotNtn: satellite is disabled
12-10 17:10:11.713  1767  1784 E HeatmapThread: ECT Thread time in milliseconds: 1765372211
12-10 17:10:11.717  1767  1784 D HeatmapThread: !@ batteryplugType : 2
12-10 17:10:11.717  1767  1784 D HeatmapThread: !@ batteryLevel : 73  batteryTemperature : 256 
12-10 17:10:11.718  1767  1784 D HeatmapThread: !@ Heatmap currtime: 29422870
12-10 17:10:11.718  1767  1784 D HeatmapThread: !@ Heatmap prevtime: 29422859
12-10 17:10:11.718  1767  1784 D HeatmapThread: !@ Heatmap plugstarttime: 29422851
12-10 17:10:11.718  1767  1784 D HeatmapThread: !@ Heatmap prevv_dsoh_update_time: 29422433
12-10 17:10:11.719  1767  1784 E HeatmapThread: !@ CAM New BSOH: 100
12-10 17:10:11.763  1672  8840 I HYPER-HAL: [RequestManager.cpp]releaseLocked(): Released ID : 23485255
12-10 17:10:11.808  2617  3660 D SemInputMotionEventDispatcher: registerMotionEventListener: already registered: com.samsung.android.hardware.secinputdev.taas.ExternalApi$5@4dcaba3
12-10 17:10:12.112  3950  4562 D SatelliteController: isInCarrierRoamingNbIotNtn: satellite is disabled
12-10 17:10:12.152  1660  6421 I sensors-hal: handle_sns_client_event:190, auto_rotation_debug_2 mode,255, type,1,0 acc,0.287,0.124,9.916, ar,0, ver,14, pedo,1,e,1,i,3
12-10 17:10:12.237  1204  1204 D io_stats: !@   8,0 r 2169742 59117952 w 1119507 17476824 d 363649 150653808 f 34376 91528 iot 594208 0 th 0 0 0 pt 0 inp 0 0 16692.984
12-10 17:10:12.237  1204  1204 D io_stats: !@ Read_top(KB): kworker/u16:0(4588) 512 kworker/u16:1(6450) 292 .editors.sheets(7238) 128
12-10 17:10:12.237  1204  1204 D io_stats: !@ Write_top(KB): sait.sohservice(32334) 20
12-10 17:10:12.713  1767  1784 E HeatmapThread: ECT Thread time in milliseconds: 1765372212
12-10 17:10:12.716  1767  1784 D HeatmapThread: !@ batteryplugType : 2
12-10 17:10:12.716  1767  1784 D HeatmapThread: !@ batteryLevel : 73  batteryTemperature : 256 
12-10 17:10:12.716  1767  1784 D HeatmapThread: !@ Heatmap currtime: 29422870
12-10 17:10:12.716  1767  1784 D HeatmapThread: !@ Heatmap prevtime: 29422859
12-10 17:10:12.716  1767  1784 D HeatmapThread: !@ Heatmap plugstarttime: 29422851
12-10 17:10:12.716  1767  1784 D HeatmapThread: !@ Heatmap prevv_dsoh_update_time: 29422433
12-10 17:10:12.716  1767  1784 E HeatmapThread: !@ CAM New BSOH: 100
12-10 17:10:12.809  2617 15742 D PerProcessNandswap$NandswapHandler: nandswap start for non-activity com.google.android.cellbroadcastreceiver(pid 27769) action:14 adj:905 type:1
12-10 17:10:12.825  2617  3617 D ActivityManager: FCA:Reclamation for pid: 28505
12-10 17:10:12.876  2617 15742 D PerProcessNandswap$NandswapHandler: nandswap end for non-activity com.google.android.cellbroadcastreceiver(pid 27769) ret:18383052800 adj:905
12-10 17:10:12.879  2617 15742 D PerProcessNandswap$NandswapHandler: nandswap start for non-activity com.android.systemui:edgelighting(pid 8528) action:14 adj:905 type:1
12-10 17:10:12.955  2617 15742 D PerProcessNandswap$NandswapHandler: nandswap end for non-activity com.android.systemui:edgelighting(pid 8528) ret:18462199808 adj:905
12-10 17:10:12.959  2617 15742 D PerProcessNandswap$NandswapHandler: nandswap start for non-activity com.samsung.storyservice(pid 8506) action:14 adj:905 type:1
12-10 17:10:13.010  2617 15742 D PerProcessNandswap$NandswapHandler: nandswap end for non-activity com.samsung.storyservice(pid 8506) ret:18787737600 adj:905
12-10 17:10:13.014  2617 15742 D PerProcessNandswap$NandswapHandler: nandswap start for non-activity com.samsung.cmh(pid 8087) action:14 adj:905 type:1
12-10 17:10:13.098  2617 15742 D PerProcessNandswap$NandswapHandler: nandswap end for non-activity com.samsung.cmh(pid 8087) ret:19730604032 adj:905
12-10 17:10:13.102  2617 15742 D PerProcessNandswap$NandswapHandler: nandswap start for non-activity com.samsung.faceservice(pid 7718) action:14 adj:905 type:1
12-10 17:10:13.161  2617 15742 D PerProcessNandswap$NandswapHandler: nandswap end for non-activity com.samsung.faceservice(pid 7718) ret:19378888704 adj:905
12-10 17:10:13.164  2617 15742 D PerProcessNandswap$NandswapHandler: nandswap start for non-activity com.samsung.petservice(pid 8253) action:14 adj:905 type:1
12-10 17:10:13.213  2617 15742 D PerProcessNandswap$NandswapHandler: nandswap end for non-activity com.samsung.petservice(pid 8253) ret:19223887872 adj:905
12-10 17:10:13.216  2617 15742 D PerProcessNandswap$NandswapHandler: nandswap start for non-activity com.samsung.mfcontents(pid 8276) action:14 adj:915 type:1
12-10 17:10:13.246  2617 15742 D PerProcessNandswap$NandswapHandler: nandswap end for non-activity com.samsung.mfcontents(pid 8276) ret:18364567552 adj:915
12-10 17:10:13.248  2617 15742 D PerProcessNandswap$NandswapHandler: nandswap start for non-activity com.samsung.videoscan(pid 8357) action:14 adj:915 type:1
12-10 17:10:13.279  2617 15742 D PerProcessNandswap$NandswapHandler: nandswap end for non-activity com.samsung.videoscan(pid 8357) ret:18382426112 adj:915
12-10 17:10:13.281  2617 15742 D PerProcessNandswap$NandswapHandler: nandswap start for non-activity com.samsung.mediasearch(pid 7942) action:14 adj:915 type:1
12-10 17:10:13.311  2617 15742 D PerProcessNandswap$NandswapHandler: nandswap end for non-activity com.samsung.mediasearch(pid 7942) ret:18403414016 adj:915
12-10 17:10:13.314  2617 15742 D PerProcessNandswap$NandswapHandler: nandswap start for non-activity com.facebook.orca:fdidsync(pid 7889) action:14 adj:915 type:1
12-10 17:10:13.429  2617 15742 D PerProcessNandswap$NandswapHandler: nandswap end for non-activity com.facebook.orca:fdidsync(pid 7889) ret:19373338624 adj:915
12-10 17:10:13.431  2617 15742 D PerProcessNandswap$NandswapHandler: nandswap start for non-activity com.facebook.services(pid 7642) action:14 adj:915 type:1
12-10 17:10:13.479  2617 15742 D PerProcessNandswap$NandswapHandler: nandswap end for non-activity com.facebook.services(pid 7642) ret:18702901248 adj:915
12-10 17:10:13.482  2617 15742 D PerProcessNandswap$NandswapHandler: nandswap start for non-activity com.samsung.android.app.dressroom(pid 8119) action:14 adj:915 type:1
12-10 17:10:13.532  2617 15742 D PerProcessNandswap$NandswapHandler: nandswap end for non-activity com.samsung.android.app.dressroom(pid 8119) ret:19267928064 adj:915
12-10 17:10:13.534  2617 15742 D PerProcessNandswap$NandswapHandler: nandswap start for non-activity com.google.android.permissioncontroller(pid 8052) action:14 adj:915 type:1
12-10 17:10:13.574  2617 15742 D PerProcessNandswap$NandswapHandler: nandswap end for non-activity com.google.android.permissioncontroller(pid 8052) ret:18493796352 adj:915
12-10 17:10:13.576  2617 15742 D PerProcessNandswap$NandswapHandler: nandswap start for non-activity com.android.vending:background(pid 7782) action:14 adj:925 type:1
12-10 17:10:13.705  2617 15742 D PerProcessNandswap$NandswapHandler: nandswap end for non-activity com.android.vending:background(pid 7782) ret:19371995136 adj:925
12-10 17:10:13.708  2617 15742 D PerProcessNandswap$NandswapHandler: nandswap start for non-activity com.google.android.projection.gearhead:car(pid 7712) action:14 adj:925 type:1
12-10 17:10:13.713  1767  1784 E HeatmapThread: ECT Thread time in milliseconds: 1765372213
12-10 17:10:13.717  1767  1784 D HeatmapThread: !@ batteryplugType : 2
12-10 17:10:13.718  1767  1784 D HeatmapThread: !@ batteryLevel : 73  batteryTemperature : 256 
12-10 17:10:13.718  1767  1784 D HeatmapThread: !@ Heatmap currtime: 29422870
12-10 17:10:13.718  1767  1784 D HeatmapThread: !@ Heatmap prevtime: 29422859
12-10 17:10:13.718  1767  1784 D HeatmapThread: !@ Heatmap plugstarttime: 29422851
12-10 17:10:13.718  1767  1784 D HeatmapThread: !@ Heatmap prevv_dsoh_update_time: 29422433
12-10 17:10:13.719  1767  1784 E HeatmapThread: !@ CAM New BSOH: 100
12-10 17:10:13.771  2617 15742 D PerProcessNandswap$NandswapHandler: nandswap end for non-activity com.google.android.projection.gearhead:car(pid 7712) ret:18553921536 adj:925
12-10 17:10:13.773  2617 15742 D PerProcessNandswap$NandswapHandler: nandswap start for non-activity com.android.systemui:screenshot(pid 7601) action:14 adj:925 type:1
12-10 17:10:13.812  2617 15742 D PerProcessNandswap$NandswapHandler: nandswap end for non-activity com.android.systemui:screenshot(pid 7601) ret:18417926144 adj:925
12-10 17:10:13.814  2617 15742 D PerProcessNandswap$NandswapHandler: nandswap start for non-activity com.google.android.apps.maps(pid 7536) action:14 adj:925 type:1
12-10 17:10:13.889  2617  3889 D NetdEventListenerService: DNS Requested by 110, 10401(com.google.android.apps.docs.editors.sheets), 4(FAIL), isBlocked=true, 0ms
12-10 17:10:13.889  7238  7477 W HttpCallTransport: Fail read Http response and forward to Cello
12-10 17:10:13.890  7238  8482 E Cello   : [8482:NonCelloThread] drive_v2_cloud_store.cc:7046:DumpToLog Request 0xb400006f72a81b70: 0 transport: drive::ds::Status::UNAVAILABLE_WHILE_OFFLINE reader: drive::ds::Status::SUCCESS url: https://play.googleapis.com/log
12-10 17:10:13.890  7238  8482 E Cello   : [8482:NonCelloThread] drive_v2_cloud_store.cc:7046:DumpToLog req.hdr 0xb400006f72a81b70: Content-Type=
12-10 17:10:13.890  7238  8482 E Cello   : [8482:NonCelloThread] drive_v2_cloud_store.cc:7046:DumpToLog Response body 0xb400006f72a81b70: (no response body)
12-10 17:10:13.890  7238  8488 E Cello   : [8488:MetricsTransportThread-CELLO] metrics_transport.cc:242:SendRequest Request failed: drive::ds::Status::UNAVAILABLE_WHILE_OFFLINE
12-10 17:10:13.890  7238  8488 I Cello   : [8488:MetricsTransportThread-CELLO] metrics_transport.cc:463:ProcessRequestsOnBackgroundThread Metrics failed to send, drive::ds::Status::UNAVAILABLE_WHILE_OFFLINE
12-10 17:10:14.009  2617 15742 D PerProcessNandswap$NandswapHandler: nandswap end for non-activity com.google.android.apps.maps(pid 7536) ret:19835977728 adj:925
12-10 17:10:14.011  2617 15742 D PerProcessNandswap$NandswapHandler: nandswap start for non-activity com.samsung.android.scs(pid 7392) action:14 adj:925 type:1
12-10 17:10:14.049  2617  2966 I ActivityManager: Changes in 10119 7 to 15, 128 to 0
12-10 17:10:14.140  2617 15742 D PerProcessNandswap$NandswapHandler: nandswap end for non-activity com.samsung.android.scs(pid 7392) ret:19491168256 adj:925
12-10 17:10:14.144  2617 15742 D PerProcessNandswap$NandswapHandler: nandswap start for non-activity com.samsung.android.forest(pid 7238) action:14 adj:925 type:1
12-10 17:10:14.238  1204  1204 D io_stats: !@   8,0 r 2169742 59117952 w 1119533 17477492 d 363649 150653808 f 34376 91528 iot 594216 0 th 0 0 0 pt 0 inp 0 0 16694.986
12-10 17:10:14.290  3950  4562 D SatelliteController: isInCarrierRoamingNbIotNtn: satellite is disabled
12-10 17:10:14.334  2617 15742 D PerProcessNandswap$NandswapHandler: nandswap end for non-activity com.samsung.android.forest(pid 7238) ret:20854013952 adj:925
12-10 17:10:14.351  3950  4562 D SatelliteController: isInCarrierRoamingNbIotNtn: satellite is disabled
12-10 17:10:14.354  3950  4562 D SatelliteController: isInCarrierRoamingNbIotNtn: satellite is disabled
12-10 17:10:14.713  1767  1784 E HeatmapThread: ECT Thread time in milliseconds: 1765372214
12-10 17:10:14.718  1767  1784 D HeatmapThread: !@ batteryplugType : 2
12-10 17:10:14.718  1767  1784 D HeatmapThread: !@ batteryLevel : 73  batteryTemperature : 256 
12-10 17:10:14.718  1767  1784 D HeatmapThread: !@ Heatmap currtime: 29422870
12-10 17:10:14.718  1767  1784 D HeatmapThread: !@ Heatmap prevtime: 29422859
12-10 17:10:14.719  1767  1784 D HeatmapThread: !@ Heatmap plugstarttime: 29422851
12-10 17:10:14.719  1767  1784 D HeatmapThread: !@ Heatmap prevv_dsoh_update_time: 29422433
12-10 17:10:14.719  1767  1784 E HeatmapThread: !@ CAM New BSOH: 100
12-10 17:10:15.713  1767  1784 E HeatmapThread: ECT Thread time in milliseconds: 1765372215
12-10 17:10:15.716  1767  1784 D HeatmapThread: !@ batteryplugType : 2
12-10 17:10:15.716  1767  1784 D HeatmapThread: !@ batteryLevel : 73  batteryTemperature : 256 
12-10 17:10:15.717  1767  1784 D HeatmapThread: !@ Heatmap currtime: 29422870
12-10 17:10:15.717  1767  1784 D HeatmapThread: !@ Heatmap prevtime: 29422859
12-10 17:10:15.717  1767  1784 D HeatmapThread: !@ Heatmap plugstarttime: 29422851
12-10 17:10:15.717  1767  1784 D HeatmapThread: !@ Heatmap prevv_dsoh_update_time: 29422433
12-10 17:10:15.717  1767  1784 E HeatmapThread: !@ CAM New BSOH: 100
12-10 17:10:15.747  1660  6421 I sensors-hal: handle_sns_std_sensor_event:131, [SSC_LIGHT] A: 140(140),c:2,b:102,m:13,cl:0,l:140,s:61,l0:22656,l1:128,s0:10000,s1:0,acl:3,opr:0.23,f(r):84,u(bl):100,if:0,wi:2,si:0,po:142(N:0)
12-10 17:10:16.172  2617  3638 D InputReader: Btn_touch(5): value=1 when=16696.919523
12-10 17:10:16.172  2617  3638 I InputReader: Touch event's action is 0x0 (id=6, t=0) [pCnt=1, s=0.4371 ] when=16696.919523
12-10 17:10:16.174  2617  3637 I InputDispatcher: Delivering touch to (3970): action: 0x4, f=0x0, d=0, 'b1ebf5d', t=1 
12-10 17:10:16.174  2617  3637 I InputDispatcher: Delivering touch to (4564): action: 0x0, f=0x0, d=0, 'a5dbeb9', t=1 
12-10 17:10:16.175  4564  4564 I VRI[LauncherActivity]@9a4359: ViewPostIme pointer 0
12-10 17:10:16.175  4564  4564 I HoneySpace.IconHoney: call activeLaunch 163110
12-10 17:10:16.176  2617  3637 D PowerManagerService: [api] userActivityFromNative : touch displayId=0 eventTime=16696919
12-10 17:10:16.176  4564  4564 I HoneySpace.AppscreenContainerView: findActiveTouchController ev = 0
12-10 17:10:16.176  4564  4564 I HoneySpace.AppscreenHomeTouchController: onControllerInterceptTouchEvent ev = 0
12-10 17:10:16.176  4564  4564 I HoneySpace.AppscreenHomeTouchController: canIntercept = true
12-10 17:10:16.176  2617  5303 I Pageboost: start alp : com.sabaphru.Saunje
12-10 17:10:16.176  4564  4564 I HoneySpace.ApplistFastRecyclerView: dispatchTouchEvent() event.action=0
12-10 17:10:16.176  2617  2959 I GestureDetector: obtain mCurrentDownEvent. id: 52852359 caller: com.android.server.wm.SystemGesturesPointerEventListener.onPointerEvent:17 com.android.server.wm.PointerEventDispatcher.onInputEvent:51 android.view.InputEventReceiver.dispatchInputEvent:392 
12-10 17:10:16.176  4564  4564 I HoneySpace.ApplistFastRecyclerView: processDownMotionEvent, index = 0, id = 0
12-10 17:10:16.176  4564  4564 I HoneySpace.ApplistFastRecyclerView: initTouchPoint, index = 0, id = 0
12-10 17:10:16.177  4564  4564 I HoneySpace.IconView: start dim animation : Saunje
12-10 17:10:16.177  2617  2959 I GestureDetector: obtain mCurrentDownEvent. id: 52852359 caller: com.android.server.wm.SystemPerformancePointerEventListener.onPointerEvent:13 com.android.server.wm.PointerEventDispatcher.onInputEvent:51 android.view.InputEventReceiver.dispatchInputEvent:392 
12-10 17:10:16.177  2617  3637 D PowerManagerService: UserActivityStateListenerState: 1
12-10 17:10:16.177  2617  5303 W ContextImpl: Calling a method in the system process without a qualified user: android.app.ContextImpl.startActivity:1189 com.android.server.am.ActivityManagerService.doActiveLaunch:101 android.app.IActivityManager$Stub.onTransact:5083 com.android.server.am.ActivityManagerService.onTransact:425 android.os.Binder.execTransactInternal:1462 
12-10 17:10:16.177  4564  4564 I VRI[LauncherActivity]@9a4359: call setFrameRateCategory for touch hint category=high hint, reason=touch, vri=VRI[LauncherActivity]@9a4359
12-10 17:10:16.177  2617  5303 D ActivityTaskManager: startActivityAsUser: callingPid=2617, callingUid=1000, caller=com.android.server.wm.ActivityTaskManagerService.startActivity:123 android.app.Instrumentation.execStartActivity:2010 android.app.ContextImpl.startActivity:1207 com.android.server.am.ActivityManagerService.doActiveLaunch:101 android.app.IActivityManager$Stub.onTransact:5083 com.android.server.am.ActivityManagerService.onTransact:425 android.os.Binder.execTransactInternal:1462 
12-10 17:10:16.178  2617  5303 D ActivityTaskManager: request preloading for newly launching app
12-10 17:10:16.179  2617  3951 I Pageboost: alp for : com.sabaphru.Saunje , 0
12-10 17:10:16.179  2617  5303 I ActivityTaskManager: starting ActiveLaunch
12-10 17:10:16.179  2617  5303 D ActivityManager: starting Active launch
12-10 17:10:16.180  6829  6829 I SemDvfsHyPerManager: acquire hyper - TATouchBoost/6829@30, type = -999
12-10 17:10:16.180  6829  6829 I SemDvfsHyPerManager: acquire hyper - TA_TOUCH_SHARE/6829@31, type = -999
12-10 17:10:16.180  5187  8947 E pageboostd: alp start : app comsabaphruSaunje
12-10 17:10:16.181  1672  1706 I HYPER-HAL: [RequestManager.cpp]acquire(): Acquired ID : 23526400  [6829 / 30]    HINT :      list : [TABoost / 1] [TIMEOUT / 1500] 
12-10 17:10:16.182  1672  1706 I HYPER-HAL: [RequestManager.cpp]acquire(): Acquired ID : 23533261  [6829 / 31]    HINT : TA_TOUCH_SHARE    list : [TIMEOUT / 1500] 
12-10 17:10:16.182  2617  2959 I GestureDetector: obtain mCurrentMotionEventRaw. action: 2 id: 167318203
12-10 17:10:16.182  2617  2959 I GestureDetector: obtain mCurrentMotionEventRaw. action: 2 id: 167318203
12-10 17:10:16.184  3970  4105 D ShellStartingWindow: preload Icon com.sabaphru.Saunje
12-10 17:10:16.186  5187  8947 E pageboostd: comsabaphruSaunje, amt 47441616 scnt 8 fcnt 0
12-10 17:10:16.188  5187  8947 E pageboostd: comsabaphruSaunje, amt 21716992 scnt 6 fcnt 8
12-10 17:10:16.189  5187  8947 E pageboostd: alp end : app comsabaphruSaunje data_amount 69158608
12-10 17:10:16.192  4564  4564 I HoneySpace.AppscreenContainerView: findActiveTouchController ev = 2
12-10 17:10:16.192  1778  1778 I SurfaceFlinger: [com.sec.android.app.launcher/com.sec.android.app.launcher.activities.LauncherActivity$_4564#9394] setFrameRateCategory: HighHint
12-10 17:10:16.192  4564  4564 I HoneySpace.AppscreenHomeTouchController: onControllerInterceptTouchEvent ev = 2
12-10 17:10:16.193  4564  4564 I HoneySpace.ApplistFastRecyclerView: updateIsBeingDraggedOnTouchDown touchSlop:23, diff:0, moved:false, useLongTouchSlop:true
12-10 17:10:16.208  4564  4564 I HoneySpace.AppscreenContainerView: findActiveTouchController ev = 2
12-10 17:10:16.208  4564  4564 I HoneySpace.AppscreenHomeTouchController: onControllerInterceptTouchEvent ev = 2
12-10 17:10:16.208  4564  4564 I HoneySpace.ApplistFastRecyclerView: updateIsBeingDraggedOnTouchDown touchSlop:23, diff:0, moved:false, useLongTouchSlop:true
12-10 17:10:16.209  1778  1778 D SurfaceFlinger: GPIS:: requestGPISForClientComposition
12-10 17:10:16.210  1582  1582 D Zygote  : Forked child process 8951
12-10 17:10:16.211  2617  2981 I ActivityManager: Start proc 8951:com.sabaphru.Saunje/u0a154 for activelaunch {com.sabaphru.Saunje/com.sabaphru.Saunje.MainActivity}
12-10 17:10:16.211  2617  2981 I ActivityManager: ProcessObserver broadcast disabled
12-10 17:10:16.211  1778  4916 D NativeSemDvfsManager: acquire:: timeout = 2000 mIsAcquired = 1  mTagName : SurfaceFlinger 
12-10 17:10:16.212  1778  4916 E NativeCustomFrequencyManager: [NativeCFMS] BpCustomFrequencyManager::acquire()
12-10 17:10:16.212  2617  3638 D InputReader: Btn_touch(5): value=0 when=16696.959861
12-10 17:10:16.212  2617  3638 I InputReader: Touch event's action is 0x1 (id=6, t=0) [pCnt=1, s=] when=16696.959861
12-10 17:10:16.212  2617  3637 I InputDispatcher: Delivering touch to (4564): action: 0x1, f=0x0, d=0, 'a5dbeb9', t=1 
12-10 17:10:16.212  4564  4564 I HoneySpace.AppscreenContainerView: findActiveTouchController ev = 2
12-10 17:10:16.213  4564  4564 I HoneySpace.AppscreenHomeTouchController: onControllerInterceptTouchEvent ev = 2
12-10 17:10:16.213  4564  4564 I HoneySpace.ApplistFastRecyclerView: updateIsBeingDraggedOnTouchDown touchSlop:23, diff:0, moved:false, useLongTouchSlop:true
12-10 17:10:16.213  4564  4564 I VRI[LauncherActivity]@9a4359: ViewPostIme pointer 1
12-10 17:10:16.213  4564  4564 I HoneySpace.AppscreenContainerView: findActiveTouchController ev = 1
12-10 17:10:16.213  4564  4564 I HoneySpace.AppscreenHomeTouchController: onControllerInterceptTouchEvent ev = 1
12-10 17:10:16.213  4564  4564 I HoneySpace.ApplistFastRecyclerView: resetTouchState
12-10 17:10:16.213  1672  1706 I HYPER-HAL: [RequestManager.cpp]acquire(): Acquired ID : 3861031  [1778 / 1000]    HINT : SF_GPU_MINLOCK    list : [TIMEOUT / 2000] 
12-10 17:10:16.213  4564  4564 I HoneySpace.AppScreenClickAction: onAppClick() id: 163110, isNewDex: false
12-10 17:10:16.213  4564  4564 I HoneySpace.IconView: end dim animation : Saunje
12-10 17:10:16.213  4564  4564 I HoneySpace.DvfsManager: acquireAppLaunch
12-10 17:10:16.213  4564  4564 I SemDvfsHyPerManager: acquire hyper - APP_LAUNCH/4564@2, type = -999
12-10 17:10:16.214  4564  4564 I HoneySpace.ShellTransitionManager: startShellTransition com.honeyspace.sdk.transition.ShellTransition$Info@20774c8, forceStart: false
12-10 17:10:16.214  6829  6829 I SemDvfsHyPerManager: acquire hyper - APP_START_SHORT/6829@22, type = -999
12-10 17:10:16.214  1672  1706 I HYPER-HAL: [RequestManager.cpp]acquire(): Acquired ID : 10426463  [4564 / 2]    HINT : APP_LAUNCH    list : 
12-10 17:10:16.214  6829  6829 I M0      : limitCPUFreq:: freq = -1
12-10 17:10:16.214  4564  4564 I HoneySpace.ShellAnimationRunner: setDelegate, delegate-com.honeyspace.transition.delegate.AppLaunchAnimationDelegate@d71d961, strong-false
12-10 17:10:16.214  4564  4564 I HoneySpace.ShellTransitionManager: open start
12-10 17:10:16.214  4564 22778 I HoneySpace.FloatingAnimator: playerCount : 1
12-10 17:10:16.214  4564 22778 I HoneySpace.FloatingAnimator: [Player:A(16.214)] create
12-10 17:10:16.214  4564 22778 I HoneySpace.TransitionUtils: getWindowTargetBounds: Rect(0, 0 - 720, 1560)
12-10 17:10:16.214  4564 22778 I HoneySpace.FloatingAnimator: [Player:A(16.214)] setup. isLandscape:false, isTranslucent:false, screenSize[720, 1560], isMultiTargets:false, useCurrentDrawable:false
12-10 17:10:16.215  4564 22778 I HoneySpace.FloatingAnimator: remote targets are empty
12-10 17:10:16.215  4564  4564 I HoneySpace.Launcher: startActivityForResult request : -1
12-10 17:10:16.215  4564 22778 I HoneySpace.AppLaunchAnimationDelegate: preload Player timer start! com.honeyspace.transition.anim.floating.FloatingAnimator$Player@5b49947
12-10 17:10:16.215  1715  1757 E BatteryDump: !@new_battery_dump : 4045,335,475,550,73,256,248,283,256,0,282,283,0,Charging,NO_CHARGING,Normal,Good,USB,1,Normal,0,0,9297,0x0,0x10000,0x0,0,0,0000,0000,00000000,0,0,0,0,372,4016,7273,990,0,
12-10 17:10:16.215  2617  4704 D ActivityTaskManager: startActivityAsUser: callingPid=4564, callingUid=10157, caller=com.android.server.wm.ActivityTaskManagerService.startActivity:123 android.app.IActivityTaskManager$Stub.onTransact:1493 com.android.server.wm.ActivityTaskManagerService.onTransact:1 android.os.Binder.execTransactInternal:1457 android.os.Binder.execTransact:1401 <bottom of call stack> <bottom of call stack> 
12-10 17:10:16.215  2617  4704 I Pageboost: onAppLaunch : com.sabaphru.Saunje
12-10 17:10:16.216  1672  1706 I HYPER-HAL: [RequestManager.cpp]acquire(): Acquired ID : 23471548  [6829 / 22]    HINT : APP_START_LOW_HEAT    list : [TIMEOUT / 1500] 
12-10 17:10:16.216  2617  4704 D ActivityTaskManager: DesktopModeLaunchParamsModifier: task=null activity=null task null, skipping
12-10 17:10:16.216  2617  4704 D ActivityTaskManager: TaskLaunchParamsModifier:task=null activity=null display-from-option=0 display-id=0 task-display-area-windowing-mode=1 suggested-display-area=DefaultTaskDisplayArea_d0@212030949
