12-10 17:10:07.752  2617  5305 V WindowManager: Collecting in transition 749: ActivityRecord{250135307 u0 com.sabaphru.Saunje/.MainActivity, caller=com.android.server.wm.TransitionController.collect:7 com.android.server.wm.ActivityStarter.startActivityUnchecked:98 com.android.server.wm.ActivityStarter.executeRequest:3651 com.android.server.wm.ActivityStarter.execute:1752 com.android.server.wm.ActivityTaskManagerService.startActivityAsUser:95 
12-10 17:10:07.752  2617  5305 D ActivityTaskManager: DesktopModeLaunchParamsModifier: task=null activity=ActivityRecord{250135307 u0 com.sabaphru.Saunje/.MainActivity t-1} task null, skipping
12-10 17:10:07.752  2617  5305 D ActivityTaskManager: TaskLaunchParamsModifier:task=null activity=ActivityRecord{250135307 u0 com.sabaphru.Saunje/.MainActivity t-1} display-from-option=0 display-id=0 task-display-area-windowing-mode=1 suggested-display-area=DefaultTaskDisplayArea_d0@212030949
12-10 17:10:07.752  2617  5305 D ActivityTaskManager: DesktopModeLaunchParamsModifier: task=null activity=ActivityRecord{250135307 u0 com.sabaphru.Saunje/.MainActivity t-1} task null, skipping
12-10 17:10:07.753  2617  5305 D ActivityTaskManager: TaskLaunchParamsModifier:task=null activity=ActivityRecord{250135307 u0 com.sabaphru.Saunje/.MainActivity t-1} display-from-option=0 display-id=0 task-display-area-windowing-mode=1 suggested-display-area=DefaultTaskDisplayArea_d0@212030949 inherit-from-source=fullscreen non-freeform-task-display-area display-area=DefaultTaskDisplayArea_d0@212030949 activity-requested-portrait freeform-size-mismatch=Rect(54, 373 - 666, 1153)
12-10 17:10:07.753  2617  4447 I SemDvfsHyPerManager: acquire hyper - AMS_APP_SWITCH/2617@24, type = -999
12-10 17:10:07.753  8823  8823 D ActivityThread: setConscryptValidator
12-10 17:10:07.753  8823  8823 D ActivityThread: setConscryptValidator - put
12-10 17:10:07.753  2617  4447 D ActivityManagerPerformance: AMP_acquire() APP_SWITCH
12-10 17:10:07.753  2617  5044 D FreecessController: restrictJobsByOlaf: restrict=true, uid=10154
12-10 17:10:07.754  1778  4437 I SurfaceFlinger: id=9450 createSurf, flag=24004, Task=5514#9450
12-10 17:10:07.754  1672  1706 I HYPER-HAL: [RequestManager.cpp]releaseLocked(): Released ID : 23341531
12-10 17:10:07.754  2617  2617 D OlafRestriction:  olaf state update: state=true
12-10 17:10:07.754  2617  5305 D ActivityTaskManager: DesktopModeLaunchParamsModifier: task=Task{99eb401 #5514 type=standard A=10154:com.sabaphru.Saunje} activity=ActivityRecord{250135307 u0 com.sabaphru.Saunje/.MainActivity t-1} non-desktop, skipping
12-10 17:10:07.754  2617  2617 D OlafRestriction:  sending trigger onRestrictionStateChanged msg.
12-10 17:10:07.755  2617  5305 D ActivityTaskManager: TaskLaunchParamsModifier:task=Task{99eb401 #5514 type=standard A=10154:com.sabaphru.Saunje} activity=ActivityRecord{250135307 u0 com.sabaphru.Saunje/.MainActivity t-1} display-from-option=0 display-id=0 task-display-area-windowing-mode=1 suggested-display-area=DefaultTaskDisplayArea_d0@212030949 inherit-from-source=fullscreen non-freeform-task-display-area display-area=DefaultTaskDisplayArea_d0@212030949 activity-requested-portrait freeform-size-mismatch=Rect(54, 373 - 666, 1153)
12-10 17:10:07.755  1672  1706 I HYPER-HAL: [RequestManager.cpp]acquire(): Acquired ID : 3488785  [2617 / 24]    HINT : AMS_APP_SWITCH    list : 
12-10 17:10:07.755  2617  5305 V WindowManager: Collecting in transition 749: Task{99eb401 #5514 type=standard A=10154:com.sabaphru.Saunje}, caller=com.android.server.wm.Transition.collectExistenceChange:40 com.android.server.wm.ActivityStarter.startActivityInner:293 com.android.server.wm.ActivityStarter.startActivityUnchecked:111 com.android.server.wm.ActivityStarter.executeRequest:3651 com.android.server.wm.ActivityStarter.execute:1752 
12-10 17:10:07.755  2617  5305 W OptProp : Cannot read opt property android.window.PROPERTY_COMPAT_ALLOW_ORIENTATION_OVERRIDE
12-10 17:10:07.755  1778  4437 I SurfaceFlinger: id=9451 createSurf, flag=84004, ActivityRecord{250135307 u0 com.sabaphru.Saunje/.MainActivity t5514}#9451
12-10 17:10:07.756  2617  5305 D ActivityTaskManager: scheduleTopResumedActivityChanged, onTop=false, r=ActivityRecord{111613257 u0 com.sec.android.app.launcher/.activities.LauncherActivity t5386}, caller=com.android.server.wm.ActivityTaskSupervisor.scheduleTopResumedActivityStateLossIfNeeded:19 com.android.server.wm.ActivityTaskSupervisor.updateTopResumedActivityIfNeeded:20 com.android.server.wm.TaskDisplayArea.positionChildAt:252 com.android.server.wm.Task.moveToFront:40 com.android.server.wm.ActivityStarter.startActivityInner:315 com.android.server.wm.ActivityStarter.startActivityUnchecked:111 
12-10 17:10:07.756  6829  6829 I SemDvfsHyPerManager: acquire hyper - APP_START_SHORT/6829@22, type = -999
12-10 17:10:07.756  2617  5305 V WindowManager: Checking theme of starting window: 0x7f120222
12-10 17:10:07.756  2617  5305 V WindowManager: Translucent=false Floating=false ShowWallpaper=false Disable=false
12-10 17:10:07.756  2617  5305 D ActivityTaskManager: addStartingWindow: type=2 typeParameter=28b
12-10 17:10:07.756  2617  5305 V WindowManager: Creating SplashScreenStartingData
12-10 17:10:07.756  2617  5305 V WindowManager: Add starting ActivityRecord{250135307 u0 com.sabaphru.Saunje/.MainActivity t5514}: startingData=SplashScreenStartingData{4e72894 removeAfterTransaction= 0}
12-10 17:10:07.756  2617  5305 V WindowManager: Added starting ActivityRecord{250135307 u0 com.sabaphru.Saunje/.MainActivity t5514}: startingWindow=null startingView=com.android.server.wm.StartingSurfaceController$StartingSurface@b418f3d
12-10 17:10:07.757  2617  4938 D CompatChangeReporter: Compat change id reported: 377864165; UID 10154; state: ENABLED
12-10 17:10:07.757  1672  1706 I HYPER-HAL: [RequestManager.cpp]acquire(): Acquired ID : 23471548  [6829 / 22]    HINT : APP_START_LOW_HEAT    list : [TIMEOUT / 1500] 
12-10 17:10:07.757  3970  4105 D ShellStartingWindow: use preloaded icon
12-10 17:10:07.757  3970  4104 D ViewRootImpl: desktopMode is false
12-10 17:10:07.757  2617  5305 V WindowManager: Collecting in transition 749: ActivityRecord{250135307 u0 com.sabaphru.Saunje/.MainActivity t5514}, caller=com.android.server.wm.Transition.collectExistenceChange:40 com.android.server.wm.ActivityStarter.handleStartResult:761 com.android.server.wm.ActivityStarter.startActivityUnchecked:124 com.android.server.wm.ActivityStarter.executeRequest:3651 com.android.server.wm.ActivityStarter.execute:1752 
12-10 17:10:07.757  3970  4104 I ViewRootImpl: dVRR is disabled
12-10 17:10:07.758  2617  5305 V WindowManager: Requesting StartTransition: TransitionRecord{64ab2da id=749 type=OPEN flags=0x0 c=[
12-10 17:10:07.758  2617  5305 V WindowManager:    ChangeInfo{848883 container=Display{#0 state=ON size=720x1560 ROTATION_0} flags=0x0}
12-10 17:10:07.758  2617  5305 V WindowManager:    ChangeInfo{2583a00 container=Task{99eb401 #5514 type=standard A=10154:com.sabaphru.Saunje} flags=0x0}
12-10 17:10:07.758  2617  5305 V WindowManager:    ChangeInfo{d3ce239 container=DefaultTaskDisplayArea_d0@212030949 flags=0x0}
12-10 17:10:07.758  2617  5305 V WindowManager:    ChangeInfo{efe07e container=ActivityRecord{250135307 u0 com.sabaphru.Saunje/.MainActivity t5514} flags=0x0}
12-10 17:10:07.758  2617  5305 V WindowManager: ]
12-10 17:10:07.758  2617  5305 V WindowManager: }, caller=com.android.server.wm.ActivityStarter.handleStartResult:982 com.android.server.wm.ActivityStarter.startActivityUnchecked:124 com.android.server.wm.ActivityStarter.executeRequest:3651 com.android.server.wm.ActivityStarter.execute:1752 com.android.server.wm.ActivityTaskManagerService.startActivityAsUser:95 
12-10 17:10:07.758  3970  4201 D NativeCustomFrequencyManager: [NativeCFMS] BpCustomFrequencyManager::BpCustomFrequencyManager()
12-10 17:10:07.758  2617  5305 I Pageboost: stop alp
12-10 17:10:07.758  2617  5305 I ActivityTaskManager: START u0 {act=android.intent.action.MAIN cat=[android.intent.category.LAUNCHER] flg=0x10200000 xflg=0x4 cmp=com.sabaphru.Saunje/.MainActivity bnds=[359,1066][525,1247]} with LAUNCH_SINGLE_TASK from uid 10157 (sr=111613257) (BAL_ALLOW_VISIBLE_WINDOW) result code=0
12-10 17:10:07.758  3970  4072 V WindowManagerShell: Transition requested (#749): android.os.BinderProxy@7e31003 TransitionRequestInfo { type = OPEN, triggerTask = TaskInfo{userId=0 taskId=5514 effectiveUid=10154 displayId=0 isRunning=true baseIntent=Intent { act=android.intent.action.MAIN cat=[android.intent.category.LAUNCHER] flg=0x10200000 cmp=com.sabaphru.Saunje/.MainActivity } baseActivity=ComponentInfo{com.sabaphru.Saunje/com.sabaphru.Saunje.MainActivity} topActivity=ComponentInfo{com.sabaphru.Saunje/com.sabaphru.Saunje.MainActivity} origActivity=null realActivity=ComponentInfo{com.sabaphru.Saunje/com.sabaphru.Saunje.MainActivity} numActivities=1 lastActiveTime=26231400 supportsMultiWindow=true resizeMode=1 isResizeable=true minWidth=-1 minHeight=-1 maxWidth=-1 maxHeight=-1 defaultMinSize=220 desktopDefaultMinSize=304 token=WCT{android.window.IWindowContainerToken$Stub$Proxy@fe0eb80} topActivityType=1 pictureInPictureParams=null shouldDockBigOverlays=false launchIntoPipHostTaskId=-1 lastParentTaskIdBeforePip=-1 displayCutoutSafeInsets=Rect(0, 56 - 0, 0) topActivityInfo=ActivityInfo{f8575b9 com.sabaphru.Saunje.MainActivity} launchCookies=[android.os.BinderProxy@bc7adfe] positionInParent=Point(0, 0) parentTaskId=-1 isFocused=false isVisible=false isVisibleRequested=false isTopActivityNoDisplay=false isSleeping=false locusId=null displayAreaFeatureId=1 isTopActivityTransparent=false isActivityStackTransparent=false lastNonFullscreenBounds=Rect(54, 373 - 666, 1153) capturedLink=null capturedLinkTimestamp=0 requestedVisibleTypes=-9 topActivityRequestOpenInBrowserEducationTimestamp=0 appCompatTaskInfo=AppCompatTaskInfo { topActivityInSizeCompat=false eligibleForLetterboxEducation= false isLetterboxEducationEnabled= false isLetterboxDoubleTapEnabled= false eligibleForUserAspectRatioButton= false topActivityBoundsLetterboxed= false isFromLetterboxDoubleTap= false topActivityLetterboxVerticalPosition= -1 topActivityLetterboxHorizontalPosition= -1 topActivityLetterboxWidth=-1 topActivityLetterboxHeight=-1 topActivityAppBounds=Rect(0, 0 - 720, 1560) isUserFullscreenOverrideEnabled=false isSystemFullscreenOverrideEnabled=false hasMinAspectRatioOverride=false topActivityLetterboxBounds=null cameraCompatTaskInfo=CameraCompatTaskInfo { freeformCameraCompatMode=inactive} topActivityBounds=null topActivityInDisplayCompat=false singleTapFromLetterbox=false} topActivityMainWindowFrame=null originallySupportedMultiWindow=true hasWallpaper=false rootAffinity=10154:com.sabaphru.Saunje isTopTaskInStage=false CoverLauncherWidgetTask=false LaunchedFromAppsCoverLauncherTask=false LaunchedFromMultistarCoverLauncherTask=false isAllowedSeamlessRotation=false isTopTransparentActivity=false isAliasManaged=false hasConfigChanged=false snappingGuideBounds=null isAiKeyRemoveAppTask=false lastDesktopWindowingBounds=null lastExternalDesktopWindowingBounds=null safeCutoutInsets=null}, pipChange = null, remoteTransition = RemoteTransition { remoteTransition = android.window.IRemoteTransition$Stub$Proxy@b7ca95f, appThread = android.app.IApplicationThread$Stub$Proxy@e293fac, debugName = QuickstepLaunchflags =NONE }, displayChange = null, flags = 0, debugId = 749 }
12-10 17:10:07.758  2617  5305 I SemDvfsHyPerManager: acquire hyper - AMS_APP_LAUNCH/2617@19, type = -999
12-10 17:10:07.758  3970  4072 V ShellDesktopMode: DesktopTasksController: isDesktopModeShowing: hasVisibleTasks=false hasTopTransparentFullscreenTask=false
12-10 17:10:07.758  3970  4072 D ShellSplitScreen: logExit: no-op, mLoggerSessionId is null
12-10 17:10:07.758  3970  4072 D ShellDesktopMode: handleRequest: TransitionRequestInfo {type=1, tid=5514, remote=true, debugId=749}
12-10 17:10:07.759  3970  4072 V ShellDesktopMode: DesktopTasksController: handleFullscreenTaskLaunch
12-10 17:10:07.759  3970  4072 V ShellDesktopMode: DesktopTasksController: isDesktopModeShowing: hasVisibleTasks=false hasTopTransparentFullscreenTask=false
12-10 17:10:07.759  3970  4072 V ShellDesktopMode: DesktopTasksController: handleRequest result=null
12-10 17:10:07.759  3970  4072 V WindowManagerShell: RemoteTransition directly requested for (#749) android.os.BinderProxy@7e31003: RemoteTransition { remoteTransition = android.window.IRemoteTransition$Stub$Proxy@b7ca95f, appThread = android.app.IApplicationThread$Stub$Proxy@e293fac, debugName = QuickstepLaunchflags =NONE }
12-10 17:10:07.759  3970  4072 V WindowManagerShell: Transition (#749): request handled by DefaultMixedHandler
12-10 17:10:07.759  1672  1706 I HYPER-HAL: [RequestManager.cpp]acquire(): Acquired ID : 3475585  [2617 / 19]    HINT : AMS_APP_LAUNCH    list : 
12-10 17:10:07.759  2617  5303 D InputTransport: Input channel constructed: 'f06f62c', fd=1269
12-10 17:10:07.759  2617  5303 D InputTransport: Input channel constructed: 'f06f62c', fd=1289
12-10 17:10:07.759  2617  5303 D InputTransport: Input channel constructed: 'f06f62c', fd=1395
12-10 17:10:07.759  2617  5303 D InputTransport: Input channel destroyed: 'f06f62c', fd=1289
12-10 17:10:07.759  6829  6829 I SemDvfsHyPerManager: acquire hyper - APP_START/6829@24, type = -999
12-10 17:10:07.759  2617  5303 D WindowManager: prepareSync <SYNC_STATE_WAITING_FOR_DRAW>, mPrepareSyncSeqId=0, win=Window{f06f62c u0 Splash Screen com.sabaphru.Saunje}
12-10 17:10:07.759  1778  4437 I SurfaceFlinger: id=9452 createSurf, flag=84004, f06f62c Splash Screen com.sabaphru.Saunje#9452
12-10 17:10:07.759  4564  4564 I HoneySpace.FloatingAnimator: add containerView during preload, com.honeyspace.transition.anim.floating.ContainerView{7e26973 V.E...... ......ID 0,0-720,728}
12-10 17:10:07.759  2617  5303 D RestrictionPolicy: isScreenCaptureEnabled : ret=true userId=0
12-10 17:10:07.759  4564  4564 I HoneySpace.FloatingAnimator: add positionListener - com.honeyspace.transition.anim.floating.c@93abcd5
12-10 17:10:07.759  2617  5303 V WindowManager: addWindow: ActivityRecord{250135307 u0 com.sabaphru.Saunje/.MainActivity t5514} startingWindow=Window{f06f62c u0 Splash Screen com.sabaphru.Saunje}
12-10 17:10:07.760  2617  5303 D InputTransport: Input channel destroyed: 'f06f62c', fd=1395
12-10 17:10:07.760  2617  6933 V WindowManager: Starting Transition 749, caller=com.android.server.wm.WindowOrganizerController.startTransition:47 com.android.server.wm.WindowOrganizerController.startTransition:1 android.window.IWindowOrganizerController$Stub.onTransact:259 
12-10 17:10:07.760  3970  4104 D InputTransport: Input channel constructed: 'f06f62c', fd=543
12-10 17:10:07.760  3970  4104 I InsetsController: onStateChanged: host=Splash Screen com.sabaphru.Saunje, from=android.view.ViewRootImpl.onInsetsStateChanged:3026, state=InsetsState: {mDisplayFrame=Rect(0, 0 - 720, 1560), mDisplayCutout=DisplayCutout{insets=Rect(0, 56 - 0, 0) waterfall=Insets{left=0, top=0, right=0, bottom=0} boundingRect={Bounds=[Rect(0, 0 - 0, 0), Rect(343, 0 - 377, 56), Rect(0, 0 - 0, 0), Rect(0, 0 - 0, 0)]} cutoutPathParserInfo={CutoutPathParserInfo{displayWidth=720 displayHeight=1560 physicalDisplayWidth=720 physicalDisplayHeight=1560 density={1.875} cutoutSpec={M 0,0 H -9.066666666666667 V 29.86666666666667 H 9.066666666666667 V 0 H 0 Z @dp} rotation={0} scale={1.0} physicalPixelDisplaySizeRatio={1.0}}} sideOverrides={}}, mRoundedCorners=RoundedCorners{[RoundedCorner{position=TopLeft, radius=4, center=Point(4, 4)}, RoundedCorner{position=TopRight, radius=4, center=Point(716, 4)}, RoundedCorner{position=BottomRight, radius=4, center=Point(716, 1556)}, RoundedCorner{position=BottomLeft, radius=4, center=Point(4, 1556)}]}  mRoundedCornerFrame=Rect(0, 0 - 720, 1560), mPrivacyIndicatorBounds=PrivacyIndicatorBounds {static bounds=Rect(637, 0 - 720, 56) rotation=0}, mDisplayShape=DisplayShape{ spec=1406003047 displayWidth=720 displayHeight=1560 physicalPixelDisplaySizeRatio=0.5 rotation=0 offsetX=0 offsetY=0 scale=1.0}, mSources= { InsetsSource: {85330001 mType=navigationBars mFrame=[0,1470][720,1560] mVisible=true mFlags= mSideHint=BOTTOM mBoundingRects=null}, InsetsSource: {85330004 mType=systemGestures mFrame=[0,0][0,0] mVisible=true mFlags= mSideHint=NONE mBoundingRects=null}, InsetsSource: {85330005 mType=mandatorySystemGestures mFrame=[0,1470][720,1560] mVisible=true mFlags= mSideHint=BOTTOM mBoundingRects=null}, InsetsSource: {85330006 mType=tappableElement mFrame=[0,1470][720,1560] mVisible=true mFlags= mSideHint=BOTTOM mBoundingRects=null}, InsetsSource: {85330024 mType=systemGestures mFrame=[0,0][0,0] mVisible=true mFlags= mSideHint=NONE mBoundingRects=null}, InsetsSource: {c45e0000 mType=statusBars mFrame=[0,0][720,56] mVisible=true mFlags= mSideHint=TOP mBoundingRects=null}, InsetsSource: {c45e0005 mType=mandatorySystemGestures mFrame=[0,0][720,79] mVisible=true mFlags= mSideHint=TOP mBoundingRects=null}, InsetsSource: {c45e0006 mType=tappableElement mFrame=[0,0][720,56] mVisible=true mFlags= mSideHint=TOP mBoundingRects=null}, InsetsSource: {27 mType=displayCutout mFrame=[0,0][720,56] mVisible=true mFlags= mSideHint=TOP mBoundingRects=null} }
12-10 17:10:07.760  3970  4104 I VRI[Saunje]@4eab8b2: onActiveControlsChanged, removed=false, mAdded=true, caller=android.view.ViewRootImpl.handleInsetsControlChanged:3002 android.view.ViewRootImpl.setView:2014 android.view.WindowManagerGlobal.addView:604 com.android.wm.shell.startingsurface.SplashscreenWindowCreator.addWindow:38 com.android.wm.shell.startingsurface.StartingWindowController$$ExternalSyntheticLambda4.run:1365 
12-10 17:10:07.760  1672  1706 I HYPER-HAL: [RequestManager.cpp]acquire(): Acquired ID : 23485255  [6829 / 24]    HINT : APP_START_LOW_HEAT    list : 
12-10 17:10:07.760  3970  4104 I VRI[Saunje]@4eab8b2: synced displayState. AttachInfo displayState=2
12-10 17:10:07.760  3970  4104 I VRI[Saunje]@4eab8b2: setView = android.widget.FrameLayout@bec7c7b IsHRR=false mFlingFrameRateChange=0 TM=true
12-10 17:10:07.760  4564  4564 I HoneySpace.Launcher: !@Boot_EBS_D: Launcher.onPause()
12-10 17:10:07.760  3970  4201 D HWUI    : HWUI - treat SMPTE_170M as sRGB
12-10 17:10:07.760  4564  4658 I HoneySpace.SALoggingUtils: SA Logging screenID: 201 eventId: 1001 detail: {PackageName=com.sabaphru.Saunje, det=3} value: -1
12-10 17:10:07.762  4564  5539 I HoneySpace.SPayHandler: updateSpayHandler launcher activity is paused false
12-10 17:10:07.762  4564  4564 I HoneySpace.Launcher: updateLauncherShowing true -> false
12-10 17:10:07.762  5187  5187 E pageboostd: Received HALT command code 2
12-10 17:10:07.763  2617  5958 V WindowManager: Collecting in transition 749: ActivityRecord{250135307 u0 com.sabaphru.Saunje/.MainActivity t5514}, caller=com.android.server.wm.TransitionController.collect:7 com.android.server.wm.ActivityRecord.setVisibility:132 com.android.server.wm.ActivityRecord.makeVisibleIfNeeded:36 com.android.server.wm.EnsureActivitiesVisibleHelper.process:538 com.android.server.wm.TaskFragment.updateActivityVisibilities:12 
12-10 17:10:07.763  2617  5958 V WindowManager: Collecting in transition 749: ActivityRecord{111613257 u0 com.sec.android.app.launcher/.activities.LauncherActivity t5386}, caller=com.android.server.wm.TransitionController.collect:7 com.android.server.wm.ActivityRecord.setVisibility:132 com.android.server.wm.ActivityRecord.makeInvisible:32 com.android.server.wm.EnsureActivitiesVisibleHelper.process:542 com.android.server.wm.TaskFragment.updateActivityVisibilities:12 
12-10 17:10:07.763  2617  5958 D WindowManager: prepareSync <SYNC_STATE_WAITING_FOR_DRAW>, mPrepareSyncSeqId=0, win=Window{a5dbeb9 u0 com.sec.android.app.launcher/com.sec.android.app.launcher.activities.LauncherActivity}
12-10 17:10:07.763  2617  5958 V WindowManager: Collecting in transition 749: WallpaperWindowToken{fdfca4 showWhenLocked=true}_<lock>, caller=com.android.server.wm.Transition.collect:387 com.android.server.wm.TransitionController.collect:7 com.android.server.wm.ActivityRecord.setVisibility:132 com.android.server.wm.ActivityRecord.makeInvisible:32 com.android.server.wm.EnsureActivitiesVisibleHelper.process:542 
12-10 17:10:07.763  2617  2961 D SGM:FgCheckThread: notePauseComponent(), received pkgName: com.sec.android.app.launcher, userId: 0
12-10 17:10:07.763  1778  1778 I SurfaceFlinger: [Display 0 name="Built-in Screen"#49] setFrameRateCategory: High
12-10 17:10:07.763  2617  5958 V WindowManager: rotationForOrientation(orient=SCREEN_ORIENTATION_PORTRAIT (1), last=ROTATION_0 (0)); user=ROTATION_0 (0) 
12-10 17:10:07.763  2617  5958 D WindowManager: rotationForOrientation, orientationSource=ActivityRecord{250135307 u0 com.sabaphru.Saunje/.MainActivity t5514}
12-10 17:10:07.763  1778  1778 I SurfaceFlinger: [Task=5514#9450] attach to parent LayerHierarchy{RequestedLayerState{DefaultTaskDisplayArea_d0#10 parentId=9} 13 children}
12-10 17:10:07.764  1778  1778 I SurfaceFlinger: [ActivityRecord{250135307 u0 com.sabaphru.Saunje/.MainActivity t5514}#9451] attach to parent LayerHierarchy{RequestedLayerState{Task=5514#9450 parentId=10} 1 children}
12-10 17:10:07.764  1778  1778 I SurfaceFlinger: [f06f62c Splash Screen com.sabaphru.Saunje#9452] attach to parent LayerHierarchy{RequestedLayerState{ActivityRecord{250135307 u0 com.sabaphru.Saunje/.MainActivity t5514}#9451 parentId=9450} 1 children}
12-10 17:10:07.764  2617  5958 V WindowManager: Computed rotation=ROTATION_0 (0) for display id=0 based on lastOrientation=SCREEN_ORIENTATION_PORTRAIT (1) and oldRotation=ROTATION_0 (0), caller=com.android.server.wm.DisplayRotation.updateOrientation:79 com.android.server.wm.DisplayContent.updateOrientation:41 com.android.server.wm.DisplayContent.updateOrientationAndComputeConfig:48 com.android.server.wm.RootWindowContainer.ensureVisibilityAndConfig:7 com.android.server.wm.ActivityTaskSupervisor.realStartActivityLocked:182 com.android.server.wm.ActivityTaskSupervisor.startSpecificActivity:27 
12-10 17:10:07.764  4564  1515 I HoneySpace.SuggestedAppsRepositoryImpl: sendSuggestedAppsLaunchTarget: ComponentInfo{com.sabaphru.Saunje/com.sabaphru.Saunje.MainActivity}
12-10 17:10:07.764  2617  5958 V WindowManager: Collecting in transition 749: ActivityRecord{250135307 u0 com.sabaphru.Saunje/.MainActivity t5514}, caller=com.android.server.wm.TransitionController.collect:7 com.android.server.wm.ActivityRecord.setVisibility:132 com.android.server.wm.ActivityTaskSupervisor.realStartActivityLocked:203 com.android.server.wm.ActivityTaskSupervisor.startSpecificActivity:27 com.android.server.wm.TaskFragment.resumeTopActivity:2089 
12-10 17:10:07.764  1672  1706 I HYPER-HAL: [RequestManager.cpp]acquire(): Acquired ID : 14705500  [1675 / 3747]    HINT :      list : [TID_LOW_LATENCY / 1] [TID / 4195] [TID / 4196] [TID / 4104] [TID / 4201] 
12-10 17:10:07.764  2617  5958 D SGM:FgCheckThread: notifyAppCreated(), packageName: com.sabaphru.Saunje, userId: 0, sendRet: true
12-10 17:10:07.764  1778  1778 I BpBinder: onLastStrongRef automatically unlinking death recipients: 
12-10 17:10:07.764  3970  4072 D ShellDesktopMode: [u0] DesktopRepository: Removes freeform task: taskId=5513
12-10 17:10:07.764  3970  4072 W ShellDesktopMode: [u0] DesktopRepository: No display id found for task: taskId=5513
12-10 17:10:07.764  3970  4072 D ShellDesktopMode: [u0] DesktopRepository: Removes freeform task: taskId=5513
12-10 17:10:07.764  3970  4072 W ShellDesktopMode: [u0] DesktopRepository: No display id found for task: taskId=5513
12-10 17:10:07.764  2617  5958 D SGM:FgCheckThread: TaskStackListener.onTaskFocusChanged(), taskId=5386, focused=false
12-10 17:10:07.764  2617  5958 D SGM:FgCheckThread: TaskStackListener.onTaskFocusChanged(), taskId=5514, focused=true
12-10 17:10:07.765  2617  5958 D SGM:FgCheckThread:   sendRunningComponentFocus(), pkgName: com.sabaphru.Saunje, userId: 0
12-10 17:10:07.765  4564  5541 I HoneySpace.RecentTasks: onRecentTasksChanged
12-10 17:10:07.765  2617  5958 D InputDispatcher: Focused application(0): ActivityRecord{250135307 u0 com.sabaphru.Saunje/.MainActivity t5514}
12-10 17:10:07.765  2617  5958 D WindowManager: Changing focus from Window{a5dbeb9 u0 com.sec.android.app.launcher/com.sec.android.app.launcher.activities.LauncherActivity} to null displayId=0 Callers=com.android.server.wm.ActivityTaskManagerService.setLastResumedActivityUncheckLocked:264 com.android.server.wm.ActivityTaskSupervisor.updateTopResumedActivityIfNeeded:51 com.android.server.wm.TaskFragment.setResumedActivity:30 com.android.server.wm.ActivityRecord.setState:100 
12-10 17:10:07.765  2617  5958 V SystemKeyManager: updateFocusedWindow() is called, 
12-10 17:10:07.765  2617  5958 D ActivityTaskManager: scheduleTopResumedActivityChanged, onTop=true, r=ActivityRecord{250135307 u0 com.sabaphru.Saunje/.MainActivity t5514}, caller=com.android.server.wm.ActivityTaskSupervisor.scheduleTopResumedActivityStateIfNeeded:18 com.android.server.wm.ActivityTaskSupervisor.updateTopResumedActivityIfNeeded:54 com.android.server.wm.TaskFragment.setResumedActivity:30 com.android.server.wm.ActivityRecord.setState:100 com.android.server.wm.ActivityTaskSupervisor.realStartActivityLocked:477 com.android.server.wm.ActivityTaskSupervisor.startSpecificActivity:27 
12-10 17:10:07.765  2617  5958 D BLASTSyncEngine: SyncGroup 749: Set ready true, caller=com.android.server.wm.BLASTSyncEngine.setReady:32 com.android.server.wm.Transition.applyReady:54 com.android.server.wm.Transition.setReady:72 com.android.server.wm.TransitionController.setReady:6 com.android.server.wm.DisplayContent.executeAppTransition:4 com.android.server.wm.ActivityRecord.completeResumeLocked:115 
12-10 17:10:07.765  2617  5958 D WindowManagerServiceExt: updateTaskbarTargetIfNeeded: cn=ComponentInfo{com.sabaphru.Saunje/com.sabaphru.Saunje.MainActivity} occludesParent=true isInSplitScreenMode=false
12-10 17:10:07.765  2617  5958 V WindowManager: Collecting in transition 749: WallpaperWindowToken{fdfca4 showWhenLocked=true}_<lock>, caller=com.android.server.wm.TransitionController.collect:7 com.android.server.wm.WallpaperWindowToken.setVisibility:55 com.android.server.wm.WallpaperController.adjustWallpaperWindows:857 com.android.server.wm.RootWindowContainer.applySurfaceChangesTransaction$1:141 com.android.server.wm.RootWindowContainer.performSurfacePlacementNoTrace:59 
12-10 17:10:07.766  2617  5958 D SurfaceComposerClient: setCornerRadius ## f06f62c Splash Screen com.sabaphru.Saunje#9452 cornerRadius=0.000000
12-10 17:10:07.766  2617  3674 D SGM:FgCheckThread: onLooperPrepared(), msg: MSG_APP_CREATE, pkgName: com.sabaphru.Saunje, userId: 0
12-10 17:10:07.766  2617  3674 D SGM:FgCheckThread: onLooperPrepared(), msg: MSG_TASK_FOCUSED, pkgName: com.sabaphru.Saunje, userId: 0
12-10 17:10:07.766  2617  3674 D SGM:FgCheckThread: handleTaskFocused().
12-10 17:10:07.766  2617  3674 D SGM:FgCheckThread:   handleTaskFocused(), pkgName: com.sabaphru.Saunje, userID:0
12-10 17:10:07.766  2617  3674 D SGM:FgCheckThread: handleResume().
12-10 17:10:07.766  8823  8823 D ApplicationLoaders: Returning zygote-cached class loader: /system/framework/org.apache.http.legacy.jar
12-10 17:10:07.766  4564  5539 I HoneySpace.RecentTasks: onRecentTasksChanged
12-10 17:10:07.766  2617  3674 D SGM:FgCheckThread: sendFocusOutConditionally() - mPrevNotiPkg: (unknown), userId: 0
12-10 17:10:07.766  2617  3674 D SGM:FgCheckThread:   handleResume(). pkgName: com.sabaphru.Saunje, userId: 0, category: non-game
12-10 17:10:07.766  2617  3674 D SGM:FgCheckThread: notifyFocusInOut(). of pkg: com.sabaphru.Saunje, type: 4, isSecGameFamily: false, userId: 0
12-10 17:10:07.766  2617  3674 D SGM:FgCheckThread:   notifyFocusInOut(). unexpected mPrevNotiType: -1
12-10 17:10:07.766  2617  3674 D SGM:SystemHelper: callReleaseBlock needReleaseBlock:false
12-10 17:10:07.767  2053  3584 I CameraService: onUidStateChanged: uid=10050, procState is changed. (0 -> 1)
12-10 17:10:07.767  2617  3798 I CocktailBarManagerServiceContainer: handleMessage: entry what = 6
12-10 17:10:07.767  4564  6580 I AppIconSolution: getThemeIconWithBG called with public API, pkg = com.sabaphru.Saunje, mode = 48
12-10 17:10:07.767  4564  6580 I AppIconSolution: return adaptive icon for com.sabaphru.Saunje, isNight = true
12-10 17:10:07.767  8823  8823 D nativeloader: Configuring clns-9 for other apk /system/framework/sec_camerax_impl.jar. target_sdk_version=36, uses_libraries=ALL, library_path=/data/app/~~FWXKRhurNwpBxVA1Z_bQJA==/com.sabaphru.Saunje-vQM19dqdlb3RGmwd3PobRQ==/lib/arm64:/data/app/~~FWXKRhurNwpBxVA1Z_bQJA==/com.sabaphru.Saunje-vQM19dqdlb3RGmwd3PobRQ==/base.apk!/lib/arm64-v8a, permitted_path=/data:/mnt/expand:/data/user/0/com.sabaphru.Saunje
12-10 17:10:07.767  8823  8823 D nativeloader: Extending system_exposed_libraries: libhumantracking.arcsoft.so:libface_recognition.arcsoft.so:libpic_best.arcsoft.so:libPortraitDistortionCorrection.arcsoft.so:libPortraitDistortionCorrectionCali.arcsoft.so:libface_landmark.arcsoft.so:libFacialStickerEngine.arcsoft.so:libfrtracking_engine.arcsoft.so:libFaceRecognition.arcsoft.so:libveengine.arcsoft.so:lib_pet_detection.arcsoft.so:libae_bracket_hdr.arcsoft.so:libdigital_tele_scope.arcsoft.so:libdigital_tele_scope_rawsr.arcsoft.so:libsf_tetra_enhance.arcsoft.so:libmf_bayer_enhance.arcsoft.so:libhybrid_high_dynamic_range.arcsoft.so:libimage_enhancement.arcsoft.so:libmacroclearshot_raw.arcsoft.so:libFacialAttributeDetection.arcsoft.so:libobjectcapture_jni.arcsoft.so:libobjectcapture.arcsoft.so:libmultisourceseparator.audio.samsung.so:libaudiomirroring_jni.audiomirroring.samsung.so:libBeauty_v4.camera.samsung.so:libexifa.camera.samsung.so:libjpega.camera.samsung.so:libOpenCv.camera.samsung.so:libaifrcInterface.camera.samsung.so:libBestPhoto.camera.samsung.so:lib
12-10 17:10:07.767  4564  6580 I LauncherActivityInfo: packageName: com.sabaphru.Saunje, useThemeIcon: false, height: 216, width: 216, density: 480
12-10 17:10:07.768  2617  4938 D HintManagerService: SystemUI make new AppHintSession but force pause
12-10 17:10:07.769  1672  1706 I HYPER-HAL: [RequestManager.cpp]acquire(): Acquired ID : 14705500  [1675 / 3747]    HINT :      list : [TID_LOW_LATENCY / 0] [TID / 4195] [TID / 4196] [TID / 4104] [TID / 4201] 
12-10 17:10:07.773  2617  3808 D BackgroundInstallControlService: Package event received: 0
12-10 17:10:07.773  2617  3598 I ActivityManager: Changes in 10077 10 to 8, 0 to 128
12-10 17:10:07.773  8823  8823 D nativeloader: Configuring clns-10 for other apk /data/app/~~FWXKRhurNwpBxVA1Z_bQJA==/com.sabaphru.Saunje-vQM19dqdlb3RGmwd3PobRQ==/base.apk. target_sdk_version=36, uses_libraries=, library_path=/data/app/~~FWXKRhurNwpBxVA1Z_bQJA==/com.sabaphru.Saunje-vQM19dqdlb3RGmwd3PobRQ==/lib/arm64:/data/app/~~FWXKRhurNwpBxVA1Z_bQJA==/com.sabaphru.Saunje-vQM19dqdlb3RGmwd3PobRQ==/base.apk!/lib/arm64-v8a, permitted_path=/data:/mnt/expand:/data/user/0/com.sabaphru.Saunje
12-10 17:10:07.776  8823  8823 V GraphicsEnvironment: Currently set values for:
12-10 17:10:07.777  8823  8823 V GraphicsEnvironment:   angle_gl_driver_selection_pkgs=[]
12-10 17:10:07.777  8823  8823 V GraphicsEnvironment:   angle_gl_driver_selection_values=[]
12-10 17:10:07.777  8823  8823 V GraphicsEnvironment: com.sabaphru.Saunje is not listed in per-application setting
12-10 17:10:07.777  8823  8823 V GraphicsEnvironment: ANGLE allowlist from config: 
12-10 17:10:07.777  8823  8823 V GraphicsEnvironment: com.sabaphru.Saunje is not listed in ANGLE allowlist or settings, returning default
12-10 17:10:07.777  8823  8823 V GraphicsEnvironment: App is not on the allowlist for updatable production driver.
12-10 17:10:07.777  2617  5958 D SurfaceComposerClient: setCornerRadius ## f06f62c Splash Screen com.sabaphru.Saunje#9452 cornerRadius=0.000000
12-10 17:10:07.779  2617  2617 W ProcessStats: Tracking association SourceState{c9fdb2c com.sec.android.daemonapp:weather_content_provider/10222 BFgs #92147} whose proc state 4 is better than process ProcessState{2310891 com.sec.android.daemonapp/10222 pkg=com.sec.android.daemonapp} proc state 5 (0 skipped)
12-10 17:10:07.782  7579  8850 W JobInfo : Job 'com.facebook.services/com.facebook.preloads.platform.common.periodicwork.PeriodicWorkJobService#3100' has a deadline with no functional constraints. The deadline won't improve job execution latency. Consider removing the deadline.
12-10 17:10:07.782  8823  8823 I FirebaseApp: Device unlocked: initializing all Firebase APIs for app [DEFAULT]
12-10 17:10:07.782  2617  6934 W JobInfo : Job 'com.facebook.services/com.facebook.preloads.platform.common.periodicwork.PeriodicWorkJobService#3100' has a deadline with no functional constraints. The deadline won't improve job execution latency. Consider removing the deadline.
12-10 17:10:07.783  2617  5958 D BLASTSyncEngine: SyncGroup 749:  Unfinished container: ActivityRecord{250135307 u0 com.sabaphru.Saunje/.MainActivity t5514} mSyncState=2
12-10 17:10:07.783  8823  8823 I FirebaseInitProvider: FirebaseApp initialization successful
12-10 17:10:07.784  2617  6933 D CoreBackPreview: Window{f06f62c u0 Splash Screen com.sabaphru.Saunje}: Setting back callback OnBackInvokedCallbackInfo{mCallback=android.window.IOnBackInvokedCallback$Stub$Proxy@96f0a7, mPriority=0, mIsAnimationCallback=false, mOverrideBehavior=0}
12-10 17:10:07.784  2617  5303 I WindowManager: Relayout Window{f06f62c u0 Splash Screen com.sabaphru.Saunje}: viewVisibility=0 req=720x1560 ty=3 d0
12-10 17:10:07.784  1778  4437 I SurfaceFlinger: id=9453 createSurf, flag=44004, Splash Screen com.sabaphru.Saunje$_3970#9453
12-10 17:10:07.784  2617  5303 D WindowManager: makeSurface duration=1 name=Splash Screen com.sabaphru.Saunje$_3970
12-10 17:10:07.784  2617  5303 D SurfaceComposerClient: setCornerRadius ## f06f62c Splash Screen com.sabaphru.Saunje#9452 cornerRadius=0.000000
12-10 17:10:07.784  4564  4700 I HoneySpace.TopTaskSource: onTaskMovedToFront : taskId = 5514, displayId = 0
12-10 17:10:07.784  8823  8823 D WM-WrkMgrInitializer: Initializing WorkManager with default configuration.
12-10 17:10:07.784  4564  4702 I HoneySpace.TopTaskUseCase: topTasks 5514 ComponentInfo{com.sabaphru.Saunje/com.sabaphru.Saunje.MainActivity}[displayId=0]
12-10 17:10:07.784  2617  5303 D SurfaceComposerClient: setCornerRadius ## f06f62c Splash Screen com.sabaphru.Saunje#9452 cornerRadius=0.000000
12-10 17:10:07.785  2617  5303 D BLASTSyncEngine: SyncGroup 749:  Unfinished container: ActivityRecord{250135307 u0 com.sabaphru.Saunje/.MainActivity t5514} mSyncState=2
12-10 17:10:07.785  2617  5303 I WindowManager: Relayout hash=f06f62c, pid=3970, syncId=-1: mAttrs={(0,0)(fillxfill) sim={adjust=pan} layoutInDisplayCutoutMode=always ty=APPLICATION_STARTING fmt=TRANSLUCENT wanim=0x1030306
12-10 17:10:07.785  2617  5303 I WindowManager:   fl=81030118
12-10 17:10:07.785  2617  5303 I WindowManager:   pfl=10000810
12-10 17:10:07.785  2617  5303 I WindowManager:   bhv=1
12-10 17:10:07.785  2617  5303 I WindowManager:   fitSides=0
12-10 17:10:07.785  2617  5303 I WindowManager:   frameRateBoostOnTouch=true
12-10 17:10:07.785  2617  5303 I WindowManager:   dvrrWindowFrameRateHint=true naviIconColor=0}
12-10 17:10:07.785  2617  6934 D PackageManager: setEnabledSetting : userId = 0 packageName = com.sabaphru.Saunje cmp = androidx.work.impl.background.systemjob.SystemJobService newState = 1 callingPackage = com.sabaphru.Saunje
12-10 17:10:07.785  2617  6934 D ApplicationPolicy: getApplicationStateEnabled : pkg = com.sabaphru.Saunje userId : 0
12-10 17:10:07.785  2617  6934 D ApplicationPolicy: getApplicationComponentState : pkg = com.sabaphru.Saunje userId : 0
12-10 17:10:07.785  3970  4104 I InsetsController: onStateChanged: host=Splash Screen com.sabaphru.Saunje, from=android.view.ViewRootImpl.onInsetsStateChanged:3026, state=InsetsState: {mDisplayFrame=Rect(0, 0 - 720, 1560), mDisplayCutout=DisplayCutout{insets=Rect(0, 56 - 0, 0) waterfall=Insets{left=0, top=0, right=0, bottom=0} boundingRect={Bounds=[Rect(0, 0 - 0, 0), Rect(343, 0 - 377, 56), Rect(0, 0 - 0, 0), Rect(0, 0 - 0, 0)]} cutoutPathParserInfo={CutoutPathParserInfo{displayWidth=720 displayHeight=1560 physicalDisplayWidth=720 physicalDisplayHeight=1560 density={1.875} cutoutSpec={M 0,0 H -9.066666666666667 V 29.86666666666667 H 9.066666666666667 V 0 H 0 Z @dp} rotation={0} scale={1.0} physicalPixelDisplaySizeRatio={1.0}}} sideOverrides={}}, mRoundedCorners=RoundedCorners{[RoundedCorner{position=TopLeft, radius=4, center=Point(4, 4)}, RoundedCorner{position=TopRight, radius=4, center=Point(716, 4)}, RoundedCorner{position=BottomRight, radius=4, center=Point(716, 1556)}, RoundedCorner{position=BottomLeft, radius=4, center=Point(4, 1556)}]}  mRoundedCornerFrame=Rect(0, 0 - 720, 1560), mPrivacyIndicatorBounds=PrivacyIndicatorBounds {static bounds=Rect(637, 0 - 720, 56) rotation=0}, mDisplayShape=DisplayShape{ spec=1406003047 displayWidth=720 displayHeight=1560 physicalPixelDisplaySizeRatio=0.5 rotation=0 offsetX=0 offsetY=0 scale=1.0}, mSources= { InsetsSource: {85330001 mType=navigationBars mFrame=[0,1470][720,1560] mVisible=true mFlags= mSideHint=BOTTOM mBoundingRects=null}, InsetsSource: {85330004 mType=systemGestures mFrame=[0,0][0,0] mVisible=true mFlags= mSideHint=NONE mBoundingRects=null}, InsetsSource: {85330005 mType=mandatorySystemGestures mFrame=[0,1470][720,1560] mVisible=true mFlags= mSideHint=BOTTOM mBoundingRects=null}, InsetsSource: {85330006 mType=tappableElement mFrame=[0,1470][720,1560] mVisible=true mFlags= mSideHint=BOTTOM mBoundingRects=null}, InsetsSource: {85330024 mType=systemGestures mFrame=[0,0][0,0] mVisible=true mFlags= mSideHint=NONE mBoundingRects=null}, InsetsSource: {c45e0000 mType=statusBars mFrame=[0,0][720,56] mVisible=true mFlags= mSideHint=TOP mBoundingRects=null}, InsetsSource: {c45e0005 mType=mandatorySystemGestures mFrame=[0,0][720,79] mVisible=true mFlags= mSideHint=TOP mBoundingRects=null}, InsetsSource: {c45e0006 mType=tappableElement mFrame=[0,0][720,56] mVisible=true mFlags= mSideHint=TOP mBoundingRects=null}, InsetsSource: {3 mType=ime mFrame=[0,0][0,0] mVisible=false mFlags= mSideHint=NONE mBoundingRects=null}, InsetsSource: {27 mType=displayCutout mFrame=[0,0][720,56] mVisible=true mFlags= mSideHint=TOP mBoundingRects=null} }
12-10 17:10:07.786  3970  4104 I VRI[Saunje]@4eab8b2: onActiveControlsChanged, removed=false, mAdded=true, caller=android.view.ViewRootImpl.handleInsetsControlChanged:3002 android.view.ViewRootImpl.relayoutWindow:11629 android.view.ViewRootImpl.performTraversals:4804 android.view.ViewRootImpl.doTraversal:3924 android.view.ViewRootImpl$TraversalRunnable.run:12903 
12-10 17:10:07.786  3970  4104 I BufferQueueProducer: [](id:f8200000175,api:0,p:1655203536,c:3970) setDequeueTimeout:2077252342
12-10 17:10:07.786  3970  4104 I BLASTBufferQueue_Java: new BLASTBufferQueue, mName= VRI[Saunje]@4eab8b2 mNativeObject= 0xb400006df30b56c0 caller= android.view.ViewRootImpl.updateBlastSurfaceIfNeeded:3585 android.view.ViewRootImpl.relayoutWindow:11685 android.view.ViewRootImpl.performTraversals:4804 android.view.ViewRootImpl.doTraversal:3924 android.view.ViewRootImpl$TraversalRunnable.run:12903 android.view.Choreographer$CallbackRecord.run:1901 android.view.Choreographer$CallbackRecord.run:1910 android.view.Choreographer.doCallbacks:1367 android.view.Choreographer.doFrame:1292 android.view.Choreographer$FrameDisplayEventReceiver.run:1870 
12-10 17:10:07.786  3970  4104 I BLASTBufferQueue_Java: update, w= 720 h= 1560 mName = VRI[Saunje]@4eab8b2 mNativeObject= 0xb400006df30b56c0 sc.mNativeObject= 0xb400006ff2a83c50 format= -3 caller= android.view.ViewRootImpl.updateBlastSurfaceIfNeeded:3590 android.view.ViewRootImpl.relayoutWindow:11685 android.view.ViewRootImpl.performTraversals:4804 android.view.ViewRootImpl.doTraversal:3924 android.view.ViewRootImpl$TraversalRunnable.run:12903 android.view.Choreographer$CallbackRecord.run:1901 
12-10 17:10:07.786  3970  4104 I VRI[Saunje]@4eab8b2: Relayout returned: old=(0,0,720,1560) new=(0,0,720,1560) relayoutAsync=false req=(720,1560)0 dur=22 res=0x3 s={true 0xb400006e02ca9b70} ch=true seqId=0
12-10 17:10:07.786  2617  3769 D AS.MultiSoundManager: mForegroundUid = 10154
12-10 17:10:07.786  3970  4104 I VRI[Saunje]@4eab8b2: performConfigurationChange setNightDimText nightDimLevel=0
12-10 17:10:07.787  3970  4104 D VRI[Saunje]@4eab8b2: mThreadedRenderer.initialize() mSurface={isValid=true 0xb400006e02ca9b70} hwInitialized=true
12-10 17:10:07.787  3970  4104 D VRI[Saunje]@4eab8b2: reportNextDraw android.view.ViewRootImpl.performTraversals:5443 android.view.ViewRootImpl.doTraversal:3924 android.view.ViewRootImpl$TraversalRunnable.run:12903 android.view.Choreographer$CallbackRecord.run:1901 android.view.Choreographer$CallbackRecord.run:1910 
12-10 17:10:07.787  3970  4104 D VRI[Saunje]@4eab8b2: Setup new sync=wmsSync-VRI[Saunje]@4eab8b2#16
12-10 17:10:07.787  3970  4104 I VRI[Saunje]@4eab8b2: Creating new active sync group VRI[Saunje]@4eab8b2#17
12-10 17:10:07.788  3970  4104 D VRI[Saunje]@4eab8b2: registerCallbacksForSync syncBuffer=false
12-10 17:10:07.788  8823  8823 W SoLoader: Initializing SoLoader: 0
12-10 17:10:07.788  8823  8823 W SoLoader: Recording new base apk path: /data/app/~~FWXKRhurNwpBxVA1Z_bQJA==/com.sabaphru.Saunje-vQM19dqdlb3RGmwd3PobRQ==/base.apk
12-10 17:10:07.788  8823  8823 W SoLoader: Previously recorded 0 base apk paths.
12-10 17:10:07.788  8823  8823 I SoLoader: Preparing SO source: DirectorySoSource[root = /vendor/lib64 flags = 2]
12-10 17:10:07.788  8823  8823 I SoLoader: Preparing SO source: DirectorySoSource[root = /system/lib64 flags = 2]
12-10 17:10:07.788  8823  8823 I SoLoader: Preparing SO source: DirectApkSoSource[root = [/data/app/~~FWXKRhurNwpBxVA1Z_bQJA==/com.sabaphru.Saunje-vQM19dqdlb3RGmwd3PobRQ==/base.apk!/lib/arm64-v8a]]
12-10 17:10:07.789  3970  4196 D VRI[Saunje]@4eab8b2: Received frameDrawingCallback syncResult=0 frameNum=1.
12-10 17:10:07.789  3970  4196 I VRI[Saunje]@4eab8b2: mWNT: t=0xb400006e92b90950 mBlastBufferQueue=0xb400006df30b56c0 fn= 1 HdrRenderState mRenderHdrSdrRatio=1.0 caller= android.view.ViewRootImpl$12.onFrameDraw:15441 android.view.ThreadedRenderer$1.onFrameDraw:718 <bottom of call stack> 
12-10 17:10:07.789  3970  4196 I VRI[Saunje]@4eab8b2: Setting up sync and frameCommitCallback
12-10 17:10:07.789  8823  8823 I SoLoader: Preparing SO source: ApplicationSoSource[DirectorySoSource[root = /data/app/~~FWXKRhurNwpBxVA1Z_bQJA==/com.sabaphru.Saunje-vQM19dqdlb3RGmwd3PobRQ==/lib/arm64 flags = 0]]
12-10 17:10:07.789  8823  8823 I SoLoader: init finish: 4 SO sources prepared
12-10 17:10:07.789  8823  8823 W SoLoader: SoLoader initialized: 8
12-10 17:10:07.789  3970  4201 W qdgralloc: getInterlacedFlag: getMetaData returned 3, defaulting to interlaced_flag = 0
12-10 17:10:07.789  3970  3970 I {OngoingActivityController}: onTaskFocusChanged but OA data is empty
12-10 17:10:07.790  3970  4201 I BLASTBufferQueue: [VRI[Saunje]@4eab8b2#373](f:0,a:0,s:0) onFrameAvailable the first frame is available
12-10 17:10:07.790  3970  4201 I SurfaceComposerClient: apply transaction with the first frame. layerId: 9453, bufferData(ID: 17051020169485, frameNumber: 1)
12-10 17:10:07.790  1778  1936 I SurfaceFlinger: [Splash Screen com.sabaphru.Saunje$_3970#9453] setTransactionState with the first frame. bufferData(ID: 17051020169485, frameNumber: 1)
12-10 17:10:07.790  3970  4201 I VRI[Saunje]@4eab8b2: Received frameCommittedCallback lastAttemptedDrawFrameNum=1 didProduceBuffer=true
12-10 17:10:07.791  3970  4201 D HWUI    : CFMS:: SetUp Pid : 3970    Tid : 4201
12-10 17:10:07.791  3970  4104 D VRI[Saunje]@4eab8b2: reportDrawFinished seqId=0
12-10 17:10:07.792  2617  6933 D WindowManager: finishDrawingWindow: Window{f06f62c u0 Splash Screen com.sabaphru.Saunje} mDrawState=DRAW_PENDING seqId=0
12-10 17:10:07.792  2617  6933 V WindowManager: Finishing drawing window Window{f06f62c u0 Splash Screen com.sabaphru.Saunje}: mDrawState=DRAW_PENDING
12-10 17:10:07.792  2617  6933 V WindowManager: Draw state now committed in Window{f06f62c u0 Splash Screen com.sabaphru.Saunje}
12-10 17:10:07.792  2617  2962 D SurfaceComposerClient: setCornerRadius ## f06f62c Splash Screen com.sabaphru.Saunje#9452 cornerRadius=0.000000
12-10 17:10:07.792  8823  8855 E ashmem  : Pinning is deprecated since Android Q. Please use trim or other methods.
12-10 17:10:07.792  2617  2962 D SurfaceComposerClient: setCornerRadius ## f06f62c Splash Screen com.sabaphru.Saunje#9452 cornerRadius=0.000000
12-10 17:10:07.792  2617  2962 V WindowManager: SyncGroup 749: Finished!
12-10 17:10:07.792  8823  8823 D nativeloader: Load /data/app/~~FWXKRhurNwpBxVA1Z_bQJA==/com.sabaphru.Saunje-vQM19dqdlb3RGmwd3PobRQ==/base.apk!/lib/arm64-v8a/libc++_shared.so using class loader ns clns-10 (caller=/data/app/~~FWXKRhurNwpBxVA1Z_bQJA==/com.sabaphru.Saunje-vQM19dqdlb3RGmwd3PobRQ==/base.apk!classes2.dex): ok
12-10 17:10:07.793  2617  2961 V Configuration: Updating configuration, locales updated from [] to [en_GB]
12-10 17:10:07.793  2617  2962 V WindowManager: performShowLocked: mDrawState=HAS_DRAWN in Window{f06f62c u0 Splash Screen com.sabaphru.Saunje}
12-10 17:10:07.793  2617  2962 D ChangeTransitionController: onTransactionReady: TransitionRecord{64ab2da id=749 type=OPEN flags=0x0 c=[
12-10 17:10:07.793  2617  2962 D ChangeTransitionController:    ChangeInfo{e257033 container=WallpaperWindowToken{fdfca4 showWhenLocked=true}_<lock> flags=0x0}
12-10 17:10:07.793  2617  2962 D ChangeTransitionController:    ChangeInfo{8927ff0 container=Task{2b8640a #1 type=home} flags=0x0}
12-10 17:10:07.793  2617  2962 D ChangeTransitionController:    ChangeInfo{848883 container=Display{#0 state=ON size=720x1560 ROTATION_0} flags=0x0}
12-10 17:10:07.793  2617  2962 D ChangeTransitionController:    ChangeInfo{cfbc969 container=Task{330a89d #5386 type=home I=com.sec.android.app.launcher/.activities.LauncherActivity} flags=0x0}
12-10 17:10:07.793  2617  2962 D ChangeTransitionController:    ChangeInfo{ec8efee container=ActivityRecord{111613257 u0 com.sec.android.app.launcher/.activities.LauncherActivity t5386} flags=0x0}
12-10 17:10:07.793  2617  2962 D ChangeTransitionController:    ChangeInfo{2583a00 container=Task{99eb401 #5514 type=standard A=10154:com.sabaphru.Saunje} flags=0x0}
12-10 17:10:07.793  2617  2962 D ChangeTransitionController:    ChangeInfo{d3ce239 container=DefaultTaskDisplayArea_d0@212030949 flags=0x0}
12-10 17:10:07.793  2617  2962 D ChangeTransitionController:    ChangeInfo{efe07e container=ActivityRecord{250135307 u0 com.sabaphru.Saunje/.MainActivity t5514} flags=0x0}
12-10 17:10:07.793  2617  2962 D ChangeTransitionController:    ChangeInfo{4bcdc8f container=RemoteWallpaperAnim:1:1@258223267 flags=0x0}
12-10 17:10:07.793  2617  2962 D ChangeTransitionController: ]
12-10 17:10:07.793  2617  2962 D ChangeTransitionController: }
12-10 17:10:07.793  2617  2962 V WindowManager: Start calculating TransitionInfo based on participants: {WallpaperWindowToken{fdfca4 showWhenLocked=true}_<lock>, ActivityRecord{111613257 u0 com.sec.android.app.launcher/.activities.LauncherActivity t5386}, Task{99eb401 #5514 type=standard A=10154:com.sabaphru.Saunje}, ActivityRecord{250135307 u0 com.sabaphru.Saunje/.MainActivity t5514}}
12-10 17:10:07.793  2617  2962 V WindowManager:   Final targets: [ChangeInfo{2583a00 container=Task{99eb401 #5514 type=standard A=10154:com.sabaphru.Saunje} flags=0x10}, ChangeInfo{8927ff0 container=Task{2b8640a #1 type=home} flags=0x10}, ChangeInfo{e257033 container=WallpaperWindowToken{fdfca4 showWhenLocked=true}_<lock> flags=0x0}]
12-10 17:10:07.793  1778  4437 I SurfaceFlinger: id=9454 createSurf, flag=84004, Transition Root: Task=5514#9454
12-10 17:10:07.793  2617  2962 I SurfaceControlRegistry: show, t=StartTransaction_SyncId<749> sc=ActivityRecord{250135307 u0 com.sabaphru.Saunje/.MainActivity t5514}, caller=android.view.SurfaceControl$Transaction.show:3557 com.android.server.wm.Transition.onTransactionReady:2048 com.android.server.wm.BLASTSyncEngine$SyncGroup.finishNow:240 com.android.server.wm.BLASTSyncEngine.onSurfacePlacement:263 com.android.server.wm.RootWindowContainer.performSurfacePlacementNoTrace:1083 com.android.server.wm.WindowSurfacePlacer.performSurfacePlacement:166 
12-10 17:10:07.793  2617  2962 D SurfaceComposerClient: setCornerRadius ## WallpaperWindowToken{fdfca4 showWhenLocked=false}#76 cornerRadius=0.000000
12-10 17:10:07.793  2617  2962 D SurfaceComposerClient: setCornerRadius ## Task=1#53 cornerRadius=0.000000
12-10 17:10:07.793  2617  2962 D SurfaceComposerClient: setCornerRadius ## Task=5514#9450 cornerRadius=0.000000
12-10 17:10:07.793  2617  2961 V Configuration: Updating configuration, locales updated from [] to [en_GB]
12-10 17:10:07.794  2617  2962 V WindowManager: Calling onTransitionReady: {id=749 t=OPEN f=0x0 trk=0 r=[0@Point(0, 0)] c=[
12-10 17:10:07.794  2617  2962 V WindowManager:         {WCT{RemoteToken{28441b4 Task{99eb401 #5514 type=standard A=10154:com.sabaphru.Saunje}}} m=OPEN f=NONE leash=Surface(name=Task=5514)/@0x7a25d08 sb=Rect(0, 0 - 720, 1560) eb=Rect(0, 0 - 720, 1560) epz=Point(720, 1560) d=0 taskParent=-1 inset=Rect(0, 56 - 0, 90) dim=true},
12-10 17:10:07.794  2617  2962 V WindowManager:         {WCT{RemoteToken{184b388 Task{2b8640a #1 type=home}}} m=TO_BACK f=SHOW_WALLPAPER|EDGE_EXTENSION_RESTRICTION leash=Surface(name=Task=1)/@0x23c993c sb=Rect(0, 0 - 720, 1560) eb=Rect(0, 0 - 720, 1560) epz=Point(720, 1560) d=0 taskParent=-1 inset=Rect(0, 56 - 0, 90)},
12-10 17:10:07.794  2617  2962 V WindowManager:         {m=TO_BACK f=IS_WALLPAPER p=WCT{RemoteToken{4f867b0 RemoteWallpaperAnim:1:1@258223267}} leash=Surface(name=WallpaperWindowToken{fdfca4 showWhenLocked=false})/@0xfc6db44 sb=Rect(0, 0 - 720, 1560) eb=Rect(0, 0 - 720, 1560) epz=Point(720, 1560) d=0 inset=Rect(0, 0 - 0, 0)}
12-10 17:10:07.794  2617  2962 V WindowManager:     ]}
