12-10 17:10:07.794  6672 10270 I [AirCmd]_ActivitySwitchDetector: onTaskFocusChanged : taskId=5514, componentName=ComponentInfo{com.sabaphru.Saunje/com.sabaphru.Saunje.MainActivity}
12-10 17:10:07.794  6672 10270 I [AirCmd]_ActivitySwitchDetector: onTaskFocusChanged :mTopMostActivity = ComponentInfo{com.sec.android.app.launcher/com.sec.android.app.launcher.Launcher}
12-10 17:10:07.794  2617  2961 D EnterpriseDeviceManagerService: isMdmAdminPresentInternal() : MDM Admin Found - com.samsung.knox.securefolder
12-10 17:10:07.794  2617  2962 D PowerManagerService: [api] setPowerBoost(L) boost:0, durationMs:0, caller (uid: 1000 pid: 2617) <- m() in com.android.server.display.DisplayManagerService$BinderService$$ExternalSyntheticOutline0:1
12-10 17:10:07.794  2617  2961 D SGM:FgCheckThread: noteResumeComponent(), received pkgName: com.sabaphru.Saunje, userId: 0
12-10 17:10:07.794  6672 10270 I [AirCmd]_CallbackRepeater: stopRepeat : isWorking=false
12-10 17:10:07.794  6672 10270 I [AirCmd]_MediaControlStateMonitor: isForegroundAppSupportsMediaButton : mediaSession is empty
12-10 17:10:07.794  8823  8823 D nativeloader: Load /data/app/~~FWXKRhurNwpBxVA1Z_bQJA==/com.sabaphru.Saunje-vQM19dqdlb3RGmwd3PobRQ==/base.apk!/lib/arm64-v8a/libjsi.so using class loader ns clns-10 (caller=/data/app/~~FWXKRhurNwpBxVA1Z_bQJA==/com.sabaphru.Saunje-vQM19dqdlb3RGmwd3PobRQ==/base.apk!classes2.dex): ok
12-10 17:10:07.794  3970  4009 V WindowManagerShell: onTransitionReady(transaction=11239929539899)
12-10 17:10:07.794  2617  3674 D SGM:FgCheckThread: onLooperPrepared(), msg: MSG_APP_RESUME, pkgName: com.sabaphru.Saunje, userid: 0
12-10 17:10:07.794  2617  3674 D SGM:FgCheckThread: handleResume().
12-10 17:10:07.794  3970  4072 V WindowManagerShell: onTransitionReady (#749) android.os.BinderProxy@7e31003: {id=749 t=OPEN f=0x0 trk=0 r=[0@Point(0, 0)] c=[
12-10 17:10:07.794  3970  4072 V WindowManagerShell:         {m=OPEN f=NONE leash=Surface(name=Task=5514)/@0x237fff3 sb=Rect(0, 0 - 720, 1560) eb=Rect(0, 0 - 720, 1560) epz=Point(720, 1560) d=0 taskParent=-1 inset=Rect(0, 56 - 0, 90) dim=true},
12-10 17:10:07.794  3970  4072 V WindowManagerShell:         {m=TO_BACK f=SHOW_WALLPAPER|EDGE_EXTENSION_RESTRICTION leash=Surface(name=Task=1)/@0xac634b0 sb=Rect(0, 0 - 720, 1560) eb=Rect(0, 0 - 720, 1560) epz=Point(720, 1560) d=0 taskParent=-1 inset=Rect(0, 56 - 0, 90)},
12-10 17:10:07.794  3970  4072 V WindowManagerShell:         {m=TO_BACK f=IS_WALLPAPER p=WCT{android.window.IWindowContainerToken$Stub$Proxy@dc8a84f} leash=Surface(name=WallpaperWindowToken{fdfca4 showWhenLocked=false})/@0xa923f29 sb=Rect(0, 0 - 720, 1560) eb=Rect(0, 0 - 720, 1560) epz=Point(720, 1560) d=0 inset=Rect(0, 0 - 0, 0)}
12-10 17:10:07.794  3970  4072 V WindowManagerShell:     ]}
12-10 17:10:07.795  3970  4072 V ShellDesktopMode: DesktopModeLogger: taskInfo map after processing changes 0
12-10 17:10:07.795  3970  4072 D ShellDesktopMode: DesktopTaskChangeListener: onTaskOpening for taskId=5514, displayId=0
12-10 17:10:07.795  3970  4072 I SurfaceControlRegistry: hide, t=FinishTransaction_SyncId<749> sc=Task=1, caller=android.view.SurfaceControl$Transaction.hide:3583 com.android.wm.shell.transition.Transitions.dispatchReady:1263 com.android.wm.shell.transition.Transitions.onTransitionReady:251 com.android.wm.shell.transition.Transitions$TransitionPlayerImpl$$ExternalSyntheticLambda0.run:13 android.os.Handler.handleCallback:995 android.os.Handler.dispatchMessage:103 
12-10 17:10:07.795  3970  4072 I SurfaceControlRegistry: show, t=StartTransaction_SyncId<749> sc=Task=5514, caller=android.view.SurfaceControl$Transaction.show:3557 com.android.wm.shell.transition.Transitions.dispatchReady:1279 com.android.wm.shell.transition.Transitions.onTransitionReady:251 com.android.wm.shell.transition.Transitions$TransitionPlayerImpl$$ExternalSyntheticLambda0.run:13 android.os.Handler.handleCallback:995 android.os.Handler.dispatchMessage:103 
12-10 17:10:07.795  2617  3798 I CocktailBarManagerServiceContainer: handleMessage: entry what = 5
12-10 17:10:07.795  3970  4072 I SurfaceControlRegistry: show, t=FinishTransaction_SyncId<749> sc=Task=5514, caller=android.view.SurfaceControl$Transaction.show:3557 com.android.wm.shell.transition.Transitions.dispatchReady:1330 com.android.wm.shell.transition.Transitions.onTransitionReady:251 com.android.wm.shell.transition.Transitions$TransitionPlayerImpl$$ExternalSyntheticLambda0.run:13 android.os.Handler.handleCallback:995 android.os.Handler.dispatchMessage:103 
12-10 17:10:07.795  3970  4072 V WindowManagerShell: Playing animation for (#749) android.os.BinderProxy@7e31003@0
12-10 17:10:07.795  3970  4072 I SurfaceControlRegistry: show, t=StartTransaction_SyncId<749> sc=Transition Root: Task=5514, caller=android.view.SurfaceControl$Transaction.show:3557 com.android.wm.shell.transition.Transitions.playTransition:79 com.android.wm.shell.transition.Transitions.processReadyQueue:239 com.android.wm.shell.transition.Transitions.dispatchReady:1352 com.android.wm.shell.transition.Transitions.onTransitionReady:251 com.android.wm.shell.transition.Transitions$TransitionPlayerImpl$$ExternalSyntheticLambda0.run:13 
12-10 17:10:07.795  3970  4072 V WindowManagerShell:  try firstHandler com.android.wm.shell.transition.DefaultMixedHandler@3e4ac5f
12-10 17:10:07.795  3970  4072 V WindowManagerShell: Mixed transition for opening an intent with a remote transition and PIP or Desktop #749
12-10 17:10:07.795  3970  4072 V WindowManagerShell: tryAnimateOpenIntentWithRemoteAndPipOrDesktop
12-10 17:10:07.795  3970  4072 V WindowManagerShell:  Delegate animation for (#749) to RemoteTransition { remoteTransition = android.window.IRemoteTransition$Stub$Proxy@b7ca95f, appThread = android.app.IApplicationThread$Stub$Proxy@e293fac, debugName = QuickstepLaunchflags =NONE }
12-10 17:10:07.795  3970  4072 V WindowManagerShell:  Excluded change from remote targets at (#749), change={m=TO_BACK f=IS_WALLPAPER p=WCT{android.window.IWindowContainerToken$Stub$Proxy@dc8a84f} leash=Surface(name=WallpaperWindowToken{fdfca4 showWhenLocked=false})/@0xa923f29 sb=Rect(0, 0 - 720, 1560) eb=Rect(0, 0 - 720, 1560) epz=Point(720, 1560) d=0 inset=Rect(0, 0 - 0, 0)}
12-10 17:10:07.796  8823  8823 D nativeloader: Load /data/app/~~FWXKRhurNwpBxVA1Z_bQJA==/com.sabaphru.Saunje-vQM19dqdlb3RGmwd3PobRQ==/base.apk!/lib/arm64-v8a/libfbjni.so using class loader ns clns-10 (caller=/data/app/~~FWXKRhurNwpBxVA1Z_bQJA==/com.sabaphru.Saunje-vQM19dqdlb3RGmwd3PobRQ==/base.apk!classes2.dex): ok
12-10 17:10:07.796  3970  4072 V WindowManagerShell:  animated by firstHandler
12-10 17:10:07.796  1778  4437 I SurfaceFlinger: id=9455 createSurf, flag=84000, Surface(name=Task=5514)/@0xeba7db6_transition-leash#9455
12-10 17:10:07.796  4564 23138 I SurfaceControlRegistry: show, t=StartTransaction_SyncId<749> sc=Task=5514, caller=android.view.SurfaceControl$Transaction.show:3557 S.j.a:152 S.j.u:0 S.j.t:0 com.android.systemui.animation.RemoteAnimationTargetCompat.wrap:48 com.android.systemui.animation.RemoteAnimationTargetCompat.wrapApps:10 
12-10 17:10:07.796  1778  1936 I SurfaceFlinger: id=9456 createSurf, flag=84000, Surface(name=Task=1)/@0x7252224_transition-leash#9456
12-10 17:10:07.796  4564 23138 I SurfaceControlRegistry: show, t=StartTransaction_SyncId<749> sc=Task=1, caller=android.view.SurfaceControl$Transaction.show:3557 S.j.a:152 S.j.u:0 S.j.t:0 com.android.systemui.animation.RemoteAnimationTargetCompat.wrap:48 com.android.systemui.animation.RemoteAnimationTargetCompat.wrapApps:10 
12-10 17:10:07.796  4564 23138 I SurfaceControlRegistry: apply, t=StartTransaction_SyncId<749>, caller=android.view.SurfaceControl$Transaction.apply:3459 android.view.SurfaceControl$Transaction.apply:3447 android.view.SurfaceControl$Transaction.apply:3397 com.android.systemui.animation.RemoteAnimationRunnerCompat$1.startAnimation:645 android.window.IRemoteTransition$Stub.onTransact:162 android.os.Binder.execTransactInternal:1462 
12-10 17:10:07.796  2617  3674 D SGM:FgCheckThread: sendFocusOutConditionally() - mPrevNotiPkg: (unknown), userId: 0
12-10 17:10:07.796  2617  3674 D SGM:FgCheckThread:   handleResume(). pkgName: com.sabaphru.Saunje, userId: 0, category: non-game
12-10 17:10:07.796  2617  3674 D SGM:FgCheckThread: notifyFocusInOut(). of pkg: com.sabaphru.Saunje, type: 4, isSecGameFamily: false, userId: 0
12-10 17:10:07.796  2617  3674 D SGM:FgCheckThread:   notifyFocusInOut(). unexpected mPrevNotiType: -1
12-10 17:10:07.796  2617  3674 D SGM:SystemHelper: callReleaseBlock needReleaseBlock:false
12-10 17:10:07.797  4564 23138 I HoneySpace.ShellAnimationRunner: [onAnimationStart] appTarget(0) : taskId-5514, mode-0
12-10 17:10:07.797  4564 23138 I HoneySpace.ShellAnimationRunner: cookie: 163110
12-10 17:10:07.797  4564 23138 I HoneySpace.ShellAnimationRunner: [onAnimationStart] appTarget(1) : taskId-1, mode-1
12-10 17:10:07.797  4564  4564 I HoneySpace.ShellAnimationRunner: this , com.honeyspace.transition.ShellAnimationRunner@4ebbb53
12-10 17:10:07.797  1778  1778 I SurfaceFlinger: RequestedLayer [f06f62c Splash Screen com.sabaphru.Saunje#9452] hidden!! flag  from(1) --> to(0)
12-10 17:10:07.797  1778  1778 I SurfaceFlinger: RequestedLayer [Splash Screen com.sabaphru.Saunje$_3970#9453] hidden!! flag  from(1) --> to(0)
12-10 17:10:07.797  1778  1778 I SurfaceFlinger: RequestedLayer [Task=5514#9450] hidden!! flag  from(1) --> to(0)
12-10 17:10:07.797  1778  1778 I SurfaceFlinger: RequestedLayer [Transition Root: Task=5514#9454] hidden!! flag  from(1) --> to(0)
12-10 17:10:07.797  4564  4564 I HoneySpace.ShellTransitionManager: open animation start
12-10 17:10:07.797  1778  1778 I SurfaceFlinger: RequestedLayer [ActivityRecord{250135307 u0 com.sabaphru.Saunje/.MainActivity t5514}#9451] hidden!! flag  from(1) --> to(0)
12-10 17:10:07.797  1778  1778 E SurfaceFlinger: alpha changed 1.000 -> 0.000 - Surface(name=Task=5514)/@0xeba7db6_transition-leash#9455
12-10 17:10:07.797  1778  1778 I SurfaceFlinger: [LayerHierarchy{RequestedLayerState{ImeContainer#15 parentId=142 relativeParentId=142 z=1} 1 children}] RelativeParent to null
12-10 17:10:07.797  1778  1778 I SurfaceFlinger: [LayerHierarchy{RequestedLayerState{Task=1#53 parentId=9456} 2 children}] reparent to LayerHierarchy{RequestedLayerState{Surface(name=Task=1)/@0x7252224_transition-leash#9456 parentId=9454 z=1} 1 children}
12-10 17:10:07.797  1778  1778 I SurfaceFlinger: [LayerHierarchy{RequestedLayerState{Task=5514#9450 parentId=9455} 1 children}] reparent to LayerHierarchy{RequestedLayerState{Surface(name=Task=5514)/@0xeba7db6_transition-leash#9455 parentId=9454 z=4} 1 children}
12-10 17:10:07.797  1778  1778 I SurfaceFlinger: [Splash Screen com.sabaphru.Saunje$_3970#9453] attach to parent LayerHierarchy{RequestedLayerState{f06f62c Splash Screen com.sabaphru.Saunje#9452 parentId=9451 z=2147483647} 1 children}
12-10 17:10:07.797  1778  1778 I SurfaceFlinger: [Transition Root: Task=5514#9454] attach to parent LayerHierarchy{RequestedLayerState{DefaultTaskDisplayArea_d0#10 parentId=9} 12 children}
12-10 17:10:07.797  1778  1778 I SurfaceFlinger: [Surface(name=Task=5514)/@0xeba7db6_transition-leash#9455] attach to parent LayerHierarchy{RequestedLayerState{Transition Root: Task=5514#9454 parentId=10 z=10} 1 children}
12-10 17:10:07.797  1778  1778 I SurfaceFlinger: [Surface(name=Task=1)/@0x7252224_transition-leash#9456] attach to parent LayerHierarchy{RequestedLayerState{Transition Root: Task=5514#9454 parentId=10 z=10} 2 children}
12-10 17:10:07.797  4564  4564 I HoneySpace.ShellAnimationRunner: finishExistingAnimation, null
12-10 17:10:07.797  4564  4564 I HoneySpace.AppLaunchAnimationDelegate: onAnimationStart
12-10 17:10:07.797  2617  2961 I DisplayDeviceRepository: Display device changed render timings: "Built-in Screen", renderFrameRate=60.000004, presentationDeadlineNanos=17666666, appVsyncOffsetNanos=16666666, frameRateOverrides=[{uid=10050 frameRateHz=60.000004}, {uid=10145 frameRateHz=60.000004}, {uid=10157 frameRateHz=60.000004}]
12-10 17:10:07.797  2617  2958 V WindowManager: Sent Transition (#749) createdAt=12-10 17:10:07.752 via request=TransitionRequestInfo { type = OPEN, triggerTask = TaskInfo{userId=0 taskId=5514 effectiveUid=10154 displayId=0 isRunning=true baseIntent=Intent { act=android.intent.action.MAIN cat=[android.intent.category.LAUNCHER] flg=0x10200000 cmp=com.sabaphru.Saunje/.MainActivity } baseActivity=ComponentInfo{com.sabaphru.Saunje/com.sabaphru.Saunje.MainActivity} topActivity=ComponentInfo{com.sabaphru.Saunje/com.sabaphru.Saunje.MainActivity} origActivity=null realActivity=ComponentInfo{com.sabaphru.Saunje/com.sabaphru.Saunje.MainActivity} numActivities=1 lastActiveTime=26231400 supportsMultiWindow=true resizeMode=1 isResizeable=true minWidth=-1 minHeight=-1 maxWidth=-1 maxHeight=-1 defaultMinSize=220 desktopDefaultMinSize=304 token=WCT{RemoteToken{28441b4 Task{99eb401 #5514 type=standard A=10154:com.sabaphru.Saunje}}} topActivityType=1 pictureInPictureParams=null shouldDockBigOverlays=false launchIntoPipHostTaskId=-1 lastParentTaskIdBeforePip=-1 displayCutoutSafeInsets=Rect(0, 56 - 0, 0) topActivityInfo=ActivityInfo{2d4077f com.sabaphru.Saunje.MainActivity} launchCookies=[android.os.BinderProxy@9ca134c] positionInParent=Point(0, 0) parentTaskId=-1 isFocused=false isVisible=false isVisibleRequested=false isTopActivityNoDisplay=false isSleeping=false locusId=null displayAreaFeatureId=1 isTopActivityTransparent=false isActivityStackTransparent=false lastNonFullscreenBounds=Rect(54, 373 - 666, 1153) capturedLink=null capturedLinkTimestamp=0 requestedVisibleTypes=-9 topActivityRequestOpenInBrowserEducationTimestamp=0 appCompatTaskInfo=AppCompatTaskInfo { topActivityInSizeCompat=false eligibleForLetterboxEducation= false isLetterboxEducationEnabled= false isLetterboxDoubleTapEnabled= false eligibleForUserAspectRatioButton= false topActivityBoundsLetterboxed= false isFromLetterboxDoubleTap= false topActivityLetterboxVerticalPosition= -1 topActivityLetterboxHorizontalPosition= -1 topActivityLetterboxWidth=-1 topActivityLetterboxHeight=-1 topActivityAppBounds=Rect(0, 0 - 720, 1560) isUserFullscreenOverrideEnabled=false isSystemFullscreenOverrideEnabled=false hasMinAspectRatioOverride=false topActivityLetterboxBounds=null cameraCompatTaskInfo=CameraCompatTaskInfo { freeformCameraCompatMode=inactive} topActivityBounds=null topActivityInDisplayCompat=false singleTapFromLetterbox=false} topActivityMainWindowFrame=null originallySupportedMultiWindow=true hasWallpaper=false rootAffinity=10154:com.sabaphru.Saunje isTopTaskInStage=false CoverLauncherWidgetTask=false LaunchedFromAppsCoverLauncherTask=false LaunchedFromMultistarCoverLauncherTask=false isAllowedSeamlessRotation=false isTopTransparentActivity=false isAliasManaged=false hasConfigChanged=false snappingGuideBounds=null isAiKeyRemoveAppTask=false lastDesktopWindowingBounds=null lastExternalDesktopWindowingBounds=null safeCutoutInsets=null}, pipChange = null, remoteTransition = RemoteTransition { remoteTransition = android.window.IRemoteTransition$Stub$Proxy@5b38f95, appThread = android.app.IApplicationThread$Stub$Proxy@571b8aa, debugName = QuickstepLaunchflags =NONE }, displayChange = null, flags = 0, debugId = 749 }
12-10 17:10:07.797  1778  4437 I SurfaceFlinger: id=9457 createSurf, flag=84000, 5a85485 ActivityRecordInputSink com.sabaphru.Saunje/.MainActivity#9457
12-10 17:10:07.797  2617  2958 V WindowManager:     startWCT=WindowContainerTransaction { changes= {} hops= [] errorCallbackToken=null taskFragmentOrganizer=null }
12-10 17:10:07.797  6829  7530 I SDHMS:k : handleResumeComponent : put = com.sabaphru.Saunje, userid = 0 instanceid =148800743
12-10 17:10:07.797  4564  4564 I HoneySpace.AppLaunchAnimationDelegate: composeIconLaunchAnimator
12-10 17:10:07.797  4564  4564 I HoneySpace.AppLaunchAnimationDelegate: playAnim: translucent:false
12-10 17:10:07.797  4564  4564 I HoneySpace.FloatingAnimator: [Player:A(7.748)] lateTargetsSetup, id: 163110
12-10 17:10:07.797  4564  4564 I HoneySpace.AppLaunchAnimationDelegate: playFloatingIconAnim, appPlayer: 75444446
12-10 17:10:07.798  8823  8823 D nativeloader: Load /data/app/~~FWXKRhurNwpBxVA1Z_bQJA==/com.sabaphru.Saunje-vQM19dqdlb3RGmwd3PobRQ==/base.apk!/lib/arm64-v8a/libreactnative.so using class loader ns clns-10 (caller=/data/app/~~FWXKRhurNwpBxVA1Z_bQJA==/com.sabaphru.Saunje-vQM19dqdlb3RGmwd3PobRQ==/base.apk!classes2.dex): ok
12-10 17:10:07.798  8823  8823 D jni_lib_merge: Entering merged library JNI_OnLoad.
12-10 17:10:07.798  8823  8823 D jni_lib_merge: Preparing 12 pre-merged libs (including stub)
12-10 17:10:07.798  8823  8823 D jni_lib_merge: Preparing to register libfabricjni_so.  onload_func: 0x6d4fed1edc
12-10 17:10:07.798  8823  8823 D jni_lib_merge: Preparing to register libreact_devsupportjni_so.  onload_func: 0x6d4ffa2f40
12-10 17:10:07.798  8823  8823 D jni_lib_merge: Preparing to register libreact_featureflagsjni_so.  onload_func: 0x6d4ffb59f8
12-10 17:10:07.798  8823  8823 D jni_lib_merge: Preparing to register libreact_newarchdefaults_so.  onload_func: 0x6d4ffdae30
12-10 17:10:07.798  8823  8823 D jni_lib_merge: Preparing to register libreactnativeblob_so.  onload_func: 0x6d5006d5b0
12-10 17:10:07.798  8823  8823 D jni_lib_merge: Preparing to register libreactnativejni_so.  onload_func: 0x6d50087b24
12-10 17:10:07.798  8823  8823 D jni_lib_merge: Preparing to register libreactnativejni_common_so.  onload_func: 0x6d5008e458
12-10 17:10:07.798  8823  8823 D jni_lib_merge: Preparing to register librninstance_so.  onload_func: 0x6d500aa070
12-10 17:10:07.798  8823  8823 D jni_lib_merge: Preparing to register libturbomodulejsijni_so.  onload_func: 0x6d501421a4
12-10 17:10:07.798  8823  8823 D jni_lib_merge: Preparing to register libuimanagerjni_so.  onload_func: 0x6d501497e0
12-10 17:10:07.798  8823  8823 D jni_lib_merge: Preparing to register libyoga_so.  onload_func: 0x6d50150da4
12-10 17:10:07.798  8823  8823 D jni_lib_merge: About to register 11 actual methods.
12-10 17:10:07.798  4564  4564 I HoneySpace.AppTransitionAnimationAwait: prepare refCnt:1 timeout:500
12-10 17:10:07.798  4564  4564 I HoneySpace.FloatingAnimator: [Player:A(7.748)] value animator:[238220442] started
12-10 17:10:07.798  4564  4564 I HoneySpace.AnimationResult: setAnimation, animation: false
12-10 17:10:07.798  4564  4564 I HoneySpace.HoneySystemControllerImpl: isRecentsActivityIdleState false
12-10 17:10:07.798  4564  6580 I HoneySpace.RecentTasks: onRunningTaskAppeared
12-10 17:10:07.798  4564  6580 I HoneySpace.RecentTasks: onRecentTasksChanged
12-10 17:10:07.800  4564  4564 I HoneySpace.EdgePanel.CocktailHostRepositoryImpl: onNoteResume
12-10 17:10:07.800  4564  4564 I HoneySpace.EdgePanel.EdgePanelContainerViewModel: cocktailHostRepository.edgePanelOperation NoteResumeComponent(componentName=ComponentInfo{com.sabaphru.Saunje/com.sabaphru.Saunje.MainActivity})
12-10 17:10:07.800  4564  4564 I HoneySpace.EdgePanel.ActivityUtils: HomePackage : com.sec.android.app.launcher, resumePackageName : com.sabaphru.Saunje, className : com.sabaphru.Saunje.MainActivity
12-10 17:10:07.800  4564  4700 I HoneySpace.TopTaskSource: onTaskFocusChanged(): taskId = 5514
12-10 17:10:07.800  8823  8823 D nativeloader: Load /data/app/~~FWXKRhurNwpBxVA1Z_bQJA==/com.sabaphru.Saunje-vQM19dqdlb3RGmwd3PobRQ==/base.apk!/lib/arm64-v8a/libreact_codegen_rnscreens.so using class loader ns clns-10 (caller=/data/app/~~FWXKRhurNwpBxVA1Z_bQJA==/com.sabaphru.Saunje-vQM19dqdlb3RGmwd3PobRQ==/base.apk!classes2.dex): ok
12-10 17:10:07.800  4564  4564 I HoneySpace.IconView: setIconVisible : visible-false, currentForceHideBadge-false
12-10 17:10:07.800  8823  8823 D jni_lib_merge: Entering merged library JNI_OnLoad.
12-10 17:10:07.800  8823  8823 D jni_lib_merge: Preparing 12 pre-merged libs (including stub)
12-10 17:10:07.800  8823  8823 D jni_lib_merge: Preparing to register libfabricjni_so.  onload_func: 0x6d4fed1edc
12-10 17:10:07.800  8823  8823 D jni_lib_merge: Preparing to register libreact_devsupportjni_so.  onload_func: 0x6d4ffa2f40
12-10 17:10:07.800  8823  8823 D jni_lib_merge: Preparing to register libreact_featureflagsjni_so.  onload_func: 0x6d4ffb59f8
12-10 17:10:07.800  4564  4564 I HoneySpace.IconView: updateInvisibleState false APP_CLOSING current:0 new:2
12-10 17:10:07.800  8823  8823 D jni_lib_merge: Preparing to register libreact_newarchdefaults_so.  onload_func: 0x6d4ffdae30
12-10 17:10:07.800  8823  8823 D jni_lib_merge: Preparing to register libreactnativeblob_so.  onload_func: 0x6d5006d5b0
12-10 17:10:07.800  8823  8823 D jni_lib_merge: Preparing to register libreactnativejni_so.  onload_func: 0x6d50087b24
12-10 17:10:07.800  8823  8823 D jni_lib_merge: Preparing to register libreactnativejni_common_so.  onload_func: 0x6d5008e458
12-10 17:10:07.800  8823  8823 D jni_lib_merge: Preparing to register librninstance_so.  onload_func: 0x6d500aa070
12-10 17:10:07.800  8823  8823 D jni_lib_merge: Preparing to register libturbomodulejsijni_so.  onload_func: 0x6d501421a4
12-10 17:10:07.800  8823  8823 D jni_lib_merge: Preparing to register libuimanagerjni_so.  onload_func: 0x6d501497e0
12-10 17:10:07.800  8823  8823 D jni_lib_merge: Preparing to register libyoga_so.  onload_func: 0x6d50150da4
12-10 17:10:07.800  8823  8823 D jni_lib_merge: About to register 11 actual methods.
12-10 17:10:07.800  4564  4564 I HoneySpace.AppLaunchAnimationDelegate: hasWallpaperFlags:false
12-10 17:10:07.800  4564  4564 I HoneySpace.ContentsAnimator: from : 0.0
12-10 17:10:07.801  4564  4564 I HoneySpace.ContentsAnimator: ContentsAnimator start [190516648]
12-10 17:10:07.801  4564 22778 I HoneySpace.WallpaperAnimator: createWallpaperSurface
12-10 17:10:07.801  8823  8823 D nativeloader: Load /data/app/~~FWXKRhurNwpBxVA1Z_bQJA==/com.sabaphru.Saunje-vQM19dqdlb3RGmwd3PobRQ==/base.apk!/lib/arm64-v8a/libreact_codegen_safeareacontext.so using class loader ns clns-10 (caller=/data/app/~~FWXKRhurNwpBxVA1Z_bQJA==/com.sabaphru.Saunje-vQM19dqdlb3RGmwd3PobRQ==/base.apk!classes2.dex): ok
12-10 17:10:07.801  2617  5305 I WindowManager: Reparenting to leash, surface=Surface(name=RemoteWallpaperAnim:1:1)/@0x4c6092f, leashParent=Surface(name=OneHanded:0:14)/@0x8786b3c
12-10 17:10:07.802  2617  2958 V WindowManager:     info={id=749 t=OPEN f=0x0 trk=0 r=[0@Point(0, 0)] c=[
12-10 17:10:07.802  2617  2958 V WindowManager:         {WCT{RemoteToken{28441b4 Task{99eb401 #5514 type=standard A=10154:com.sabaphru.Saunje}}} m=OPEN f=NONE leash=Surface(name=Task=5514)/@0x7a25d08 sb=Rect(0, 0 - 720, 1560) eb=Rect(0, 0 - 720, 1560) epz=Point(720, 1560) d=0 taskParent=-1 inset=Rect(0, 56 - 0, 90) dim=true},
12-10 17:10:07.802  2617  2958 V WindowManager:         {WCT{RemoteToken{184b388 Task{2b8640a #1 type=home}}} m=TO_BACK f=SHOW_WALLPAPER|EDGE_EXTENSION_RESTRICTION leash=Surface(name=Task=1)/@0x23c993c sb=Rect(0, 0 - 720, 1560) eb=Rect(0, 0 - 720, 1560) epz=Point(720, 1560) d=0 taskParent=-1 inset=Rect(0, 56 - 0, 90)},
12-10 17:10:07.802  2617  2958 V WindowManager:         {m=TO_BACK f=IS_WALLPAPER p=WCT{RemoteToken{4f867b0 RemoteWallpaperAnim:1:1@258223267}} leash=Surface(name=WallpaperWindowToken{fdfca4 showWhenLocked=false})/@0xfc6db44 sb=Rect(0, 0 - 720, 1560) eb=Rect(0, 0 - 720, 1560) epz=Point(720, 1560) d=0 inset=Rect(0, 0 - 0, 0)}
12-10 17:10:07.802  2617  2958 V WindowManager:     ]}
12-10 17:10:07.802  6672 10270 E [AirCmd]_MediaControlStateMonitor: getActiveNotificationPackageName : notification service monitor is null
12-10 17:10:07.802  1778  4438 I SurfaceFlinger: id=9458 createSurf, flag=24000, Surface(name=RemoteWallpaperAnim:1:1)/@0x4c6092f - animation-leash of remote_wallpaper#9458
12-10 17:10:07.802  6672 10270 I [AirCmd]_ButtonEventDetectionThread: enableDoubleClickDetection: enabled= true, doubleClickWaitInterval=300
12-10 17:10:07.802  2617  5305 D WindowManager: makeSurface duration=0 leash=Surface(name=Surface(name=RemoteWallpaperAnim:1:1)/@0x4c6092f - animation-leash of remote_wallpaper)/@0x69d6777
12-10 17:10:07.802  2617  5305 D WindowManager: startAnimation for remote wallpaper, leash=Surface(name=Surface(name=RemoteWallpaperAnim:1:1)/@0x4c6092f - animation-leash of remote_wallpaper)/@0x69d6777
12-10 17:10:07.802  8823  8823 D nativeloader: Load /data/app/~~FWXKRhurNwpBxVA1Z_bQJA==/com.sabaphru.Saunje-vQM19dqdlb3RGmwd3PobRQ==/base.apk!/lib/arm64-v8a/libappmodules.so using class loader ns clns-10 (caller=/data/app/~~FWXKRhurNwpBxVA1Z_bQJA==/com.sabaphru.Saunje-vQM19dqdlb3RGmwd3PobRQ==/base.apk!classes2.dex): ok
12-10 17:10:07.802  2617  5305 D WindowManager: startRemoteWallpaperAnimation, d=0, leash=Surface(name=Surface(name=RemoteWallpaperAnim:1:1)/@0x4c6092f - animation-leash of remote_wallpaper)/@0x69d6777
12-10 17:10:07.802  2617  3808 D BackgroundInstallControlService: Package event received: 0
12-10 17:10:07.802  2617  3808 D BackgroundInstallControlService: Package event received: 0
12-10 17:10:07.804  2617  5305 I ActivityManager: Changes in 10154 19 to 2, 0 to 255
12-10 17:10:07.804  2617  2959 D SGM:GameManager: identifyForegroundApp. com.sabaphru.Saunje, mCurrentUserId: 0, callerUserId: 0
12-10 17:10:07.804  2617  2959 D SGM:SemGameManager: isForegroundGame(), ret=false
12-10 17:10:07.804  3970  3970 D DisplayLifecycle: updateDisplay id = 0
12-10 17:10:07.804  2617  3808 D BackgroundInstallControlService: Package event received: 0
12-10 17:10:07.805  2617  2962 I WindowManager: Cancelling animation restarting=true, leash=Surface(name=Surface(name=a8c22dd StatusBar)/@0xfcaf35e - animation-leash of insets_animation)/@0x52f9b
12-10 17:10:07.805  2617  5305 D GraphicsStatsService: requestRenderEngineFor(com.sabaphru.Saunje)
12-10 17:10:07.805  2617  2962 I WindowManager: Reparenting to original parent: Surface(name=WindowToken{17746b4 type=2000 android.os.BinderProxy@a634bc6})/@0x844733f, destroy=false, surface=Surface(name=a8c22dd StatusBar)/@0xfcaf35e
12-10 17:10:07.805  2617  2962 I WindowManager: Reparenting to leash, surface=Surface(name=a8c22dd StatusBar)/@0xfcaf35e, leashParent=Surface(name=WindowToken{17746b4 type=2000 android.os.BinderProxy@a634bc6})/@0x844733f
12-10 17:10:07.805  8823  8823 D ActivityThread: com.sabaphru.Saunje will use render engine as VK
12-10 17:10:07.805  2617  2959 D PkgPredictorService-SecIpmManagerServiceImpl: onForegroundActivitiesChanged pid:8823 uid:10154
12-10 17:10:07.805  1778  1936 I SurfaceFlinger: id=9459 createSurf, flag=24000, Surface(name=a8c22dd StatusBar)/@0xfcaf35e - animation-leash of insets_animation#9459
12-10 17:10:07.805  8823  8823 D HWUI    : HWUI - treat SMPTE_170M as sRGB
12-10 17:10:07.805  3970  4129 D StackScroller: onDisplayChanged for predraw skip to 2
12-10 17:10:07.805  2617  2962 D WindowManager: makeSurface duration=0 leash=Surface(name=Surface(name=a8c22dd StatusBar)/@0xfcaf35e - animation-leash of insets_animation)/@0x9c1a05a
12-10 17:10:07.805  2617  2962 D InsetsSourceProvider: updateControlForTarget: control=InsetsSourceControl: {c45e0000 mType=statusBars initiallyVisible mSurfacePosition=Point(0, 0) mInsetsHint=Insets{left=0, top=56, right=0, bottom=0}}, target=Window{f06f62c u0 Splash Screen com.sabaphru.Saunje}, from=com.android.server.wm.InsetsStateController.onControlTargetChanged:83 com.android.server.wm.InsetsPolicy.updateBarControlTarget:212 com.android.server.wm.DisplayPolicy.updateSystemBarAttributes:262 com.android.server.wm.DisplayPolicy.finishPostLayoutPolicyLw:17 com.android.server.wm.RootWindowContainer.applySurfaceChangesTransaction$1:195 
12-10 17:10:07.805  2617  2962 I WindowManager: Cancelling animation restarting=true, leash=Surface(name=Surface(name=b1ebf5d NavigationBar0)/@0x1214155 - animation-leash of insets_animation)/@0xab5db11
12-10 17:10:07.805  2617  2962 I WindowManager: Reparenting to original parent: Surface(name=WindowToken{9788534 type=2019 android.os.BinderProxy@ad1c646})/@0x9cee76a, destroy=false, surface=Surface(name=b1ebf5d NavigationBar0)/@0x1214155
12-10 17:10:07.805  2617  2962 I WindowManager: Reparenting to leash, surface=Surface(name=b1ebf5d NavigationBar0)/@0x1214155, leashParent=Surface(name=WindowToken{9788534 type=2019 android.os.BinderProxy@ad1c646})/@0x9cee76a
12-10 17:10:07.805  1778  4438 I SurfaceFlinger: id=9460 createSurf, flag=24000, Surface(name=b1ebf5d NavigationBar0)/@0x1214155 - animation-leash of insets_animation#9460
12-10 17:10:07.805  2617  2962 D WindowManager: makeSurface duration=0 leash=Surface(name=Surface(name=b1ebf5d NavigationBar0)/@0x1214155 - animation-leash of insets_animation)/@0xa9e9f81
12-10 17:10:07.805  2617  2962 D InsetsSourceProvider: updateControlForTarget: control=InsetsSourceControl: {85330001 mType=navigationBars initiallyVisible mSurfacePosition=Point(0, 1470) mInsetsHint=Insets{left=0, top=0, right=0, bottom=90}}, target=Window{f06f62c u0 Splash Screen com.sabaphru.Saunje}, from=com.android.server.wm.InsetsStateController.onControlTargetChanged:83 com.android.server.wm.InsetsPolicy.updateBarControlTarget:225 com.android.server.wm.DisplayPolicy.updateSystemBarAttributes:262 com.android.server.wm.DisplayPolicy.finishPostLayoutPolicyLw:17 com.android.server.wm.RootWindowContainer.applySurfaceChangesTransaction$1:195 
12-10 17:10:07.805  8823  8871 I DisplayManager: Choreographer implicitly registered for the refresh rate.
12-10 17:10:07.805  2617  2962 D WindowManager: updateSystemBarAttributes: displayId=0, focusedCanBeNavColorWin=false, win=Window{f06f62c u0 Splash Screen com.sabaphru.Saunje}, navColorWin=Window{f06f62c u0 Splash Screen com.sabaphru.Saunje}, caller=com.android.server.wm.DisplayPolicy.finishPostLayoutPolicyLw:17 com.android.server.wm.RootWindowContainer.applySurfaceChangesTransaction$1:195 com.android.server.wm.RootWindowContainer.performSurfacePlacementNoTrace:59 
12-10 17:10:07.805  2617  5958 D WifiDisplayAdapter: isFitToActiveDisplayLocked : false
12-10 17:10:07.806  2617  2962 D WindowManager: updateSystemBarAttributes, bhv=1, apr=0, statusBarAprRegions=[AppearanceRegion{ bounds=[0,0][720,1560]}], requestedVisibilities=-9
12-10 17:10:07.806  2617  2962 D SurfaceComposerClient: setCornerRadius ## f06f62c Splash Screen com.sabaphru.Saunje#9452 cornerRadius=0.000000
12-10 17:10:07.806  8823  8871 D HWUI    : CacheManager constructor. deviceInfo=(1080, 1920)
12-10 17:10:07.806  8823  8871 D vulkan  : searching for layers in '/data/app/~~FWXKRhurNwpBxVA1Z_bQJA==/com.sabaphru.Saunje-vQM19dqdlb3RGmwd3PobRQ==/lib/arm64'
12-10 17:10:07.806  8823  8871 D vulkan  : searching for layers in '/data/app/~~FWXKRhurNwpBxVA1Z_bQJA==/com.sabaphru.Saunje-vQM19dqdlb3RGmwd3PobRQ==/base.apk!/lib/arm64-v8a'
12-10 17:10:07.806  2617  2959 D SGM:GameManager: identifyForegroundApp. com.sabaphru.Saunje, mCurrentUserId: 0, callerUserId: 0
12-10 17:10:07.806  2617  3716 V NetworkPolicy: getFirewallRuleMobileData UID:10154 policy:0
12-10 17:10:07.807  2617  2959 D SGM:SemGameManager: isForegroundGame(), ret=false
12-10 17:10:07.807  2617  2959 D NetworkPolicy: already checked 10154
12-10 17:10:07.808  8823  8823 D AppCompatDelegate: Checking for metadata for AppLocalesMetadataHolderService : Service not found
12-10 17:10:07.808  2617  5303 I ActivityManager: Changes in 10185 19 to 8, 0 to 128
12-10 17:10:07.809  4564  5541 I HoneySpace.SystemUiRepository: systemUiFlags: allow_gesture|awake
12-10 17:10:07.809  4564  4687 I HoneySpace.TaskbarEventTracker: invokeEvent() called with: event = SystemUiStateChanged(stateFlags=268566528)
12-10 17:10:07.811  8823  8871 E Adreno-AppProfiles: QSPM AIDL service doesn't exist
12-10 17:10:07.811  8823  8871 I AdrenoVK-0: ===== BEGIN DUMP OF OVERRIDDEN SETTINGS =====
12-10 17:10:07.811  8823  8871 I AdrenoVK-0: ===== END DUMP OF OVERRIDDEN SETTINGS =====
12-10 17:10:07.812  8823  8823 D CompatChangeReporter: Compat change id reported: 377864165; UID 10154; state: ENABLED
12-10 17:10:07.812  8823  8823 D DesktopModeFlags: Toggle override initialized to: OVERRIDE_UNSET
12-10 17:10:07.813  8823  8823 I DecorView: setWindowBackground: isPopOver=false color=ff303030 d=android.graphics.drawable.ColorDrawable@c3b1ddb
12-10 17:10:07.813  1778  1778 I SurfaceFlinger: [5a85485 ActivityRecordInputSink com.sabaphru.Saunje/.MainActivity#9457] attach to parent LayerHierarchy{RequestedLayerState{ActivityRecord{250135307 u0 com.sabaphru.Saunje/.MainActivity t5514}#9451 parentId=9450} 2 children}
12-10 17:10:07.814  1778  1778 I SurfaceFlinger: [Surface(name=RemoteWallpaperAnim:1:1)/@0x4c6092f - animation-leash of remote_wallpaper#9458] attach to parent LayerHierarchy{RequestedLayerState{OneHanded:0:14#4 parentId=3} 4 children}
12-10 17:10:07.814  1778  1778 I SurfaceFlinger: [Surface(name=a8c22dd StatusBar)/@0xfcaf35e - animation-leash of insets_animation#9459] attach to parent LayerHierarchy{RequestedLayerState{WindowToken{17746b4 type=2000 android.os.BinderProxy@a634bc6}#91 parentId=17} 2 children}
12-10 17:10:07.814  1778  1778 I SurfaceFlinger: [Surface(name=b1ebf5d NavigationBar0)/@0x1214155 - animation-leash of insets_animation#9460] attach to parent LayerHierarchy{RequestedLayerState{WindowToken{9788534 type=2019 android.os.BinderProxy@ad1c646}#87 parentId=34} 2 children}
12-10 17:10:07.814  2617  2962 I SurfaceControl: apply, lowDebugName=startRemoteWallpaperAnimation_60129252, caller=android.view.SurfaceControl$Transaction.apply:3447 android.view.SurfaceControl$Transaction.apply:3397 com.android.server.wm.WindowAnimator.animate:307 com.android.server.wm.WindowAnimator$$ExternalSyntheticLambda1.doFrame:14 android.view.Choreographer$CallbackRecord.run:1899 android.view.Choreographer$CallbackRecord.run:1910 
12-10 17:10:07.815  4564  4564 I HoneySpace.FloatingAnimator: [Player:A(7.748)] container x: 334.03854, y: 943.68066, scale : 0.27077454
12-10 17:10:07.815  8823  8871 I AdrenoVK-0: QUALCOMM build          : c81b28e1a5, I5a61fcf667
12-10 17:10:07.815  8823  8871 I AdrenoVK-0: Build Date              : 06/20/25
12-10 17:10:07.815  8823  8871 I AdrenoVK-0: Shader Compiler Version : E031.45.02.26
12-10 17:10:07.815  8823  8871 I AdrenoVK-0: Local Branch            : 
12-10 17:10:07.815  8823  8871 I AdrenoVK-0: Remote Branch           : refs/tags/AU_LINUX_ANDROID_LA.VENDOR.14.3.0.11.00.00.973.948
12-10 17:10:07.815  8823  8871 I AdrenoVK-0: Remote Branch           : NONE
12-10 17:10:07.815  8823  8871 I AdrenoVK-0: Reconstruct Branch      : NOTHING
12-10 17:10:07.815  8823  8871 I AdrenoVK-0: Build Config            : S P 16.1.2 AArch64
12-10 17:10:07.815  8823  8871 I AdrenoVK-0: Driver Path             : /vendor/lib64/hw/vulkan.adreno.so
12-10 17:10:07.815  8823  8871 I AdrenoVK-0: Driver Version          : 0762.39
12-10 17:10:07.815  8823  8871 I AdrenoVK-0: PFP                     : 0x01520181
12-10 17:10:07.815  8823  8871 I AdrenoVK-0: ME                      : 0x01520023
12-10 17:10:07.815  8823  8871 I AdrenoVK-0: Application Name    : android framework
12-10 17:10:07.815  8823  8871 I AdrenoVK-0: Application Version : 0x00000000
12-10 17:10:07.815  8823  8871 I AdrenoVK-0: Engine Name         : android framework
12-10 17:10:07.815  8823  8871 I AdrenoVK-0: Engine Version      : 0x00000000
12-10 17:10:07.815  8823  8871 I AdrenoVK-0: Api Version         : 0x00401000
12-10 17:10:07.816  4564  5541 I HoneySpace.Memory-Monitor: current state = 2, didTrim = false
12-10 17:10:07.816  1778  2287 D SurfaceFlinger: [input] setFocusedWindow: <null>
12-10 17:10:07.816  2617  4704 D PackageManager: setEnabledSetting : userId = 0 packageName = com.facebook.services cmp = com.facebook.oxygen.services.helium.trampoline.HeliumSandboxedService newState = 1 callingPackage = com.facebook.services
12-10 17:10:07.816  2617  4704 D ApplicationPolicy: getApplicationStateEnabled : pkg = com.facebook.services userId : 0
12-10 17:10:07.816  4564  7113 I VRI[LauncherActivity]@9a4359: mWNT: t=0xb400006e92aa2790 mBlastBufferQueue=0xb400006df2b5b170 fn= 157 HdrRenderState mRenderHdrSdrRatio=1.0 caller= com.android.systemui.shared.launcher.ViewRootImplCompat.mergeWithNextTransaction:4 com.honeyspace.transition.utils.SurfaceTransactionApplier.scheduleApply$lambda$1:16 com.honeyspace.transition.utils.SurfaceTransactionApplier.b:0 
12-10 17:10:07.816  2617  4178 D InputDispatcher: Focus left window (0): a5dbeb9 com.sec.android.app.launcher/com.sec.android.app.launcher.activities.LauncherActivity
12-10 17:10:07.816  2617  4704 D ApplicationPolicy: getApplicationComponentState : pkg = com.facebook.services userId : 0
12-10 17:10:07.817  2617  3748 D InputDispatcher: Once focus requested (0): <null>
12-10 17:10:07.817  8823  8823 W unknown:BridgelessReact: ReactHost{0}.startSurface(surfaceId = 0): Schedule
12-10 17:10:07.817  8823  8823 W unknown:BridgelessReact: ReactHost{0}.attachSurface(surfaceId = 0)
12-10 17:10:07.817  2617  4704 D PackageManager: setEnabledSetting : userId = 0 packageName = com.facebook.services cmp = com.facebook.oxygen.services.helium.trampoline.HeliumSandboxedService0 newState = 1 callingPackage = com.facebook.services
12-10 17:10:07.817  2617  4704 D ApplicationPolicy: getApplicationStateEnabled : pkg = com.facebook.services userId : 0
12-10 17:10:07.817  2617  4704 D ApplicationPolicy: getApplicationComponentState : pkg = com.facebook.services userId : 0
12-10 17:10:07.817  8823  8877 W unknown:BridgelessReact: ReactHost{0}.getOrCreateReactInstanceTask()
12-10 17:10:07.817  8823  8877 W unknown:BridgelessReact: ReactHost{0}.getOrCreateReactInstanceTask(): Start
12-10 17:10:07.817  8823  8877 W unknown:BridgelessReact: ReactHost{0}.getJSBundleLoader()
12-10 17:10:07.817  8823  8877 W unknown:BridgelessReact: ReactHost{0}.getOrCreateReactContext(): Creating BridgelessReactContext
12-10 17:10:07.817  8823  8877 W unknown:BridgelessReact: ReactHost{0}.getOrCreateReactInstanceTask(): Creating ReactInstance
12-10 17:10:07.817  2617  4704 D PackageManager: setEnabledSetting : userId = 0 packageName = com.facebook.services cmp = com.facebook.oxygen.services.helium.trampoline.HeliumSandboxedService1 newState = 1 callingPackage = com.facebook.services
12-10 17:10:07.818  2617  4704 D ApplicationPolicy: getApplicationStateEnabled : pkg = com.facebook.services userId : 0
12-10 17:10:07.818  2617  4704 D ApplicationPolicy: getApplicationComponentState : pkg = com.facebook.services userId : 0
12-10 17:10:07.818  8823  8823 W WindowOnBackDispatcher: OnBackInvokedCallback is not enabled for the application.
12-10 17:10:07.818  8823  8823 W WindowOnBackDispatcher: Set 'android:enableOnBackInvokedCallback="true"' in the application manifest.
12-10 17:10:07.819  8823  8823 W unknown:BridgelessReact: ReactHost{0}.onHostResume(activity)
12-10 17:10:07.819  8823  8823 W unknown:BridgelessReact: ReactContext.onHostResume()
12-10 17:10:07.821  8823  8823 D ViewRootImpl: desktopMode is false
12-10 17:10:07.822  8823  8823 I ViewRootImpl: dVRR is disabled
12-10 17:10:07.822  8823  8823 D HardwareRenderer: onDisplayChanged. displayId=0 current wxh=720x1560 mLargest wxh=0x0
12-10 17:10:07.822  8823  8823 D HardwareRenderer: Set largestWidth and largestHeight as logical resolution. (720x1560)
12-10 17:10:07.822  8823  8871 D HWUI    : setMaxSurfaceArea requested wxh=(720,1560) requestedSurfaceArea(1123200) is smaller than defaultSurfaceArea(2073600). Use default.
12-10 17:10:07.822  8823  8871 D NativeCustomFrequencyManager: [NativeCFMS] BpCustomFrequencyManager::BpCustomFrequencyManager()
12-10 17:10:07.825  8823  8877 D nativeloader: Load /data/app/~~FWXKRhurNwpBxVA1Z_bQJA==/com.sabaphru.Saunje-vQM19dqdlb3RGmwd3PobRQ==/base.apk!/lib/arm64-v8a/libhermes.so using class loader ns clns-10 (caller=/data/app/~~FWXKRhurNwpBxVA1Z_bQJA==/com.sabaphru.Saunje-vQM19dqdlb3RGmwd3PobRQ==/base.apk!classes2.dex): ok
12-10 17:10:07.826  8823  8877 D nativeloader: Load /data/app/~~FWXKRhurNwpBxVA1Z_bQJA==/com.sabaphru.Saunje-vQM19dqdlb3RGmwd3PobRQ==/base.apk!/lib/arm64-v8a/libhermestooling.so using class loader ns clns-10 (caller=/data/app/~~FWXKRhurNwpBxVA1Z_bQJA==/com.sabaphru.Saunje-vQM19dqdlb3RGmwd3PobRQ==/base.apk!classes2.dex): ok
12-10 17:10:07.826  8823  8877 D jni_lib_merge: Entering merged library JNI_OnLoad.
12-10 17:10:07.826  8823  8877 D jni_lib_merge: Preparing 4 pre-merged libs (including stub)
12-10 17:10:07.826  8823  8877 D jni_lib_merge: Preparing to register libhermes_executor_so.  onload_func: 0x6dbbc634b0
12-10 17:10:07.826  8823  8877 D jni_lib_merge: Preparing to register libhermesinstancejni_so.  onload_func: 0x6dbbc6a900
12-10 17:10:07.826  8823  8877 D jni_lib_merge: Preparing to register libjsijniprofiler_so.  onload_func: 0x6dbbc6b0ec
12-10 17:10:07.826  8823  8877 D jni_lib_merge: About to register 3 actual methods.
12-10 17:10:07.826  2617  6933 D InputTransport: Input channel constructed: 'd7053ba', fd=1289
12-10 17:10:07.826  2617  6933 D InputTransport: Input channel constructed: 'd7053ba', fd=1450
12-10 17:10:07.827  2617  6933 D InputTransport: Input channel constructed: 'd7053ba', fd=1451
12-10 17:10:07.827  2617  6933 D InputTransport: Input channel destroyed: 'd7053ba', fd=1450
12-10 17:10:07.827  1778  4437 I SurfaceFlinger: id=9461 createSurf, flag=84004, d7053ba com.sabaphru.Saunje/com.sabaphru.Saunje.MainActivity#9461
12-10 17:10:07.827  2617  6933 D RestrictionPolicy: isScreenCaptureEnabled : ret=true userId=0
12-10 17:10:07.827   853   853 I hwservicemanager: getTransport: Cannot find entry android.hardware.graphics.allocator@4.0::IAllocator/default in either framework or device VINTF manifest.
12-10 17:10:07.827  2617  6933 D RestrictionPolicy: isScreenCaptureEnabled : ret=true userId=0
12-10 17:10:07.827  2617  6933 D InputTransport: Input channel destroyed: 'd7053ba', fd=1451
12-10 17:10:07.827  8823  8823 D InputTransport: Input channel constructed: 'd7053ba', fd=123
12-10 17:10:07.828  8823  8823 I InsetsController: onStateChanged: host=com.sabaphru.Saunje/com.sabaphru.Saunje.MainActivity, from=android.view.ViewRootImpl.onInsetsStateChanged:3026, state=InsetsState: {mDisplayFrame=Rect(0, 0 - 720, 1560), mDisplayCutout=DisplayCutout{insets=Rect(0, 56 - 0, 0) waterfall=Insets{left=0, top=0, right=0, bottom=0} boundingRect={Bounds=[Rect(0, 0 - 0, 0), Rect(343, 0 - 377, 56), Rect(0, 0 - 0, 0), Rect(0, 0 - 0, 0)]} cutoutPathParserInfo={CutoutPathParserInfo{displayWidth=720 displayHeight=1560 physicalDisplayWidth=720 physicalDisplayHeight=1560 density={1.875} cutoutSpec={M 0,0 H -9.066666666666667 V 29.86666666666667 H 9.066666666666667 V 0 H 0 Z @dp} rotation={0} scale={1.0} physicalPixelDisplaySizeRatio={1.0}}} sideOverrides={}}, mRoundedCorners=RoundedCorners{[RoundedCorner{position=TopLeft, radius=4, center=Point(4, 4)}, RoundedCorner{position=TopRight, radius=4, center=Point(716, 4)}, RoundedCorner{position=BottomRight, radius=4, center=Point(716, 1556)}, RoundedCorner{position=BottomLeft, radius=4, center=Point(4, 1556)}]}  mRoundedCornerFrame=Rect(0, 0 - 720, 1560), mPrivacyIndicatorBounds=PrivacyIndicatorBounds {static bounds=Rect(637, 0 - 720, 56) rotation=0}, mDisplayShape=DisplayShape{ spec=1406003047 displayWidth=720 displayHeight=1560 physicalPixelDisplaySizeRatio=0.5 rotation=0 offsetX=0 offsetY=0 scale=1.0}, mSources= { InsetsSource: {85330001 mType=navigationBars mFrame=[0,1470][720,1560] mVisible=true mFlags= mSideHint=BOTTOM mBoundingRects=null}, InsetsSource: {85330004 mType=systemGestures mFrame=[0,0][0,0] mVisible=true mFlags= mSideHint=NONE mBoundingRects=null}, InsetsSource: {85330005 mType=mandatorySystemGestures mFrame=[0,1470][720,1560] mVisible=true mFlags= mSideHint=BOTTOM mBoundingRects=null}, InsetsSource: {85330006 mType=tappableElement mFrame=[0,1470][720,1560] mVisible=true mFlags= mSideHint=BOTTOM mBoundingRects=null}, InsetsSource: {85330024 mType=systemGestures mFrame=[0,0][0,0] mVisible=true mFlags= mSideHint=NONE mBoundingRects=null}, InsetsSource: {c45e0000 mType=statusBars mFrame=[0,0][720,56] mVisible=true mFlags= mSideHint=TOP mBoundingRects=null}, InsetsSource: {c45e0005 mType=mandatorySystemGestures mFrame=[0,0][720,79] mVisible=true mFlags= mSideHint=TOP mBoundingRects=null}, InsetsSource: {c45e0006 mType=tappableElement mFrame=[0,0][720,56] mVisible=true mFlags= mSideHint=TOP mBoundingRects=null}, InsetsSource: {3 mType=ime mFrame=[0,0][0,0] mVisible=false mFlags= mSideHint=NONE mBoundingRects=null}, InsetsSource: {27 mType=displayCutout mFrame=[0,0][720,56] mVisible=true mFlags= mSideHint=TOP mBoundingRects=null} }
12-10 17:10:07.828  8823  8823 I VRI[MainActivity]@20fb04c: synced displayState. AttachInfo displayState=2
12-10 17:10:07.828  8823  8823 I VRI[MainActivity]@20fb04c: setView = com.android.internal.policy.DecorView@bad8538 IsHRR=false mFlingFrameRateChange=0 TM=true
12-10 17:10:07.828  8823  8823 I IDS_TAG : Starting IDS observe window
12-10 17:10:07.828  8823  8823 I IDS_TAG : Getting Shared Preference for com.sabaphru.Saunje.MainApplication@a91b030 uid = 10154
12-10 17:10:07.828  8823  8823 I IDS_TAG : App com.sabaphru.Saunje.MainApplication@a91b030 has not finished training
12-10 17:10:07.829  8823  8823 I IDS_TAG : Closing IDS observe window
12-10 17:10:07.829  8823  8823 I IDS_TAG : Getting Shared Preference for com.sabaphru.Saunje.MainApplication@a91b030 uid = 10154
12-10 17:10:07.829  2617  3127 D AnalyticsContainerHandler: handleMessage : { when=0 what=1 target=com.android.server.knox.KnoxAnalyticsContainer$AnalyticsHandler }
12-10 17:10:07.829  8823  8823 I IDS_TAG : IDS count updated to 4 for com.sabaphru.Saunje.MainApplication@a91b030
12-10 17:10:07.829  2617  3127 D AnalyticsContainerHandler: handleMessage : { when=0 what=2 target=com.android.server.knox.KnoxAnalyticsContainer$AnalyticsHandler }
12-10 17:10:07.829  1672  1706 I HYPER-HAL: [RequestManager.cpp]acquire(): Acquired ID : 14716349  [1675 / 3749]    HINT :      list : [TID_LOW_LATENCY / 1] [TID / 8881] [TID / 8882] [TID / 8823] [TID / 8871] 
12-10 17:10:07.830  2617  4704 D CoreBackPreview: Window{d7053ba u0 com.sabaphru.Saunje/com.sabaphru.Saunje.MainActivity}: Setting back callback OnBackInvokedCallbackInfo{mCallback=android.window.IOnBackInvokedCallback$Stub$Proxy@c9ad3e3, mPriority=0, mIsAnimationCallback=false, mOverrideBehavior=0}
12-10 17:10:07.830  2617  5303 I WindowManager: Relayout Window{d7053ba u0 com.sabaphru.Saunje/com.sabaphru.Saunje.MainActivity}: viewVisibility=0 req=720x1560 ty=1 d0
12-10 17:10:07.830  1778  4437 I SurfaceFlinger: id=9462 createSurf, flag=44004, com.sabaphru.Saunje/com.sabaphru.Saunje.MainActivity$_8823#9462
12-10 17:10:07.830  2617  5303 D WindowManager: makeSurface duration=1 name=com.sabaphru.Saunje/com.sabaphru.Saunje.MainActivity$_8823
12-10 17:10:07.830  1778  1778 I SurfaceFlinger: [LayerHierarchy{RequestedLayerState{RemoteWallpaperAnim:1:1#7 parentId=9458 z=1} 1 children}] reparent to LayerHierarchy{RequestedLayerState{Surface(name=RemoteWallpaperAnim:1:1)/@0x4c6092f - animation-leash of remote_wallpaper#9458 parentId=4} 1 children}
12-10 17:10:07.830  1778  1778 I SurfaceFlinger: [LayerHierarchy{RequestedLayerState{b1ebf5d NavigationBar0#88 parentId=9460} 1 children}] reparent to LayerHierarchy{RequestedLayerState{Surface(name=b1ebf5d NavigationBar0)/@0x1214155 - animation-leash of insets_animation#9460 parentId=87} 1 children}
12-10 17:10:07.830  1778  1778 I SurfaceFlinger: [LayerHierarchy{RequestedLayerState{a8c22dd StatusBar#92 parentId=9459} 1 children}] reparent to LayerHierarchy{RequestedLayerState{Surface(name=a8c22dd StatusBar)/@0xfcaf35e - animation-leash of insets_animation#9459 parentId=91} 1 children}
12-10 17:10:07.830  1778  1778 I SurfaceFlinger: [LayerHierarchy{RequestedLayerState{Surface(name=a8c22dd StatusBar)/@0xfcaf35e - animation-leash of insets_animation#9448} no children}] reparent to OffscreenRoot
12-10 17:10:07.830  1778  1778 I SurfaceFlinger: [LayerHierarchy{RequestedLayerState{Surface(name=a8c22dd StatusBar)/@0xfcaf35e - animation-leash of insets_animation#9448} no children}] RelativeParent to null
12-10 17:10:07.830  1778  1778 I SurfaceFlinger: [LayerHierarchy{RequestedLayerState{Surface(name=b1ebf5d NavigationBar0)/@0x1214155 - animation-leash of insets_animation#9449} no children}] reparent to OffscreenRoot
12-10 17:10:07.830  2617  5303 D SurfaceComposerClient: setCornerRadius ## f06f62c Splash Screen com.sabaphru.Saunje#9452 cornerRadius=0.000000
12-10 17:10:07.830  1778  1778 I SurfaceFlinger: [LayerHierarchy{RequestedLayerState{Surface(name=b1ebf5d NavigationBar0)/@0x1214155 - animation-leash of insets_animation#9449} no children}] RelativeParent to null
12-10 17:10:07.830  2617  5303 D SurfaceComposerClient: setCornerRadius ## d7053ba com.sabaphru.Saunje/com.sabaphru.Saunje.MainActivity#9461 cornerRadius=0.000000
12-10 17:10:07.830  1778  1778 I SurfaceFlinger: [d7053ba com.sabaphru.Saunje/com.sabaphru.Saunje.MainActivity#9461] attach to parent LayerHierarchy{RequestedLayerState{ActivityRecord{250135307 u0 com.sabaphru.Saunje/.MainActivity t5514}#9451 parentId=9450} 3 children}
12-10 17:10:07.830  1778  1778 I SurfaceFlinger: [com.sabaphru.Saunje/com.sabaphru.Saunje.MainActivity$_8823#9462] attach to parent LayerHierarchy{RequestedLayerState{d7053ba com.sabaphru.Saunje/com.sabaphru.Saunje.MainActivity#9461 parentId=9451} 1 children}
12-10 17:10:07.830  4564  4564 I HoneySpace.FloatingAnimator: [Player:A(7.748)] container x: 285.11655, y: 805.4729, scale : 0.37757412
12-10 17:10:07.830  2617  5303 D SurfaceComposerClient: setCornerRadius ## f06f62c Splash Screen com.sabaphru.Saunje#9452 cornerRadius=0.000000
12-10 17:10:07.830  2617  5303 D SurfaceComposerClient: setCornerRadius ## d7053ba com.sabaphru.Saunje/com.sabaphru.Saunje.MainActivity#9461 cornerRadius=0.000000
12-10 17:10:07.831  2617  5303 D WindowManager: Changing focus from null to Window{d7053ba u0 com.sabaphru.Saunje/com.sabaphru.Saunje.MainActivity} displayId=0 Callers=com.android.server.wm.WindowManagerService.relayoutWindow:1350 com.android.server.wm.Session.relayout:27 android.view.IWindowSession$Stub.onTransact:829 com.android.server.wm.Session.onTransact:1 
