12-10 17:10:16.217  2617  4704 W OptProp : Cannot read opt property android.window.PROPERTY_COMPAT_ALLOW_RESIZEABLE_ACTIVITY_OVERRIDES
12-10 17:10:16.217  1732  1732 I seh_thermal_service: getTemperaturesWithType SehTemperatureType: 3
12-10 17:10:16.217  2617  4704 W OptProp : Cannot read opt property android.window.PROPERTY_COMPAT_ALLOW_MIN_ASPECT_RATIO_OVERRIDE
12-10 17:10:16.217  1715  1715 I sehhealth-service: updateLrpSysfs: write: 282
12-10 17:10:16.217  2617  4704 D WindowManager: Transition is created, t=TransitionRecord{c3ae50d id=-1 type=OPEN flags=0x0}, caller=com.android.server.wm.Transition.<init>:182 com.android.server.wm.TransitionController.createAndStartCollecting:106 com.android.server.wm.ActivityStarter.executeRequest:3606 com.android.server.wm.ActivityStarter.execute:1752 com.android.server.wm.ActivityTaskManagerService.startActivityAsUser:95 
12-10 17:10:16.217  1672  1706 I HYPER-HAL: [RequestManager.cpp]releaseLocked(): Released ID : 23341531
12-10 17:10:16.217  2617  4704 D BLASTSyncEngine: SyncGroup is created, id=751, name=Transition-OPEN, caller=com.android.server.wm.BLASTSyncEngine$SyncGroup.<init>:52 com.android.server.wm.TransitionController.moveToCollecting:79 com.android.server.wm.TransitionController.createAndStartCollecting:109 com.android.server.wm.ActivityStarter.executeRequest:3606 com.android.server.wm.ActivityStarter.execute:1752 com.android.server.wm.ActivityTaskManagerService.startActivityAsUser:95 com.android.server.wm.ActivityTaskManagerService.startActivity:123 
12-10 17:10:16.217  2617  4704 W BLASTSyncEngine: setSyncMethod, id=751, method=0, caller=com.android.server.wm.TransitionController.moveToCollecting:91 com.android.server.wm.TransitionController.createAndStartCollecting:109 com.android.server.wm.ActivityStarter.executeRequest:3606 
12-10 17:10:16.217  2617  4704 V WindowManager: Start collecting in Transition: TransitionRecord{c3ae50d id=751 type=OPEN flags=0x0}, caller=com.android.server.wm.TransitionController.createAndStartCollecting:109 com.android.server.wm.ActivityStarter.executeRequest:3606 com.android.server.wm.ActivityStarter.execute:1752 com.android.server.wm.ActivityTaskManagerService.startActivityAsUser:95 com.android.server.wm.ActivityTaskManagerService.startActivity:123 
12-10 17:10:16.217  2617  4704 V WindowManager: Collecting in transition 751: ActivityRecord{199994562 u0 com.sabaphru.Saunje/.MainActivity, caller=com.android.server.wm.TransitionController.collect:7 com.android.server.wm.ActivityStarter.startActivityUnchecked:98 com.android.server.wm.ActivityStarter.executeRequest:3651 com.android.server.wm.ActivityStarter.execute:1752 com.android.server.wm.ActivityTaskManagerService.startActivityAsUser:95 
12-10 17:10:16.217  2617  4704 D ActivityTaskManager: DesktopModeLaunchParamsModifier: task=null activity=ActivityRecord{199994562 u0 com.sabaphru.Saunje/.MainActivity t-1} task null, skipping
12-10 17:10:16.217  2617  4704 D ActivityTaskManager: TaskLaunchParamsModifier:task=null activity=ActivityRecord{199994562 u0 com.sabaphru.Saunje/.MainActivity t-1} display-from-option=0 display-id=0 task-display-area-windowing-mode=1 suggested-display-area=DefaultTaskDisplayArea_d0@212030949
12-10 17:10:16.217  2617  4704 D ActivityTaskManager: DesktopModeLaunchParamsModifier: task=null activity=ActivityRecord{199994562 u0 com.sabaphru.Saunje/.MainActivity t-1} task null, skipping
12-10 17:10:16.218  2617  4704 D ActivityTaskManager: TaskLaunchParamsModifier:task=null activity=ActivityRecord{199994562 u0 com.sabaphru.Saunje/.MainActivity t-1} display-from-option=0 display-id=0 task-display-area-windowing-mode=1 suggested-display-area=DefaultTaskDisplayArea_d0@212030949 inherit-from-source=fullscreen non-freeform-task-display-area display-area=DefaultTaskDisplayArea_d0@212030949 activity-requested-portrait freeform-size-mismatch=Rect(54, 373 - 666, 1153)
12-10 17:10:16.218  2617  4447 I SemDvfsHyPerManager: acquire hyper - AMS_APP_SWITCH/2617@24, type = -999
12-10 17:10:16.218  2617  4447 D ActivityManagerPerformance: AMP_acquire() APP_SWITCH
12-10 17:10:16.218  1672  1706 I HYPER-HAL: [RequestManager.cpp]acquire(): Acquired ID : 3488785  [2617 / 24]    HINT : AMS_APP_SWITCH    list : 
12-10 17:10:16.218  2617  5044 D FreecessController: restrictJobsByOlaf: restrict=true, uid=10154
12-10 17:10:16.219  1778  4438 I SurfaceFlinger: id=9469 createSurf, flag=24004, Task=5515#9469
12-10 17:10:16.219  2617  2617 D OlafRestriction:  olaf state update: state=true
12-10 17:10:16.219  2617  2617 D OlafRestriction:  sending trigger onRestrictionStateChanged msg.
12-10 17:10:16.219  2617  4704 D ActivityTaskManager: DesktopModeLaunchParamsModifier: task=Task{23dc509 #5515 type=standard A=10154:com.sabaphru.Saunje} activity=ActivityRecord{199994562 u0 com.sabaphru.Saunje/.MainActivity t-1} non-desktop, skipping
12-10 17:10:16.219  2617  4704 D ActivityTaskManager: TaskLaunchParamsModifier:task=Task{23dc509 #5515 type=standard A=10154:com.sabaphru.Saunje} activity=ActivityRecord{199994562 u0 com.sabaphru.Saunje/.MainActivity t-1} display-from-option=0 display-id=0 task-display-area-windowing-mode=1 suggested-display-area=DefaultTaskDisplayArea_d0@212030949 inherit-from-source=fullscreen non-freeform-task-display-area display-area=DefaultTaskDisplayArea_d0@212030949 activity-requested-portrait freeform-size-mismatch=Rect(54, 373 - 666, 1153)
12-10 17:10:16.219  2617  4704 V WindowManager: Collecting in transition 751: Task{23dc509 #5515 type=standard A=10154:com.sabaphru.Saunje}, caller=com.android.server.wm.Transition.collectExistenceChange:40 com.android.server.wm.ActivityStarter.startActivityInner:293 com.android.server.wm.ActivityStarter.startActivityUnchecked:111 com.android.server.wm.ActivityStarter.executeRequest:3651 com.android.server.wm.ActivityStarter.execute:1752 
12-10 17:10:16.219  2617  4704 W OptProp : Cannot read opt property android.window.PROPERTY_COMPAT_ALLOW_ORIENTATION_OVERRIDE
12-10 17:10:16.218  6829  6829 I SemDvfsHyPerManager: acquire hyper - APP_START_SHORT/6829@22, type = -999
12-10 17:10:16.220  1778  2536 I SurfaceFlinger: id=9470 createSurf, flag=84004, ActivityRecord{199994562 u0 com.sabaphru.Saunje/.MainActivity t5515}#9470
12-10 17:10:16.220  4564  5541 I AppIconSolution: getThemeIconWithBG called with public API, pkg = com.sabaphru.Saunje, mode = 48
12-10 17:10:16.220  4564  5541 I AppIconSolution: return adaptive icon for com.sabaphru.Saunje, isNight = true
12-10 17:10:16.220  4564  5541 I LauncherActivityInfo: packageName: com.sabaphru.Saunje, useThemeIcon: false, height: 216, width: 216, density: 480
12-10 17:10:16.220  2617  4704 D ActivityTaskManager: scheduleTopResumedActivityChanged, onTop=false, r=ActivityRecord{111613257 u0 com.sec.android.app.launcher/.activities.LauncherActivity t5386}, caller=com.android.server.wm.ActivityTaskSupervisor.scheduleTopResumedActivityStateLossIfNeeded:19 com.android.server.wm.ActivityTaskSupervisor.updateTopResumedActivityIfNeeded:20 com.android.server.wm.TaskDisplayArea.positionChildAt:252 com.android.server.wm.Task.moveToFront:40 com.android.server.wm.ActivityStarter.startActivityInner:315 com.android.server.wm.ActivityStarter.startActivityUnchecked:111 
12-10 17:10:16.220  2617  4704 V WindowManager: Checking theme of starting window: 0x7f120222
12-10 17:10:16.220  2617  4704 V WindowManager: Translucent=false Floating=false ShowWallpaper=false Disable=false
12-10 17:10:16.220  2617  4704 D ActivityTaskManager: addStartingWindow: type=2 typeParameter=28b
12-10 17:10:16.220  2617  4704 V WindowManager: Creating SplashScreenStartingData
12-10 17:10:16.220  2617  4704 V WindowManager: Add starting ActivityRecord{199994562 u0 com.sabaphru.Saunje/.MainActivity t5515}: startingData=SplashScreenStartingData{96b512f removeAfterTransaction= 0}
12-10 17:10:16.220  2617  4704 V WindowManager: Added starting ActivityRecord{199994562 u0 com.sabaphru.Saunje/.MainActivity t5515}: startingWindow=null startingView=com.android.server.wm.StartingSurfaceController$StartingSurface@ec8133c
12-10 17:10:16.221  3970  4105 D ShellStartingWindow: use preloaded icon
12-10 17:10:16.221  3970  4104 D ViewRootImpl: desktopMode is false
12-10 17:10:16.221  3970  4104 I ViewRootImpl: dVRR is disabled
12-10 17:10:16.221  1672  1706 I HYPER-HAL: [RequestManager.cpp]acquire(): Acquired ID : 23471548  [6829 / 22]    HINT : APP_START_LOW_HEAT    list : [TIMEOUT / 1500] 
12-10 17:10:16.221  3970  4201 D NativeCustomFrequencyManager: [NativeCFMS] BpCustomFrequencyManager::BpCustomFrequencyManager()
12-10 17:10:16.221  2617  4704 V WindowManager: Collecting in transition 751: ActivityRecord{199994562 u0 com.sabaphru.Saunje/.MainActivity t5515}, caller=com.android.server.wm.Transition.collectExistenceChange:40 com.android.server.wm.ActivityStarter.handleStartResult:761 com.android.server.wm.ActivityStarter.startActivityUnchecked:124 com.android.server.wm.ActivityStarter.executeRequest:3651 com.android.server.wm.ActivityStarter.execute:1752 
12-10 17:10:16.221  2617  4704 V WindowManager: Requesting StartTransition: TransitionRecord{c3ae50d id=751 type=OPEN flags=0x0 c=[
12-10 17:10:16.221  2617  4704 V WindowManager:    ChangeInfo{376121a container=Task{23dc509 #5515 type=standard A=10154:com.sabaphru.Saunje} flags=0x0}
12-10 17:10:16.221  2617  4704 V WindowManager:    ChangeInfo{ce5d14b container=Display{#0 state=ON size=720x1560 ROTATION_0} flags=0x0}
12-10 17:10:16.221  2617  4704 V WindowManager:    ChangeInfo{ea12728 container=ActivityRecord{199994562 u0 com.sabaphru.Saunje/.MainActivity t5515} flags=0x0}
12-10 17:10:16.221  2617  4704 V WindowManager:    ChangeInfo{57c0c41 container=DefaultTaskDisplayArea_d0@212030949 flags=0x0}
12-10 17:10:16.221  2617  4704 V WindowManager: ]
12-10 17:10:16.221  2617  4704 V WindowManager: }, caller=com.android.server.wm.ActivityStarter.handleStartResult:982 com.android.server.wm.ActivityStarter.startActivityUnchecked:124 com.android.server.wm.ActivityStarter.executeRequest:3651 com.android.server.wm.ActivityStarter.execute:1752 com.android.server.wm.ActivityTaskManagerService.startActivityAsUser:95 
12-10 17:10:16.222  2617  4704 I Pageboost: stop alp
12-10 17:10:16.222  2617  4704 I ActivityTaskManager: START u0 {act=android.intent.action.MAIN cat=[android.intent.category.LAUNCHER] flg=0x10200000 xflg=0x4 cmp=com.sabaphru.Saunje/.MainActivity bnds=[359,1066][525,1247]} with LAUNCH_SINGLE_TASK from uid 10157 (sr=111613257) (BAL_ALLOW_VISIBLE_WINDOW) result code=0
12-10 17:10:16.222  2617  4704 I SemDvfsHyPerManager: acquire hyper - AMS_APP_LAUNCH/2617@19, type = -999
12-10 17:10:16.222  3970  4072 V WindowManagerShell: Transition requested (#751): android.os.BinderProxy@c96c8a4 TransitionRequestInfo { type = OPEN, triggerTask = TaskInfo{userId=0 taskId=5515 effectiveUid=10154 displayId=0 isRunning=true baseIntent=Intent { act=android.intent.action.MAIN cat=[android.intent.category.LAUNCHER] flg=0x10200000 cmp=com.sabaphru.Saunje/.MainActivity } baseActivity=ComponentInfo{com.sabaphru.Saunje/com.sabaphru.Saunje.MainActivity} topActivity=ComponentInfo{com.sabaphru.Saunje/com.sabaphru.Saunje.MainActivity} origActivity=null realActivity=ComponentInfo{com.sabaphru.Saunje/com.sabaphru.Saunje.MainActivity} numActivities=1 lastActiveTime=26239864 supportsMultiWindow=true resizeMode=1 isResizeable=true minWidth=-1 minHeight=-1 maxWidth=-1 maxHeight=-1 defaultMinSize=220 desktopDefaultMinSize=304 token=WCT{android.window.IWindowContainerToken$Stub$Proxy@2d960d} topActivityType=1 pictureInPictureParams=null shouldDockBigOverlays=false launchIntoPipHostTaskId=-1 lastParentTaskIdBeforePip=-1 displayCutoutSafeInsets=Rect(0, 56 - 0, 0) topActivityInfo=ActivityInfo{22f09c2 com.sabaphru.Saunje.MainActivity} launchCookies=[android.os.BinderProxy@10c73d3] positionInParent=Point(0, 0) parentTaskId=-1 isFocused=false isVisible=false isVisibleRequested=false isTopActivityNoDisplay=false isSleeping=false locusId=null displayAreaFeatureId=1 isTopActivityTransparent=false isActivityStackTransparent=false lastNonFullscreenBounds=Rect(54, 373 - 666, 1153) capturedLink=null capturedLinkTimestamp=0 requestedVisibleTypes=-9 topActivityRequestOpenInBrowserEducationTimestamp=0 appCompatTaskInfo=AppCompatTaskInfo { topActivityInSizeCompat=false eligibleForLetterboxEducation= false isLetterboxEducationEnabled= false isLetterboxDoubleTapEnabled= false eligibleForUserAspectRatioButton= false topActivityBoundsLetterboxed= false isFromLetterboxDoubleTap= false topActivityLetterboxVerticalPosition= -1 topActivityLetterboxHorizontalPosition= -1 topActivityLetterboxWidth=-1 topActivityLetterboxHeight=-1 topActivityAppBounds=Rect(0, 0 - 720, 1560) isUserFullscreenOverrideEnabled=false isSystemFullscreenOverrideEnabled=false hasMinAspectRatioOverride=false topActivityLetterboxBounds=null cameraCompatTaskInfo=CameraCompatTaskInfo { freeformCameraCompatMode=inactive} topActivityBounds=null topActivityInDisplayCompat=false singleTapFromLetterbox=false} topActivityMainWindowFrame=null originallySupportedMultiWindow=true hasWallpaper=false rootAffinity=10154:com.sabaphru.Saunje isTopTaskInStage=false CoverLauncherWidgetTask=false LaunchedFromAppsCoverLauncherTask=false LaunchedFromMultistarCoverLauncherTask=false isAllowedSeamlessRotation=false isTopTransparentActivity=false isAliasManaged=false hasConfigChanged=false snappingGuideBounds=null isAiKeyRemoveAppTask=false lastDesktopWindowingBounds=null lastExternalDesktopWindowingBounds=null safeCutoutInsets=null}, pipChange = null, remoteTransition = RemoteTransition { remoteTransition = android.window.IRemoteTransition$Stub$Proxy@5c9cb10, appThread = android.app.IApplicationThread$Stub$Proxy@12a8609, debugName = QuickstepLaunchflags =NONE }, displayChange = null, flags = 0, debugId = 751 }
12-10 17:10:16.222  3970  4072 V ShellDesktopMode: DesktopTasksController: isDesktopModeShowing: hasVisibleTasks=false hasTopTransparentFullscreenTask=false
12-10 17:10:16.222  3970  4072 D ShellSplitScreen: logExit: no-op, mLoggerSessionId is null
12-10 17:10:16.222  3970  4072 D ShellDesktopMode: handleRequest: TransitionRequestInfo {type=1, tid=5515, remote=true, debugId=751}
12-10 17:10:16.222  4564  4564 I HoneySpace.FloatingAnimator: add containerView during preload, com.honeyspace.transition.anim.floating.ContainerView{7e26973 V.E...... ......ID 0,0-720,728}
12-10 17:10:16.223  4564  4564 I HoneySpace.FloatingAnimator: add positionListener - com.honeyspace.transition.anim.floating.c@77614e0
12-10 17:10:16.223  3970  4072 V ShellDesktopMode: DesktopTasksController: handleFullscreenTaskLaunch
12-10 17:10:16.223  3970  4072 V ShellDesktopMode: DesktopTasksController: isDesktopModeShowing: hasVisibleTasks=false hasTopTransparentFullscreenTask=false
12-10 17:10:16.223  3970  4072 V ShellDesktopMode: DesktopTasksController: handleRequest result=null
12-10 17:10:16.223  3970  4072 V WindowManagerShell: RemoteTransition directly requested for (#751) android.os.BinderProxy@c96c8a4: RemoteTransition { remoteTransition = android.window.IRemoteTransition$Stub$Proxy@5c9cb10, appThread = android.app.IApplicationThread$Stub$Proxy@12a8609, debugName = QuickstepLaunchflags =NONE }
12-10 17:10:16.223  3970  4072 V WindowManagerShell: Transition (#751): request handled by DefaultMixedHandler
12-10 17:10:16.223  4564  5541 I HoneySpace.SuggestedAppsRepositoryImpl: sendSuggestedAppsLaunchTarget: ComponentInfo{com.sabaphru.Saunje/com.sabaphru.Saunje.MainActivity}
12-10 17:10:16.223  2053 11935 I CameraService: onUidStateChanged: uid=10050, procState is changed. (0 -> 1)
12-10 17:10:16.223  2617  4068 D InputTransport: Input channel constructed: '63e3727', fd=1450
12-10 17:10:16.223  2617  4068 D InputTransport: Input channel constructed: '63e3727', fd=1451
12-10 17:10:16.223  1672  1706 I HYPER-HAL: [RequestManager.cpp]acquire(): Acquired ID : 3475585  [2617 / 19]    HINT : AMS_APP_LAUNCH    list : 
12-10 17:10:16.224  2617  4068 D InputTransport: Input channel constructed: '63e3727', fd=1289
12-10 17:10:16.224  2617  4068 D InputTransport: Input channel destroyed: '63e3727', fd=1451
12-10 17:10:16.224  2617  4068 D WindowManager: prepareSync <SYNC_STATE_WAITING_FOR_DRAW>, mPrepareSyncSeqId=0, win=Window{63e3727 u0 Splash Screen com.sabaphru.Saunje}
12-10 17:10:16.224  1778  4438 I SurfaceFlinger: id=9471 createSurf, flag=84004, 63e3727 Splash Screen com.sabaphru.Saunje#9471
12-10 17:10:16.224  5187  5187 E pageboostd: Received HALT command code 2
12-10 17:10:16.224  2617  4068 D RestrictionPolicy: isScreenCaptureEnabled : ret=true userId=0
12-10 17:10:16.224  4564  4658 I HoneySpace.SALoggingUtils: SA Logging screenID: 201 eventId: 1001 detail: {PackageName=com.sabaphru.Saunje, det=3} value: -1
12-10 17:10:16.224  2617  4068 V WindowManager: addWindow: ActivityRecord{199994562 u0 com.sabaphru.Saunje/.MainActivity t5515} startingWindow=Window{63e3727 u0 Splash Screen com.sabaphru.Saunje}
12-10 17:10:16.224  2617  4068 D InputTransport: Input channel destroyed: '63e3727', fd=1289
12-10 17:10:16.224  2617  4704 V WindowManager: Starting Transition 751, caller=com.android.server.wm.WindowOrganizerController.startTransition:47 com.android.server.wm.WindowOrganizerController.startTransition:1 android.window.IWindowOrganizerController$Stub.onTransact:259 
12-10 17:10:16.224  3970  4104 D InputTransport: Input channel constructed: '63e3727', fd=366
12-10 17:10:16.225  3970  4104 I InsetsController: onStateChanged: host=Splash Screen com.sabaphru.Saunje, from=android.view.ViewRootImpl.onInsetsStateChanged:3026, state=InsetsState: {mDisplayFrame=Rect(0, 0 - 720, 1560), mDisplayCutout=DisplayCutout{insets=Rect(0, 56 - 0, 0) waterfall=Insets{left=0, top=0, right=0, bottom=0} boundingRect={Bounds=[Rect(0, 0 - 0, 0), Rect(343, 0 - 377, 56), Rect(0, 0 - 0, 0), Rect(0, 0 - 0, 0)]} cutoutPathParserInfo={CutoutPathParserInfo{displayWidth=720 displayHeight=1560 physicalDisplayWidth=720 physicalDisplayHeight=1560 density={1.875} cutoutSpec={M 0,0 H -9.066666666666667 V 29.86666666666667 H 9.066666666666667 V 0 H 0 Z @dp} rotation={0} scale={1.0} physicalPixelDisplaySizeRatio={1.0}}} sideOverrides={}}, mRoundedCorners=RoundedCorners{[RoundedCorner{position=TopLeft, radius=4, center=Point(4, 4)}, RoundedCorner{position=TopRight, radius=4, center=Point(716, 4)}, RoundedCorner{position=BottomRight, radius=4, center=Point(716, 1556)}, RoundedCorner{position=BottomLeft, radius=4, center=Point(4, 1556)}]}  mRoundedCornerFrame=Rect(0, 0 - 720, 1560), mPrivacyIndicatorBounds=PrivacyIndicatorBounds {static bounds=Rect(637, 0 - 720, 56) rotation=0}, mDisplayShape=DisplayShape{ spec=1406003047 displayWidth=720 displayHeight=1560 physicalPixelDisplaySizeRatio=0.5 rotation=0 offsetX=0 offsetY=0 scale=1.0}, mSources= { InsetsSource: {85330001 mType=navigationBars mFrame=[0,1470][720,1560] mVisible=true mFlags= mSideHint=BOTTOM mBoundingRects=null}, InsetsSource: {85330004 mType=systemGestures mFrame=[0,0][0,0] mVisible=true mFlags= mSideHint=NONE mBoundingRects=null}, InsetsSource: {85330005 mType=mandatorySystemGestures mFrame=[0,1470][720,1560] mVisible=true mFlags= mSideHint=BOTTOM mBoundingRects=null}, InsetsSource: {85330006 mType=tappableElement mFrame=[0,1470][720,1560] mVisible=true mFlags= mSideHint=BOTTOM mBoundingRects=null}, InsetsSource: {85330024 mType=systemGestures mFrame=[0,0][0,0] mVisible=true mFlags= mSideHint=NONE mBoundingRects=null}, InsetsSource: {c45e0000 mType=statusBars mFrame=[0,0][720,56] mVisible=true mFlags= mSideHint=TOP mBoundingRects=null}, InsetsSource: {c45e0005 mType=mandatorySystemGestures mFrame=[0,0][720,79] mVisible=true mFlags= mSideHint=TOP mBoundingRects=null}, InsetsSource: {c45e0006 mType=tappableElement mFrame=[0,0][720,56] mVisible=true mFlags= mSideHint=TOP mBoundingRects=null}, InsetsSource: {27 mType=displayCutout mFrame=[0,0][720,56] mVisible=true mFlags= mSideHint=TOP mBoundingRects=null} }
12-10 17:10:16.225  3970  4104 I VRI[Saunje]@4a75b37: onActiveControlsChanged, removed=false, mAdded=true, caller=android.view.ViewRootImpl.handleInsetsControlChanged:3002 android.view.ViewRootImpl.setView:2014 android.view.WindowManagerGlobal.addView:604 com.android.wm.shell.startingsurface.SplashscreenWindowCreator.addWindow:38 com.android.wm.shell.startingsurface.StartingWindowController$$ExternalSyntheticLambda4.run:1365 
12-10 17:10:16.225  1778  1778 I SurfaceFlinger: [Display 0 name="Built-in Screen"#49] setFrameRateCategory: High
12-10 17:10:16.225  1778  1778 I SurfaceFlinger: [Task=5515#9469] attach to parent LayerHierarchy{RequestedLayerState{DefaultTaskDisplayArea_d0#10 parentId=9} 13 children}
12-10 17:10:16.225  1778  1778 I SurfaceFlinger: [ActivityRecord{199994562 u0 com.sabaphru.Saunje/.MainActivity t5515}#9470] attach to parent LayerHierarchy{RequestedLayerState{Task=5515#9469 parentId=10} 1 children}
12-10 17:10:16.225  1778  1778 I SurfaceFlinger: [63e3727 Splash Screen com.sabaphru.Saunje#9471] attach to parent LayerHierarchy{RequestedLayerState{ActivityRecord{199994562 u0 com.sabaphru.Saunje/.MainActivity t5515}#9470 parentId=9469} 1 children}
12-10 17:10:16.225  3970  4104 I VRI[Saunje]@4a75b37: synced displayState. AttachInfo displayState=2
12-10 17:10:16.225  3970  4104 I VRI[Saunje]@4a75b37: setView = android.widget.FrameLayout@6e8883c IsHRR=false mFlingFrameRateChange=0 TM=true
12-10 17:10:16.225  3970  4201 D HWUI    : HWUI - treat SMPTE_170M as sRGB
12-10 17:10:16.225  1778  1778 I BpBinder: onLastStrongRef automatically unlinking death recipients: 
12-10 17:10:16.225  2617  5303 I WindowManager: Relayout Window{63e3727 u0 Splash Screen com.sabaphru.Saunje}: viewVisibility=0 req=720x1560 ty=3 d0
12-10 17:10:16.226  1778  1937 I SurfaceFlinger: id=9472 createSurf, flag=44004, Splash Screen com.sabaphru.Saunje$_3970#9472
12-10 17:10:16.226  2617  5303 D WindowManager: makeSurface duration=0 name=Splash Screen com.sabaphru.Saunje$_3970
12-10 17:10:16.226  2617  5303 D SurfaceComposerClient: setCornerRadius ## 63e3727 Splash Screen com.sabaphru.Saunje#9471 cornerRadius=0.000000
12-10 17:10:16.226  2617  5303 D SurfaceComposerClient: setCornerRadius ## a5dbeb9 com.sec.android.app.launcher/com.sec.android.app.launcher.activities.LauncherActivity#144 cornerRadius=0.000000
12-10 17:10:16.226  2617  5303 D SurfaceComposerClient: setCornerRadius ## a5dbeb9 com.sec.android.app.launcher/com.sec.android.app.launcher.activities.LauncherActivity#144 cornerRadius=0.000000
12-10 17:10:16.227  2617  5303 I WindowManager: Relayout hash=63e3727, pid=3970, syncId=-1: mAttrs={(0,0)(fillxfill) sim={adjust=pan} layoutInDisplayCutoutMode=always ty=APPLICATION_STARTING fmt=TRANSLUCENT wanim=0x1030306
12-10 17:10:16.227  2617  5303 I WindowManager:   fl=81030118
12-10 17:10:16.227  2617  5303 I WindowManager:   pfl=10000810
12-10 17:10:16.227  2617  5303 I WindowManager:   bhv=1
12-10 17:10:16.227  2617  5303 I WindowManager:   fitSides=0
12-10 17:10:16.227  2617  5303 I WindowManager:   frameRateBoostOnTouch=true
12-10 17:10:16.227  2617  5303 I WindowManager:   dvrrWindowFrameRateHint=true naviIconColor=0}
12-10 17:10:16.227  2617  4068 D CoreBackPreview: Window{63e3727 u0 Splash Screen com.sabaphru.Saunje}: Setting back callback OnBackInvokedCallbackInfo{mCallback=android.window.IOnBackInvokedCallback$Stub$Proxy@53c2b7d, mPriority=0, mIsAnimationCallback=false, mOverrideBehavior=0}
12-10 17:10:16.227  3970  4072 D ShellDesktopMode: [u0] DesktopRepository: Removes freeform task: taskId=5514
12-10 17:10:16.227  3970  4072 W ShellDesktopMode: [u0] DesktopRepository: No display id found for task: taskId=5514
12-10 17:10:16.227  3970  4072 D ShellDesktopMode: [u0] DesktopRepository: Removes freeform task: taskId=5514
12-10 17:10:16.227  3970  4072 W ShellDesktopMode: [u0] DesktopRepository: No display id found for task: taskId=5514
12-10 17:10:16.227  3970  4104 I VRI[Saunje]@4a75b37: onActiveControlsChanged, removed=false, mAdded=true, caller=android.view.ViewRootImpl.handleInsetsControlChanged:3002 android.view.ViewRootImpl.relayoutWindow:11629 android.view.ViewRootImpl.performTraversals:4804 android.view.ViewRootImpl.doTraversal:3924 android.view.ViewRootImpl$TraversalRunnable.run:12903 
12-10 17:10:16.227  2617  2961 I DisplayDeviceRepository: Display device changed render timings: "Built-in Screen", renderFrameRate=60.000004, presentationDeadlineNanos=17666666, appVsyncOffsetNanos=16666666, frameRateOverrides=[{uid=10050 frameRateHz=60.000004}, {uid=10145 frameRateHz=60.000004}, {uid=10157 frameRateHz=60.000004}]
12-10 17:10:16.228  4564  4564 I HoneySpace.Launcher: !@Boot_EBS_D: Launcher.onPause()
12-10 17:10:16.228  4564  4564 I HoneySpace.Launcher: updateLauncherShowing true -> false
12-10 17:10:16.228  4564  5539 I HoneySpace.RecentTasks: onRecentTasksChanged
12-10 17:10:16.229  3970  4104 I BufferQueueProducer: [](id:f8200000176,api:0,p:1655695920,c:3970) setDequeueTimeout:2077252342
12-10 17:10:16.229  2617  3585 V WindowManager: Checking theme of starting window: 0x7f120222
12-10 17:10:16.229  2617  3585 V WindowManager: Translucent=false Floating=false ShowWallpaper=false Disable=false
12-10 17:10:16.229  4564  2348 I HoneySpace.RecentTasks: onRecentTasksChanged
12-10 17:10:16.229  2617  3585 V WindowManager: Collecting in transition 751: ActivityRecord{199994562 u0 com.sabaphru.Saunje/.MainActivity t5515}, caller=com.android.server.wm.TransitionController.collect:7 com.android.server.wm.ActivityRecord.setVisibility:132 com.android.server.wm.EnsureActivitiesVisibleHelper.process:459 com.android.server.wm.TaskFragment.updateActivityVisibilities:12 com.android.server.wm.Task$$ExternalSyntheticLambda37.accept:37 
12-10 17:10:16.229  2617  3585 V WindowManager: Collecting in transition 751: ActivityRecord{111613257 u0 com.sec.android.app.launcher/.activities.LauncherActivity t5386}, caller=com.android.server.wm.TransitionController.collect:7 com.android.server.wm.ActivityRecord.setVisibility:132 com.android.server.wm.ActivityRecord.makeInvisible:32 com.android.server.wm.EnsureActivitiesVisibleHelper.process:542 com.android.server.wm.TaskFragment.updateActivityVisibilities:12 
12-10 17:10:16.229  2617  3585 D WindowManager: prepareSync <SYNC_STATE_WAITING_FOR_DRAW>, mPrepareSyncSeqId=0, win=Window{a5dbeb9 u0 com.sec.android.app.launcher/com.sec.android.app.launcher.activities.LauncherActivity}
12-10 17:10:16.229  2617  3585 V WindowManager: Collecting in transition 751: WallpaperWindowToken{fdfca4 showWhenLocked=true}_<lock>, caller=com.android.server.wm.Transition.collect:387 com.android.server.wm.TransitionController.collect:7 com.android.server.wm.ActivityRecord.setVisibility:132 com.android.server.wm.ActivityRecord.makeInvisible:32 com.android.server.wm.EnsureActivitiesVisibleHelper.process:542 
12-10 17:10:16.229  3970  4104 I BLASTBufferQueue_Java: new BLASTBufferQueue, mName= VRI[Saunje]@4a75b37 mNativeObject= 0xb400006df30df960 caller= android.view.ViewRootImpl.updateBlastSurfaceIfNeeded:3585 android.view.ViewRootImpl.relayoutWindow:11685 android.view.ViewRootImpl.performTraversals:4804 android.view.ViewRootImpl.doTraversal:3924 android.view.ViewRootImpl$TraversalRunnable.run:12903 android.view.Choreographer$CallbackRecord.run:1901 android.view.Choreographer$CallbackRecord.run:1910 android.view.Choreographer.doCallbacks:1367 android.view.Choreographer.doFrame:1292 android.view.Choreographer$FrameDisplayEventReceiver.run:1870 
12-10 17:10:16.229  3970  4104 I BLASTBufferQueue_Java: update, w= 720 h= 1560 mName = VRI[Saunje]@4a75b37 mNativeObject= 0xb400006df30df960 sc.mNativeObject= 0xb400006ff2aa53d0 format= -3 caller= android.view.ViewRootImpl.updateBlastSurfaceIfNeeded:3590 android.view.ViewRootImpl.relayoutWindow:11685 android.view.ViewRootImpl.performTraversals:4804 android.view.ViewRootImpl.doTraversal:3924 android.view.ViewRootImpl$TraversalRunnable.run:12903 android.view.Choreographer$CallbackRecord.run:1901 
12-10 17:10:16.229  4564  5541 I HoneySpace.SPayHandler: updateSpayHandler launcher activity is paused false
12-10 17:10:16.229  2617  3585 V WindowManager: Collecting in transition 751: WallpaperWindowToken{fdfca4 showWhenLocked=true}_<lock>, caller=com.android.server.wm.TransitionController.collect:7 com.android.server.wm.WallpaperWindowToken.setVisibility:55 com.android.server.wm.WallpaperController.adjustWallpaperWindows:857 com.android.server.wm.RootWindowContainer.applySurfaceChangesTransaction$1:141 com.android.server.wm.RootWindowContainer.performSurfacePlacementNoTrace:59 
12-10 17:10:16.229  2617  3585 D SurfaceComposerClient: setCornerRadius ## 63e3727 Splash Screen com.sabaphru.Saunje#9471 cornerRadius=0.000000
12-10 17:10:16.229  3970  4104 I VRI[Saunje]@4a75b37: Relayout returned: old=(0,0,720,1560) new=(0,0,720,1560) relayoutAsync=false req=(720,1560)0 dur=3 res=0x3 s={true 0xb400006e02af25b0} ch=true seqId=0
12-10 17:10:16.230  2617  3585 D SurfaceComposerClient: setCornerRadius ## 63e3727 Splash Screen com.sabaphru.Saunje#9471 cornerRadius=0.000000
12-10 17:10:16.230  1672  1706 I HYPER-HAL: [RequestManager.cpp]acquire(): Acquired ID : 14727202  [1675 / 3751]    HINT :      list : [TID_LOW_LATENCY / 1] [TID / 4195] [TID / 4196] [TID / 4104] [TID / 4201] 
12-10 17:10:16.230  2617  6933 D HintManagerService: SystemUI make new AppHintSession but force pause
12-10 17:10:16.230  3970  4104 D VRI[Saunje]@4a75b37: mThreadedRenderer.initialize() mSurface={isValid=true 0xb400006e02af25b0} hwInitialized=true
12-10 17:10:16.230  4564  6580 I HoneySpace.Memory-Monitor: current state = 2, didTrim = false
12-10 17:10:16.230  3970  3970 D DisplayLifecycle: updateDisplay id = 0
12-10 17:10:16.230  3970  4104 D VRI[Saunje]@4a75b37: reportNextDraw android.view.ViewRootImpl.performTraversals:5443 android.view.ViewRootImpl.doTraversal:3924 android.view.ViewRootImpl$TraversalRunnable.run:12903 android.view.Choreographer$CallbackRecord.run:1901 android.view.Choreographer$CallbackRecord.run:1910 
12-10 17:10:16.230  3970  4104 D VRI[Saunje]@4a75b37: Setup new sync=wmsSync-VRI[Saunje]@4a75b37#18
12-10 17:10:16.230  3970  4104 I VRI[Saunje]@4a75b37: Creating new active sync group VRI[Saunje]@4a75b37#19
12-10 17:10:16.231  3970  4104 D VRI[Saunje]@4a75b37: registerCallbacksForSync syncBuffer=false
12-10 17:10:16.231  2617  2962 D SurfaceComposerClient: setCornerRadius ## 63e3727 Splash Screen com.sabaphru.Saunje#9471 cornerRadius=0.000000
12-10 17:10:16.231  3970  4196 D VRI[Saunje]@4a75b37: Received frameDrawingCallback syncResult=0 frameNum=1.
12-10 17:10:16.231  2617  2961 D SGM:FgCheckThread: notePauseComponent(), received pkgName: com.sec.android.app.launcher, userId: 0
12-10 17:10:16.231  3970  4196 I VRI[Saunje]@4a75b37: mWNT: t=0xb400006e92be9110 mBlastBufferQueue=0xb400006df30df960 fn= 1 HdrRenderState mRenderHdrSdrRatio=1.0 caller= android.view.ViewRootImpl$12.onFrameDraw:15441 android.view.ThreadedRenderer$1.onFrameDraw:718 <bottom of call stack> 
12-10 17:10:16.231  3970  4196 I VRI[Saunje]@4a75b37: Setting up sync and frameCommitCallback
12-10 17:10:16.232  1672  1706 I HYPER-HAL: [RequestManager.cpp]acquire(): Acquired ID : 14727202  [1675 / 3751]    HINT :      list : [TID_LOW_LATENCY / 0] [TID / 4195] [TID / 4196] [TID / 4104] [TID / 4201] 
12-10 17:10:16.233  3970  4201 W qdgralloc: getInterlacedFlag: getMetaData returned 3, defaulting to interlaced_flag = 0
12-10 17:10:16.233  2617  3798 I CocktailBarManagerServiceContainer: handleMessage: entry what = 6
12-10 17:10:16.233  2617  3808 D BackgroundInstallControlService: Package event received: 0
12-10 17:10:16.234  3970  4201 I BLASTBufferQueue: [VRI[Saunje]@4a75b37#374](f:0,a:0,s:0) onFrameAvailable the first frame is available
12-10 17:10:16.234  3970  4201 I SurfaceComposerClient: apply transaction with the first frame. layerId: 9472, bufferData(ID: 17051020169494, frameNumber: 1)
12-10 17:10:16.234  4564  4700 I HoneySpace.TopTaskSource: onTaskMovedToFront : taskId = 5515, displayId = 0
12-10 17:10:16.234  3970  4201 I VRI[Saunje]@4a75b37: Received frameCommittedCallback lastAttemptedDrawFrameNum=1 didProduceBuffer=true
12-10 17:10:16.234  3970  4201 D HWUI    : CFMS:: SetUp Pid : 3970    Tid : 4201
12-10 17:10:16.235  2617  4068 D WifiDisplayAdapter: isFitToActiveDisplayLocked : false
12-10 17:10:16.235  3970  4104 D VRI[Saunje]@4a75b37: reportDrawFinished seqId=0
12-10 17:10:16.234  1778  1937 I SurfaceFlinger: [Splash Screen com.sabaphru.Saunje$_3970#9472] setTransactionState with the first frame. bufferData(ID: 17051020169494, frameNumber: 1)
12-10 17:10:16.235  3970  4129 D StackScroller: onDisplayChanged for predraw skip to 2
12-10 17:10:16.235  4564  4702 I HoneySpace.TopTaskUseCase: topTasks 5515 ComponentInfo{com.sabaphru.Saunje/com.sabaphru.Saunje.MainActivity}[displayId=0]
12-10 17:10:16.237  8951  8951 I sabaphru.Saunje: Using CollectorTypeCMC GC.
12-10 17:10:16.237  2617  4068 D WindowManager: finishDrawingWindow: Window{63e3727 u0 Splash Screen com.sabaphru.Saunje} mDrawState=DRAW_PENDING seqId=0
12-10 17:10:16.238  2617  4068 V WindowManager: Finishing drawing window Window{63e3727 u0 Splash Screen com.sabaphru.Saunje}: mDrawState=DRAW_PENDING
12-10 17:10:16.238  2617  4068 V WindowManager: Draw state now committed in Window{63e3727 u0 Splash Screen com.sabaphru.Saunje}
12-10 17:10:16.238  2617  2962 D SurfaceComposerClient: setCornerRadius ## 63e3727 Splash Screen com.sabaphru.Saunje#9471 cornerRadius=0.000000
12-10 17:10:16.238  2617  2962 V WindowManager: rotationForOrientation(orient=SCREEN_ORIENTATION_PORTRAIT (1), last=ROTATION_0 (0)); user=ROTATION_0 (0) 
12-10 17:10:16.238  2617  2962 D WindowManager: rotationForOrientation, orientationSource=ActivityRecord{199994562 u0 com.sabaphru.Saunje/.MainActivity t5515}
12-10 17:10:16.238  2617  2962 V WindowManager: Computed rotation=ROTATION_0 (0) for display id=0 based on lastOrientation=SCREEN_ORIENTATION_PORTRAIT (1) and oldRotation=ROTATION_0 (0), caller=com.android.server.wm.DisplayRotation.updateOrientation:79 com.android.server.wm.DisplayContent.updateOrientation:41 com.android.server.wm.WindowState.performShowLocked:308 com.android.server.wm.WindowStateAnimator.commitFinishDrawingLocked:73 com.android.server.wm.DisplayContent$$ExternalSyntheticLambda1.accept$com$android$server$wm$DisplayContent$$ExternalSyntheticLambda37:23 com.android.server.wm.DisplayContent$$ExternalSyntheticLambda1.accept:143 
12-10 17:10:16.238  2617  2962 D BLASTSyncEngine: SyncGroup 751: Set ready true, caller=com.android.server.wm.BLASTSyncEngine.setReady:32 com.android.server.wm.Transition.applyReady:54 com.android.server.wm.Transition.setReady:72 com.android.server.wm.TransitionController.setReady:6 com.android.server.wm.DisplayContent.executeAppTransition:4 com.android.server.wm.WindowState.performShowLocked:313 
12-10 17:10:16.238  2617  2962 D SurfaceComposerClient: setCornerRadius ## 63e3727 Splash Screen com.sabaphru.Saunje#9471 cornerRadius=0.000000
12-10 17:10:16.238  2617  2962 V WindowManager: SyncGroup 751: Finished!
12-10 17:10:16.238  2617  2962 V WindowManager: performShowLocked: mDrawState=HAS_DRAWN in Window{63e3727 u0 Splash Screen com.sabaphru.Saunje}
12-10 17:10:16.239  2617  2962 D WindowManagerServiceExt: updateTaskbarTargetIfNeeded: cn=ComponentInfo{com.sabaphru.Saunje/com.sabaphru.Saunje.MainActivity} occludesParent=true isInSplitScreenMode=false
12-10 17:10:16.239  2617  2962 D ChangeTransitionController: onTransactionReady: TransitionRecord{c3ae50d id=751 type=OPEN flags=0x0 c=[
12-10 17:10:16.239  2617  2962 D ChangeTransitionController:    ChangeInfo{2d8e41f container=WallpaperWindowToken{fdfca4 showWhenLocked=true}_<lock> flags=0x0}
12-10 17:10:16.239  2617  2962 D ChangeTransitionController:    ChangeInfo{376121a container=Task{23dc509 #5515 type=standard A=10154:com.sabaphru.Saunje} flags=0x0}
12-10 17:10:16.239  2617  2962 D ChangeTransitionController:    ChangeInfo{ad4c36c container=Task{2b8640a #1 type=home} flags=0x0}
12-10 17:10:16.239  2617  2962 D ChangeTransitionController:    ChangeInfo{ce5d14b container=Display{#0 state=ON size=720x1560 ROTATION_0} flags=0x0}
12-10 17:10:16.239  2617  2962 D ChangeTransitionController:    ChangeInfo{1aa4d35 container=Task{330a89d #5386 type=home I=com.sec.android.app.launcher/.activities.LauncherActivity} flags=0x0}
12-10 17:10:16.239  2617  2962 D ChangeTransitionController:    ChangeInfo{50735ca container=ActivityRecord{111613257 u0 com.sec.android.app.launcher/.activities.LauncherActivity t5386} flags=0x0}
12-10 17:10:16.239  2617  2962 D ChangeTransitionController:    ChangeInfo{ea12728 container=ActivityRecord{199994562 u0 com.sabaphru.Saunje/.MainActivity t5515} flags=0x0}
12-10 17:10:16.239  2617  2962 D ChangeTransitionController:    ChangeInfo{57c0c41 container=DefaultTaskDisplayArea_d0@212030949 flags=0x0}
12-10 17:10:16.239  2617  2962 D ChangeTransitionController:    ChangeInfo{ab1a33b container=RemoteWallpaperAnim:1:1@258223267 flags=0x0}
12-10 17:10:16.239  2617  2962 D ChangeTransitionController: ]
12-10 17:10:16.239  2617  2962 D ChangeTransitionController: }
12-10 17:10:16.239  2617  2962 V WindowManager: Start calculating TransitionInfo based on participants: {WallpaperWindowToken{fdfca4 showWhenLocked=true}_<lock>, Task{23dc509 #5515 type=standard A=10154:com.sabaphru.Saunje}, ActivityRecord{111613257 u0 com.sec.android.app.launcher/.activities.LauncherActivity t5386}, ActivityRecord{199994562 u0 com.sabaphru.Saunje/.MainActivity t5515}}
12-10 17:10:16.239  2617  2962 V WindowManager:   Final targets: [ChangeInfo{376121a container=Task{23dc509 #5515 type=standard A=10154:com.sabaphru.Saunje} flags=0x10}, ChangeInfo{ad4c36c container=Task{2b8640a #1 type=home} flags=0x10}, ChangeInfo{2d8e41f container=WallpaperWindowToken{fdfca4 showWhenLocked=true}_<lock> flags=0x0}]
12-10 17:10:16.239  1204  1204 D io_stats: !@   8,0 r 2169742 59117952 w 1119535 17477500 d 363649 150653808 f 34376 91528 iot 594220 0 th 0 0 0 pt 0 inp 0 0 16696.986
12-10 17:10:16.239  1778  1937 I SurfaceFlinger: id=9473 createSurf, flag=84004, Transition Root: Task=5515#9473
12-10 17:10:16.239  1204  1204 D io_stats: !@ Write_top(KB): kworker/u16:0(4588) 668 vendor.samsung.(1715) 8
12-10 17:10:16.239  2617  2962 I SurfaceControlRegistry: show, t=StartTransaction_SyncId<751> sc=ActivityRecord{199994562 u0 com.sabaphru.Saunje/.MainActivity t5515}, caller=android.view.SurfaceControl$Transaction.show:3557 com.android.server.wm.Transition.onTransactionReady:2048 com.android.server.wm.BLASTSyncEngine$SyncGroup.finishNow:240 com.android.server.wm.BLASTSyncEngine.onSurfacePlacement:263 com.android.server.wm.RootWindowContainer.performSurfacePlacementNoTrace:1083 com.android.server.wm.WindowSurfacePlacer.performSurfacePlacement:166 
12-10 17:10:16.239  2617  2962 D SurfaceComposerClient: setCornerRadius ## WallpaperWindowToken{fdfca4 showWhenLocked=false}#76 cornerRadius=0.000000
12-10 17:10:16.240  2617  2962 D SurfaceComposerClient: setCornerRadius ## Task=1#53 cornerRadius=0.000000
12-10 17:10:16.240  2617  2962 D SurfaceComposerClient: setCornerRadius ## Task=5515#9469 cornerRadius=0.000000
12-10 17:10:16.239  8951  8951 E sabaphru.Saunje: Not starting debugger since process cannot load the jdwp agent.
12-10 17:10:16.240  6829  6829 I SemDvfsHyPerManager: acquire hyper - APP_START/6829@24, type = -999
12-10 17:10:16.240  2617  2962 V WindowManager: Calling onTransitionReady: {id=751 t=OPEN f=0x0 trk=0 r=[0@Point(0, 0)] c=[
12-10 17:10:16.240  2617  2962 V WindowManager:         {WCT{RemoteToken{e4ae496 Task{23dc509 #5515 type=standard A=10154:com.sabaphru.Saunje}}} m=OPEN f=NONE leash=Surface(name=Task=5515)/@0x800aa58 sb=Rect(0, 0 - 720, 1560) eb=Rect(0, 0 - 720, 1560) epz=Point(720, 1560) d=0 taskParent=-1 inset=Rect(0, 56 - 0, 90) dim=true},
12-10 17:10:16.240  2617  2962 V WindowManager:         {WCT{RemoteToken{184b388 Task{2b8640a #1 type=home}}} m=TO_BACK f=SHOW_WALLPAPER|EDGE_EXTENSION_RESTRICTION leash=Surface(name=Task=1)/@0x23c993c sb=Rect(0, 0 - 720, 1560) eb=Rect(0, 0 - 720, 1560) epz=Point(720, 1560) d=0 taskParent=-1 inset=Rect(0, 56 - 0, 90)},
12-10 17:10:16.240  2617  2962 V WindowManager:         {m=TO_BACK f=IS_WALLPAPER p=WCT{RemoteToken{4f867b0 RemoteWallpaperAnim:1:1@258223267}} leash=Surface(name=WallpaperWindowToken{fdfca4 showWhenLocked=false})/@0xfc6db44 sb=Rect(0, 0 - 720, 1560) eb=Rect(0, 0 - 720, 1560) epz=Point(720, 1560) d=0 inset=Rect(0, 0 - 0, 0)}
12-10 17:10:16.240  2617  2962 V WindowManager:     ]}
12-10 17:10:16.240  1672  1706 I HYPER-HAL: [RequestManager.cpp]acquire(): Acquired ID : 23485255  [6829 / 24]    HINT : APP_START_LOW_HEAT    list : 
12-10 17:10:16.240  2617  2962 D PowerManagerService: [api] setPowerBoost(L) boost:0, durationMs:0, caller (uid: 1000 pid: 2617) <- m() in com.android.server.display.DisplayManagerService$BinderService$$ExternalSyntheticOutline0:1
12-10 17:10:16.240  3970  7355 V WindowManagerShell: onTransitionReady(transaction=11239929539930)
12-10 17:10:16.241  3970  4072 V WindowManagerShell: onTransitionReady (#751) android.os.BinderProxy@c96c8a4: {id=751 t=OPEN f=0x0 trk=0 r=[0@Point(0, 0)] c=[
12-10 17:10:16.241  3970  4072 V WindowManagerShell:         {m=OPEN f=NONE leash=Surface(name=Task=5515)/@0xf8fa2d4 sb=Rect(0, 0 - 720, 1560) eb=Rect(0, 0 - 720, 1560) epz=Point(720, 1560) d=0 taskParent=-1 inset=Rect(0, 56 - 0, 90) dim=true},
12-10 17:10:16.241  3970  4072 V WindowManagerShell:         {m=TO_BACK f=SHOW_WALLPAPER|EDGE_EXTENSION_RESTRICTION leash=Surface(name=Task=1)/@0x7bd1c7d sb=Rect(0, 0 - 720, 1560) eb=Rect(0, 0 - 720, 1560) epz=Point(720, 1560) d=0 taskParent=-1 inset=Rect(0, 56 - 0, 90)},
12-10 17:10:16.241  3970  4072 V WindowManagerShell:         {m=TO_BACK f=IS_WALLPAPER p=WCT{android.window.IWindowContainerToken$Stub$Proxy@9ae1840} leash=Surface(name=WallpaperWindowToken{fdfca4 showWhenLocked=false})/@0xfe16772 sb=Rect(0, 0 - 720, 1560) eb=Rect(0, 0 - 720, 1560) epz=Point(720, 1560) d=0 inset=Rect(0, 0 - 0, 0)}
12-10 17:10:16.241  3970  4072 V WindowManagerShell:     ]}
12-10 17:10:16.241  2617  2962 D SurfaceComposerClient: setCornerRadius ## 63e3727 Splash Screen com.sabaphru.Saunje#9471 cornerRadius=0.000000
12-10 17:10:16.241  3970  4072 V ShellDesktopMode: DesktopModeLogger: taskInfo map after processing changes 0
12-10 17:10:16.241  3970  4072 D ShellDesktopMode: DesktopTaskChangeListener: onTaskOpening for taskId=5515, displayId=0
12-10 17:10:16.241  3970  4072 I SurfaceControlRegistry: hide, t=FinishTransaction_SyncId<751> sc=Task=1, caller=android.view.SurfaceControl$Transaction.hide:3583 com.android.wm.shell.transition.Transitions.dispatchReady:1263 com.android.wm.shell.transition.Transitions.onTransitionReady:251 com.android.wm.shell.transition.Transitions$TransitionPlayerImpl$$ExternalSyntheticLambda0.run:13 android.os.Handler.handleCallback:995 android.os.Handler.dispatchMessage:103 
12-10 17:10:16.241  1778  1778 I SurfaceFlinger: [Splash Screen com.sabaphru.Saunje$_3970#9472] attach to parent LayerHierarchy{RequestedLayerState{63e3727 Splash Screen com.sabaphru.Saunje#9471 parentId=9470} 1 children}
12-10 17:10:16.241  1778  1778 I SurfaceFlinger: [Transition Root: Task=5515#9473] attach to parent LayerHierarchy{RequestedLayerState{DefaultTaskDisplayArea_d0#10 parentId=9} 14 children}
12-10 17:10:16.241  3970  4072 I SurfaceControlRegistry: show, t=StartTransaction_SyncId<751> sc=Task=5515, caller=android.view.SurfaceControl$Transaction.show:3557 com.android.wm.shell.transition.Transitions.dispatchReady:1279 com.android.wm.shell.transition.Transitions.onTransitionReady:251 com.android.wm.shell.transition.Transitions$TransitionPlayerImpl$$ExternalSyntheticLambda0.run:13 android.os.Handler.handleCallback:995 android.os.Handler.dispatchMessage:103 
12-10 17:10:16.242  3970  4072 I SurfaceControlRegistry: show, t=FinishTransaction_SyncId<751> sc=Task=5515, caller=android.view.SurfaceControl$Transaction.show:3557 com.android.wm.shell.transition.Transitions.dispatchReady:1330 com.android.wm.shell.transition.Transitions.onTransitionReady:251 com.android.wm.shell.transition.Transitions$TransitionPlayerImpl$$ExternalSyntheticLambda0.run:13 android.os.Handler.handleCallback:995 android.os.Handler.dispatchMessage:103 
12-10 17:10:16.242  3970  4072 V WindowManagerShell: Playing animation for (#751) android.os.BinderProxy@c96c8a4@0
12-10 17:10:16.242  2617  2958 V WindowManager: Sent Transition (#751) createdAt=12-10 17:10:16.217 via request=TransitionRequestInfo { type = OPEN, triggerTask = TaskInfo{userId=0 taskId=5515 effectiveUid=10154 displayId=0 isRunning=true baseIntent=Intent { act=android.intent.action.MAIN cat=[android.intent.category.LAUNCHER] flg=0x10200000 cmp=com.sabaphru.Saunje/.MainActivity } baseActivity=ComponentInfo{com.sabaphru.Saunje/com.sabaphru.Saunje.MainActivity} topActivity=ComponentInfo{com.sabaphru.Saunje/com.sabaphru.Saunje.MainActivity} origActivity=null realActivity=ComponentInfo{com.sabaphru.Saunje/com.sabaphru.Saunje.MainActivity} numActivities=1 lastActiveTime=26239864 supportsMultiWindow=true resizeMode=1 isResizeable=true minWidth=-1 minHeight=-1 maxWidth=-1 maxHeight=-1 defaultMinSize=220 desktopDefaultMinSize=304 token=WCT{RemoteToken{e4ae496 Task{23dc509 #5515 type=standard A=10154:com.sabaphru.Saunje}}} topActivityType=1 pictureInPictureParams=null shouldDockBigOverlays=false launchIntoPipHostTaskId=-1 lastParentTaskIdBeforePip=-1 displayCutoutSafeInsets=Rect(0, 56 - 0, 0) topActivityInfo=ActivityInfo{1021404 com.sabaphru.Saunje.MainActivity} launchCookies=[android.os.BinderProxy@f13eded] positionInParent=Point(0, 0) parentTaskId=-1 isFocused=false isVisible=false isVisibleRequested=false isTopActivityNoDisplay=false isSleeping=false locusId=null displayAreaFeatureId=1 isTopActivityTransparent=false isActivityStackTransparent=false lastNonFullscreenBounds=Rect(54, 373 - 666, 1153) capturedLink=null capturedLinkTimestamp=0 requestedVisibleTypes=-9 topActivityRequestOpenInBrowserEducationTimestamp=0 appCompatTaskInfo=AppCompatTaskInfo { topActivityInSizeCompat=false eligibleForLetterboxEducation= false isLetterboxEducationEnabled= false isLetterboxDoubleTapEnabled= false eligibleForUserAspectRatioButton= false topActivityBoundsLetterboxed= false isFromLetterboxDoubleTap= false topActivityLetterboxVerticalPosition= -1 topActivityLetterboxHorizontalPosition= -1 topActivityLetterboxWidth=-1 topActivityLetterboxHeight=-1 topActivityAppBounds=Rect(0, 0 - 720, 1560) isUserFullscreenOverrideEnabled=false isSystemFullscreenOverrideEnabled=false hasMinAspectRatioOverride=false topActivityLetterboxBounds=null cameraCompatTaskInfo=CameraCompatTaskInfo { freeformCameraCompatMode=inactive} topActivityBounds=null topActivityInDisplayCompat=false singleTapFromLetterbox=false} topActivityMainWindowFrame=null originallySupportedMultiWindow=true hasWallpaper=false rootAffinity=10154:com.sabaphru.Saunje isTopTaskInStage=false CoverLauncherWidgetTask=false LaunchedFromAppsCoverLauncherTask=false LaunchedFromMultistarCoverLauncherTask=false isAllowedSeamlessRotation=false isTopTransparentActivity=false isAliasManaged=false hasConfigChanged=false snappingGuideBounds=null isAiKeyRemoveAppTask=false lastDesktopWindowingBounds=null lastExternalDesktopWindowingBounds=null safeCutoutInsets=null}, pipChange = null, remoteTransition = RemoteTransition { remoteTransition = android.window.IRemoteTransition$Stub$Proxy@48b422, appThread = android.app.IApplicationThread$Stub$Proxy@a233eb3, debugName = QuickstepLaunchflags =NONE }, displayChange = null, flags = 0, debugId = 751 }
12-10 17:10:16.242  3970  4072 I SurfaceControlRegistry: show, t=StartTransaction_SyncId<751> sc=Transition Root: Task=5515, caller=android.view.SurfaceControl$Transaction.show:3557 com.android.wm.shell.transition.Transitions.playTransition:79 com.android.wm.shell.transition.Transitions.processReadyQueue:239 com.android.wm.shell.transition.Transitions.dispatchReady:1352 com.android.wm.shell.transition.Transitions.onTransitionReady:251 com.android.wm.shell.transition.Transitions$TransitionPlayerImpl$$ExternalSyntheticLambda0.run:13 
12-10 17:10:16.242  1778  4438 I SurfaceFlinger: id=9474 createSurf, flag=84000, c5bf3a4 ActivityRecordInputSink com.sabaphru.Saunje/.MainActivity#9474
12-10 17:10:16.242  3970  4072 V WindowManagerShell:  try firstHandler com.android.wm.shell.transition.DefaultMixedHandler@3e4ac5f
12-10 17:10:16.242  3970  4072 V WindowManagerShell: Mixed transition for opening an intent with a remote transition and PIP or Desktop #751
12-10 17:10:16.242  3970  4072 V WindowManagerShell: tryAnimateOpenIntentWithRemoteAndPipOrDesktop
12-10 17:10:16.242  3970  4072 V WindowManagerShell:  Delegate animation for (#751) to RemoteTransition { remoteTransition = android.window.IRemoteTransition$Stub$Proxy@5c9cb10, appThread = android.app.IApplicationThread$Stub$Proxy@12a8609, debugName = QuickstepLaunchflags =NONE }
12-10 17:10:16.242  2617  2958 V WindowManager:     startWCT=WindowContainerTransaction { changes= {} hops= [] errorCallbackToken=null taskFragmentOrganizer=null }
12-10 17:10:16.242  2617  2958 V WindowManager:     info={id=751 t=OPEN f=0x0 trk=0 r=[0@Point(0, 0)] c=[
12-10 17:10:16.242  2617  2958 V WindowManager:         {WCT{RemoteToken{e4ae496 Task{23dc509 #5515 type=standard A=10154:com.sabaphru.Saunje}}} m=OPEN f=NONE leash=Surface(name=Task=5515)/@0x800aa58 sb=Rect(0, 0 - 720, 1560) eb=Rect(0, 0 - 720, 1560) epz=Point(720, 1560) d=0 taskParent=-1 inset=Rect(0, 56 - 0, 90) dim=true},
12-10 17:10:16.242  2617  2958 V WindowManager:         {WCT{RemoteToken{184b388 Task{2b8640a #1 type=home}}} m=TO_BACK f=SHOW_WALLPAPER|EDGE_EXTENSION_RESTRICTION leash=Surface(name=Task=1)/@0x23c993c sb=Rect(0, 0 - 720, 1560) eb=Rect(0, 0 - 720, 1560) epz=Point(720, 1560) d=0 taskParent=-1 inset=Rect(0, 56 - 0, 90)},
